Symbol="EVGO"
AssetType="Common Stock"
Name="Evgo Inc"
Description="None"
CIK="1821159"
Exchange="NASDAQ"
Currency="USD"
Country="USA"
Sector="REAL ESTATE & CONSTRUCTION"
Industry="BLANK CHECKS"
Address="300 CARNEGIE CENTER, SUITE 150, PRINCETON, NJ, US"
FiscalYearEnd="December"
LatestQuarter="2023-06-30"
MarketCapitalization="1245009000"
EBITDA="-115978000"
PERatio="None"
PEGRatio="None"
BookValue="-1.877"
DividendPerShare="0"
DividendYield="0"
EPS="-0.37"
RevenuePerShareTTM="1.545"
ProfitMargin="-0.332"
OperatingMarginTTM="-1.363"
ReturnOnAssetsTTM="-0.124"
ReturnOnEquityTTM="-0.241"
RevenueTTM="113664000"
GrossProfitTTM="13128000"
DilutedEPSTTM="-0.37"
QuarterlyEarningsGrowthYOY="-0.896"
QuarterlyRevenueGrowthYOY="4.57"
AnalystTargetPrice="6.92"
TrailingPE="-"
ForwardPE="-"
PriceToSalesRatioTTM="41.62"
PriceToBookRatio="90.14"
EVToRevenue="3.68"
EVToEBITDA="-1.225"
Beta="1.947"
num_52WeekHigh="10.55"
num_52WeekLow="3.45"
num_50DayMovingAverage="4.277"
num_200DayMovingAverage="5.39"
SharesOutstanding="102049000"
DividendDate="None"
ExDividendDate="None"
symbol="EVGO"
open="4.13"
high="4.28"
low="4.08"
price="4.18"
volume="2086422.00"
latest_trading_day="2023-08-18"
previous_close="4.18"
change="0.00"
change_percent="0.0000%"
aroon_positive_momentum_days="42"
aroon_negative_momentum_days="0"
trend_strength="Absent or Weak Trend"
buying_signal="Weak Buy Signal"
volume_analysis="Target Volume"
value_analysis="Expected Range"
Aroon_change="FALSE"
Aroon_momentum="42"
Volume_recent_avg="3975282"
Change_recent_avg="-0.02"
Delta_recent_avg="0.33"
Variance_recent_avg="0.16"
Change_ratio_recent_avg="-0.36"
RSI_change="FALSE"
ADX_change="FALSE"

event="FALSE"
Aroon_signal="positive"
Aroon_change="FALSE"
Aroon_momentum_positive="42"
Aroon_momentum_negative="58"
image_negative_thumbnail_id_1="1113"
image_negative_url_1="https://hehge.com/wp-content/uploads/sites/16/2023/06/MI_Finance_Negative_Landscape_0146.jpeg"
image_negative_thumbnail_id_2="1120"
image_negative_url_2="https://hehge.com/wp-content/uploads/sites/16/2023/06/MI_Finance_Negative_Landscape_0153.jpeg"
image_neutral_thumbnail_id_1="533"
image_neutral_url_1="https://hehge.com/wp-content/uploads/sites/16/2023/06/MI_Finance_Neutral_Landscape_0066.jpeg"
image_neutral_thumbnail_id_2="571"
image_neutral_url_2="https://hehge.com/wp-content/uploads/sites/16/2023/06/MI_Finance_Neutral_Landscape_0028.jpeg"
image_positive_thumbnail_id_1="656"
image_positive_url_1="https://hehge.com/wp-content/uploads/sites/16/2023/06/MI_Finance_Positive_Landscape_0052.jpeg"
image_positive_thumbnail_id_2="657"
image_positive_url_2="https://hehge.com/wp-content/uploads/sites/16/2023/06/MI_Finance_Positive_Landscape_0051.jpeg"
image_professor_thumbnail_id_1="1190"
image_professor_url_1="https://hehge.com/wp-content/uploads/sites/16/2023/06/MI_Finance_Professor_Landscape_0024.jpeg"
image_professor_thumbnail_id_2="1196"
image_professor_url_2="https://hehge.com/wp-content/uploads/sites/16/2023/06/MI_Finance_Professor_Landscape_0030.jpeg"
