Symbol="SMAP"
AssetType="Common Stock"
Name="Sportsmap Tech Acquisition Corp"
Description="None"
CIK="1863990"
Exchange="NASDAQ"
Currency="USD"
Country="USA"
Sector="REAL ESTATE & CONSTRUCTION"
Industry="BLANK CHECKS"
Address="5353 WEST ALABAMA SUITE 415, HOUSTON, TX, US"
FiscalYearEnd="December"
LatestQuarter="2023-03-31"
MarketCapitalization="55271000"
EBITDA="None"
PERatio="118.44"
PEGRatio="None"
BookValue="-0.023"
DividendPerShare="0"
DividendYield="0"
EPS="0.09"
RevenuePerShareTTM="0"
ProfitMargin="0"
OperatingMarginTTM="0"
ReturnOnAssetsTTM="-0.0073"
ReturnOnEquityTTM="0.0543"
RevenueTTM="0"
GrossProfitTTM="0"
DilutedEPSTTM="0.09"
QuarterlyEarningsGrowthYOY="0"
QuarterlyRevenueGrowthYOY="0"
AnalystTargetPrice="None"
TrailingPE="118.44"
ForwardPE="-"
PriceToSalesRatioTTM="-"
PriceToBookRatio="-"
EVToRevenue="-"
EVToEBITDA="-"
Beta="None"
num_52WeekHigh="13.45"
num_52WeekLow="9.95"
num_50DayMovingAverage="10.61"
num_200DayMovingAverage="10.4"
SharesOutstanding="5184900"
DividendDate="None"
ExDividendDate="None"
symbol="SMAP"
open="10.70"
high="10.70"
low="10.70"
price="10.70"
volume="0.00"
latest_trading_day="2023-08-11"
previous_close="10.70"
change="0.00"
change_percent="0.0000%"
aroon_positive_momentum_days="86"
aroon_negative_momentum_days="0"
trend_strength="Absent or Weak Trend"
buying_signal="Strong Buy Signal"
volume_analysis="Target Volume"
value_analysis="Expected Range"
Aroon_change="FALSE"
Aroon_momentum="86"
Volume_recent_avg="24479"
Change_recent_avg="0.01"
Delta_recent_avg="0.05"
Variance_recent_avg="0.02"
Change_ratio_recent_avg="-0.05"
RSI_change="FALSE"
ADX_change="FALSE"

event="FALSE"
Aroon_signal="positive"
Aroon_change="FALSE"
Aroon_momentum_positive="86"
Aroon_momentum_negative="14"
image_negative_thumbnail_id_1="1088"
image_negative_url_1="https://hehge.com/wp-content/uploads/sites/16/2023/06/MI_Finance_Negative_Landscape_0121.jpeg"
image_negative_thumbnail_id_2="492"
image_negative_url_2="https://hehge.com/wp-content/uploads/sites/16/2023/06/MI_Finance_Negative_Landscape_0113.jpeg"
image_neutral_thumbnail_id_1="562"
image_neutral_url_1="https://hehge.com/wp-content/uploads/sites/16/2023/06/MI_Finance_Neutral_Landscape_0037.jpeg"
image_neutral_thumbnail_id_2="540"
image_neutral_url_2="https://hehge.com/wp-content/uploads/sites/16/2023/06/MI_Finance_Neutral_Landscape_0059.jpeg"
image_positive_thumbnail_id_1="960"
image_positive_url_1="https://hehge.com/wp-content/uploads/sites/16/2023/06/MI_Finance_Positive_Landscape_0122.jpeg"
image_positive_thumbnail_id_2="992"
image_positive_url_2="https://hehge.com/wp-content/uploads/sites/16/2023/06/MI_Finance_Positive_Landscape_0154.jpeg"
image_professor_thumbnail_id_1="1170"
image_professor_url_1="https://hehge.com/wp-content/uploads/sites/16/2023/06/MI_Finance_Professor_Landscape_0004.jpeg"
image_professor_thumbnail_id_2="1199"
image_professor_url_2="https://hehge.com/wp-content/uploads/sites/16/2023/06/MI_Finance_Professor_Landscape_0033.jpeg"
