Symbol="CBRG"
AssetType="Common Stock"
Name="Chain Bridge I"
Description="Chain Bridge I focuses on effecting a merger, exchange of shares, acquisition of assets, purchase of shares, reorganization or similar business combination with one or more companies or entities. The company is headquartered in Burlingame, California."
CIK="1845149"
Exchange="NASDAQ"
Currency="USD"
Country="USA"
Sector="REAL ESTATE & CONSTRUCTION"
Industry="BLANK CHECKS"
Address="100 EL CAMINO REAL, GROUND SUITE, BURLINGAME, CA, US"
FiscalYearEnd="December"
LatestQuarter="2023-06-30"
MarketCapitalization="105421000"
EBITDA="None"
PERatio="29.69"
PEGRatio="None"
BookValue="-0.341"
DividendPerShare="0"
DividendYield="0"
EPS="0.36"
RevenuePerShareTTM="0"
ProfitMargin="0"
OperatingMarginTTM="0"
ReturnOnAssetsTTM="-0.0074"
ReturnOnEquityTTM="0"
RevenueTTM="0"
GrossProfitTTM="0"
DilutedEPSTTM="0.36"
QuarterlyEarningsGrowthYOY="-0.158"
QuarterlyRevenueGrowthYOY="0"
AnalystTargetPrice="None"
TrailingPE="29.69"
ForwardPE="-"
PriceToSalesRatioTTM="-"
PriceToBookRatio="1.27"
EVToRevenue="-"
EVToEBITDA="-274.09"
Beta="None"
num_52WeekHigh="10.99"
num_52WeekLow="9.65"
num_50DayMovingAverage="10.54"
num_200DayMovingAverage="10.4"
SharesOutstanding="4112100"
DividendDate="None"
ExDividendDate="None"
symbol="CBRG"
open="10.70"
high="10.84"
low="10.70"
price="10.76"
volume="259340.00"
latest_trading_day="2023-08-29"
previous_close="10.69"
change="0.07"
change_percent="0.6595%"
aroon_positive_momentum_days="35"
aroon_negative_momentum_days="0"
trend_strength="Absent or Weak Trend"
buying_signal="Strong Buy Signal"
volume_analysis="Trending Low"
value_analysis="Bearish Trend"
Aroon_change="FALSE"
Aroon_momentum="35"
Volume_recent_avg="89410"
Change_recent_avg="-0.02"
Delta_recent_avg="0.04"
Variance_recent_avg="0.02"
Change_ratio_recent_avg="-0.2"
RSI_change="FALSE"
ADX_change="FALSE"

event="FALSE"
Aroon_signal="positive"
Aroon_change="FALSE"
Aroon_momentum_positive="35"
Aroon_momentum_negative="65"
image_negative_thumbnail_id_1="126"
image_negative_url_1="https://hehge.com/wp-content/uploads/sites/16/2023/05/MI_Finance_Negative_Landscape_0050.jpeg"
image_negative_thumbnail_id_2="150"
image_negative_url_2="https://hehge.com/wp-content/uploads/sites/16/2023/05/MI_Finance_Negative_Landscape_0026.jpeg"
image_neutral_thumbnail_id_1="542"
image_neutral_url_1="https://hehge.com/wp-content/uploads/sites/16/2023/06/MI_Finance_Neutral_Landscape_0057.jpeg"
image_neutral_thumbnail_id_2="533"
image_neutral_url_2="https://hehge.com/wp-content/uploads/sites/16/2023/06/MI_Finance_Neutral_Landscape_0066.jpeg"
image_positive_thumbnail_id_1="980"
image_positive_url_1="https://hehge.com/wp-content/uploads/sites/16/2023/06/MI_Finance_Positive_Landscape_0142.jpeg"
image_positive_thumbnail_id_2="996"
image_positive_url_2="https://hehge.com/wp-content/uploads/sites/16/2023/06/MI_Finance_Positive_Landscape_0158.jpeg"
image_professor_thumbnail_id_1="1183"
image_professor_url_1="https://hehge.com/wp-content/uploads/sites/16/2023/06/MI_Finance_Professor_Landscape_0017.jpeg"
image_professor_thumbnail_id_2="1189"
image_professor_url_2="https://hehge.com/wp-content/uploads/sites/16/2023/06/MI_Finance_Professor_Landscape_0023.jpeg"
