Symbol="HCDI"
AssetType="Common Stock"
Name="Harbor Custom Development Inc"
Description="Harbor Custom Development, Inc. is engaged in the real estate development business in the Puget Sound region of western Washington. The company is headquartered in Gig Harbor, Washington."
CIK="1784567"
Exchange="NASDAQ"
Currency="USD"
Country="USA"
Sector="REAL ESTATE & CONSTRUCTION"
Industry="OPERATIVE BUILDERS"
Address="11505 BURNHAM DR. NW, SUITE 301, GIG HARBOR, WA, US"
FiscalYearEnd="December"
LatestQuarter="2023-03-31"
MarketCapitalization="2339800"
EBITDA="-22686800"
PERatio="None"
PEGRatio="None"
BookValue="8.14"
DividendPerShare="0"
DividendYield="0"
EPS="-46.59"
RevenuePerShareTTM="50.4"
ProfitMargin="-0.651"
OperatingMarginTTM="-0.663"
ReturnOnAssetsTTM="-0.07"
ReturnOnEquityTTM="-0.278"
RevenueTTM="36014300"
GrossProfitTTM="21933300"
DilutedEPSTTM="-46.59"
QuarterlyEarningsGrowthYOY="0"
QuarterlyRevenueGrowthYOY="-0.679"
AnalystTargetPrice="12"
TrailingPE="-"
ForwardPE="-"
PriceToSalesRatioTTM="0.105"
PriceToBookRatio="0.308"
EVToRevenue="2.357"
EVToEBITDA="87.39"
Beta="0.435"
num_52WeekHigh="29"
num_52WeekLow="2.42"
num_50DayMovingAverage="3.287"
num_200DayMovingAverage="8.31"
SharesOutstanding="893040"
DividendDate="None"
ExDividendDate="None"
symbol="HCDI"
open="2.65"
high="2.66"
low="2.46"
price="2.55"
volume="94555.00"
latest_trading_day="2023-07-31"
previous_close="2.63"
change="-0.08"
change_percent="-3.0418%"
aroon_positive_momentum_days="0"
aroon_negative_momentum_days="70"
trend_strength="Strong Trend"
buying_signal="Weak Sell Signal"
volume_analysis="Target Volume"
value_analysis="Expected Range"
Aroon_change="FALSE"
Aroon_momentum="30"
Volume_recent_avg="455610"
Change_recent_avg="0.01"
Delta_recent_avg="0.88"
Variance_recent_avg="0.44"
Change_ratio_recent_avg="-0.86"
RSI_change="FALSE"
ADX_change="FALSE"

event="FALSE"
Aroon_signal="negative"
Aroon_change="FALSE"
Aroon_momentum_positive="30"
Aroon_momentum_negative="70"
image_negative_thumbnail_id_1="162"
image_negative_url_1="https://hehge.com/wp-content/uploads/sites/16/2023/05/MI_Finance_Negative_Landscape_0014.jpeg"
image_negative_thumbnail_id_2="520"
image_negative_url_2="https://hehge.com/wp-content/uploads/sites/16/2023/06/MI_Finance_Negative_Landscape_0085.jpeg"
image_neutral_thumbnail_id_1="570"
image_neutral_url_1="https://hehge.com/wp-content/uploads/sites/16/2023/06/MI_Finance_Neutral_Landscape_0029.jpeg"
image_neutral_thumbnail_id_2="532"
image_neutral_url_2="https://hehge.com/wp-content/uploads/sites/16/2023/06/MI_Finance_Neutral_Landscape_0067.jpeg"
image_positive_thumbnail_id_1="998"
image_positive_url_1="https://hehge.com/wp-content/uploads/sites/16/2023/06/MI_Finance_Positive_Landscape_0160.jpeg"
image_positive_thumbnail_id_2="982"
image_positive_url_2="https://hehge.com/wp-content/uploads/sites/16/2023/06/MI_Finance_Positive_Landscape_0144.jpeg"
image_professor_thumbnail_id_1="1183"
image_professor_url_1="https://hehge.com/wp-content/uploads/sites/16/2023/06/MI_Finance_Professor_Landscape_0017.jpeg"
image_professor_thumbnail_id_2="1176"
image_professor_url_2="https://hehge.com/wp-content/uploads/sites/16/2023/06/MI_Finance_Professor_Landscape_0010.jpeg"
