Symbol="GATEU"
AssetType="Common Stock"
Name="Marblegate Acquisition Corp Unit"
Description="None"
CIK="1838513"
Exchange="NASDAQ"
Currency="USD"
Country="USA"
Sector="REAL ESTATE & CONSTRUCTION"
Industry="BLANK CHECKS"
Address="5 GREENWICH OFFICE PARK, SUITE 400, GREENWICH, CT, US"
FiscalYearEnd="December"
LatestQuarter="2023-03-31"
MarketCapitalization="None"
EBITDA="None"
PERatio="None"
PEGRatio="None"
BookValue="-1.499"
DividendPerShare="0"
DividendYield="0"
EPS="-0.015"
RevenuePerShareTTM="0"
ProfitMargin="0"
OperatingMarginTTM="0"
ReturnOnAssetsTTM="-0.0067"
ReturnOnEquityTTM="0"
RevenueTTM="0"
GrossProfitTTM="0"
DilutedEPSTTM="-0.015"
QuarterlyEarningsGrowthYOY="0"
QuarterlyRevenueGrowthYOY="0"
AnalystTargetPrice="None"
TrailingPE="-"
ForwardPE="-"
PriceToSalesRatioTTM="-"
PriceToBookRatio="-"
EVToRevenue="-"
EVToEBITDA="-"
Beta="None"
num_52WeekHigh="10.83"
num_52WeekLow="9.87"
num_50DayMovingAverage="10.27"
num_200DayMovingAverage="10.14"
SharesOutstanding="0"
DividendDate="None"
ExDividendDate="None"
symbol="GATEU"
open="10.30"
high="10.30"
low="10.30"
price="10.30"
volume="0.00"
latest_trading_day="2023-08-07"
previous_close="10.30"
change="0.00"
change_percent="0.0000%"
aroon_positive_momentum_days="86"
aroon_negative_momentum_days="0"
trend_strength="Very Strong Trend"
buying_signal="Strong Buy Signal"
volume_analysis="Target Volume"
value_analysis="Expected Range"
Aroon_change="FALSE"
Aroon_momentum="86"
Volume_recent_avg="494"
Change_recent_avg="0.01"
Delta_recent_avg="0.04"
Variance_recent_avg="0.02"
Change_ratio_recent_avg="0.01"
RSI_change="FALSE"
ADX_change="FALSE"

event="FALSE"
Aroon_signal="positive"
Aroon_change="FALSE"
Aroon_momentum_positive="86"
Aroon_momentum_negative="14"
image_negative_thumbnail_id_1="1104"
image_negative_url_1="https://hehge.com/wp-content/uploads/sites/16/2023/06/MI_Finance_Negative_Landscape_0137.jpeg"
image_negative_thumbnail_id_2="512"
image_negative_url_2="https://hehge.com/wp-content/uploads/sites/16/2023/06/MI_Finance_Negative_Landscape_0093.jpeg"
image_neutral_thumbnail_id_1="565"
image_neutral_url_1="https://hehge.com/wp-content/uploads/sites/16/2023/06/MI_Finance_Neutral_Landscape_0034.jpeg"
image_neutral_thumbnail_id_2="597"
image_neutral_url_2="https://hehge.com/wp-content/uploads/sites/16/2023/06/MI_Finance_Neutral_Landscape_0002.jpeg"
image_positive_thumbnail_id_1="678"
image_positive_url_1="https://hehge.com/wp-content/uploads/sites/16/2023/06/MI_Finance_Positive_Landscape_0030.jpeg"
image_positive_thumbnail_id_2="697"
image_positive_url_2="https://hehge.com/wp-content/uploads/sites/16/2023/06/MI_Finance_Positive_Landscape_0011.jpeg"
image_professor_thumbnail_id_1="1175"
image_professor_url_1="https://hehge.com/wp-content/uploads/sites/16/2023/06/MI_Finance_Professor_Landscape_0009.jpeg"
image_professor_thumbnail_id_2="1172"
image_professor_url_2="https://hehge.com/wp-content/uploads/sites/16/2023/06/MI_Finance_Professor_Landscape_0006.jpeg"
