Symbol="BPYPO"
AssetType="Preferred Stock"
Name="Brookfield Property Partners LP"
Description="Brookfield Property Partners, through Brookfield Property Partners LP and its subsidiary Brookfield Property REIT Inc., is one of the world's leading real estate companies, with approximately $ 88 billion in total assets. "
CIK="1545772"
Exchange="NASDAQ"
Currency="USD"
Country="USA"
Sector="REAL ESTATE & CONSTRUCTION"
Industry="REAL ESTATE"
Address="73 FRONT STREET, HAMILTON, BM"
FiscalYearEnd="December"
LatestQuarter="2023-03-31"
MarketCapitalization="None"
EBITDA="4206000000"
PERatio="6.48"
PEGRatio="None"
BookValue="26.96"
DividendPerShare="1.4"
DividendYield="0.119"
EPS="2.196"
RevenuePerShareTTM="26.22"
ProfitMargin="-0.0463"
OperatingMarginTTM="0.473"
ReturnOnAssetsTTM="0.0206"
ReturnOnEquityTTM="-0.0243"
RevenueTTM="8225000000"
GrossProfitTTM="5104000000"
DilutedEPSTTM="2.196"
QuarterlyEarningsGrowthYOY="0.652"
QuarterlyRevenueGrowthYOY="0.069"
AnalystTargetPrice="None"
TrailingPE="6.48"
ForwardPE="-"
PriceToSalesRatioTTM="-"
PriceToBookRatio="-"
EVToRevenue="-"
EVToEBITDA="-"
Beta="1.438"
num_52WeekHigh="20.9"
num_52WeekLow="11.85"
num_50DayMovingAverage="13.37"
num_200DayMovingAverage="15.97"
SharesOutstanding="0"
DividendDate="2023-06-30"
ExDividendDate="2023-05-31"
symbol="BPYPO"
open="14.03"
high="14.14"
low="13.65"
price="13.93"
volume="12281.00"
latest_trading_day="2023-07-06"
previous_close="14.24"
change="-0.32"
change_percent="-2.2121%"
aroon_positive_momentum_days="0"
aroon_negative_momentum_days="67"
trend_strength="Absent or Weak Trend"
buying_signal="Weak Sell Signal"
volume_analysis="Target Volume"
value_analysis="Expected Range"
Aroon_change="FALSE"
Aroon_momentum="33"
Volume_recent_avg="23151"
Change_recent_avg="-0.06"
Delta_recent_avg="0.41"
Variance_recent_avg="0.2"
Change_ratio_recent_avg="-0.36"
RSI_change="FALSE"
ADX_change="FALSE"

event="FALSE"
Aroon_signal="negative"
Aroon_change="FALSE"
Aroon_momentum_positive="33"
Aroon_momentum_negative="67"
image_negative_thumbnail_id_1="1142"
image_negative_url_1="https://hehge.com/wp-content/uploads/sites/16/2023/06/MI_Finance_Negative_Landscape_0175.jpeg"
image_negative_thumbnail_id_2="1108"
image_negative_url_2="https://hehge.com/wp-content/uploads/sites/16/2023/06/MI_Finance_Negative_Landscape_0141.jpeg"
image_neutral_thumbnail_id_1="547"
image_neutral_url_1="https://hehge.com/wp-content/uploads/sites/16/2023/06/MI_Finance_Neutral_Landscape_0052.jpeg"
image_neutral_thumbnail_id_2="588"
image_neutral_url_2="https://hehge.com/wp-content/uploads/sites/16/2023/06/MI_Finance_Neutral_Landscape_0011.jpeg"
image_positive_thumbnail_id_1="1003"
image_positive_url_1="https://hehge.com/wp-content/uploads/sites/16/2023/06/MI_Finance_Positive_Landscape_0165.jpeg"
image_positive_thumbnail_id_2="626"
image_positive_url_2="https://hehge.com/wp-content/uploads/sites/16/2023/06/MI_Finance_Positive_Landscape_0082.jpeg"
image_professor_thumbnail_id_1="1186"
image_professor_url_1="https://hehge.com/wp-content/uploads/sites/16/2023/06/MI_Finance_Professor_Landscape_0020.jpeg"
image_professor_thumbnail_id_2="1170"
image_professor_url_2="https://hehge.com/wp-content/uploads/sites/16/2023/06/MI_Finance_Professor_Landscape_0004.jpeg"
