Symbol="LAND"
AssetType="Common Stock"
Name="Gladstone Land Corporation"
Description="Founded in 1997, Gladstone Land is a publicly traded real estate investment trust that acquires and owns agricultural land and agriculture-related properties located in major US agricultural markets and rents its properties to unrelated outside farmers. "
CIK="1495240"
Exchange="NASDAQ"
Currency="USD"
Country="USA"
Sector="REAL ESTATE & CONSTRUCTION"
Industry="REAL ESTATE INVESTMENT TRUSTS"
Address="1521 WESTBRANCH DRIVE, SUITE 100, MCLEAN, VA, US"
FiscalYearEnd="December"
LatestQuarter="2023-06-30"
MarketCapitalization="579011000"
EBITDA="71646000"
PERatio="None"
PEGRatio="22.95"
BookValue="20.54"
DividendPerShare="0.55"
DividendYield="0.0341"
EPS="-0.47"
RevenuePerShareTTM="2.595"
ProfitMargin="0.137"
OperatingMarginTTM="0.386"
ReturnOnAssetsTTM="0.0155"
ReturnOnEquityTTM="0.0181"
RevenueTTM="91308000"
GrossProfitTTM="78037000"
DilutedEPSTTM="-0.47"
QuarterlyEarningsGrowthYOY="0"
QuarterlyRevenueGrowthYOY="0.044"
AnalystTargetPrice="19.42"
TrailingPE="-"
ForwardPE="-"
PriceToSalesRatioTTM="7.56"
PriceToBookRatio="0.955"
EVToRevenue="14.65"
EVToEBITDA="19.53"
Beta="1.018"
num_52WeekHigh="24.19"
num_52WeekLow="14.82"
num_50DayMovingAverage="16.67"
num_200DayMovingAverage="17.65"
SharesOutstanding="35714000"
DividendDate="2023-09-29"
ExDividendDate="2023-08-22"
symbol="LAND"
open="15.98"
high="16.27"
low="15.98"
price="16.14"
volume="97686.00"
latest_trading_day="2023-08-16"
previous_close="15.96"
change="0.18"
change_percent="1.1278%"
aroon_positive_momentum_days="50"
aroon_negative_momentum_days="0"
trend_strength="Absent or Weak Trend"
buying_signal="Weak Buy Signal"
volume_analysis="Target Volume"
value_analysis="Expected Range"
Aroon_change="FALSE"
Aroon_momentum="50"
Volume_recent_avg="177461"
Change_recent_avg="0.01"
Delta_recent_avg="0.38"
Variance_recent_avg="0.19"
Change_ratio_recent_avg="0.01"
RSI_change="FALSE"
ADX_change="FALSE"

event="FALSE"
Aroon_signal="positive"
Aroon_change="FALSE"
Aroon_momentum_positive="50"
Aroon_momentum_negative="50"
image_negative_thumbnail_id_1="1127"
image_negative_url_1="https://hehge.com/wp-content/uploads/sites/16/2023/06/MI_Finance_Negative_Landscape_0160.jpeg"
image_negative_thumbnail_id_2="167"
image_negative_url_2="https://hehge.com/wp-content/uploads/sites/16/2023/05/MI_Finance_Negative_Landscape_0009.jpeg"
image_neutral_thumbnail_id_1="588"
image_neutral_url_1="https://hehge.com/wp-content/uploads/sites/16/2023/06/MI_Finance_Neutral_Landscape_0011.jpeg"
image_neutral_thumbnail_id_2="565"
image_neutral_url_2="https://hehge.com/wp-content/uploads/sites/16/2023/06/MI_Finance_Neutral_Landscape_0034.jpeg"
image_positive_thumbnail_id_1="1000"
image_positive_url_1="https://hehge.com/wp-content/uploads/sites/16/2023/06/MI_Finance_Positive_Landscape_0162.jpeg"
image_positive_thumbnail_id_2="604"
image_positive_url_2="https://hehge.com/wp-content/uploads/sites/16/2023/06/MI_Finance_Positive_Landscape_0104.jpeg"
image_professor_thumbnail_id_1="1197"
image_professor_url_1="https://hehge.com/wp-content/uploads/sites/16/2023/06/MI_Finance_Professor_Landscape_0031.jpeg"
image_professor_thumbnail_id_2="1190"
image_professor_url_2="https://hehge.com/wp-content/uploads/sites/16/2023/06/MI_Finance_Professor_Landscape_0024.jpeg"
