Symbol="APAC"
AssetType="Common Stock"
Name="Stonebridge Acquisition Corp"
Description="StoneBridge Acquisition Corporation intends to effect a merger, share exchange, asset acquisition, share purchase, reorganization or similar business combination with one or more companies. The company is headquartered in New York, New York."
CIK="1844981"
Exchange="NASDAQ"
Currency="USD"
Country="USA"
Sector="REAL ESTATE & CONSTRUCTION"
Industry="BLANK CHECKS"
Address="1104 LINNEA LN., SOUTHLAKE, TX, US"
FiscalYearEnd="December"
LatestQuarter="2023-06-30"
MarketCapitalization="82057000"
EBITDA="None"
PERatio="46.04"
PEGRatio="None"
BookValue="-1.602"
DividendPerShare="0"
DividendYield="0"
EPS="0.24"
RevenuePerShareTTM="0"
ProfitMargin="0"
OperatingMarginTTM="0"
ReturnOnAssetsTTM="-0.0093"
ReturnOnEquityTTM="0"
RevenueTTM="0"
GrossProfitTTM="0"
DilutedEPSTTM="0.24"
QuarterlyEarningsGrowthYOY="-0.385"
QuarterlyRevenueGrowthYOY="0"
AnalystTargetPrice="None"
TrailingPE="46.04"
ForwardPE="-"
PriceToSalesRatioTTM="-"
PriceToBookRatio="1.315"
EVToRevenue="-"
EVToEBITDA="-"
Beta="None"
num_52WeekHigh="11.31"
num_52WeekLow="10.03"
num_50DayMovingAverage="10.91"
num_200DayMovingAverage="10.57"
SharesOutstanding="2426000"
DividendDate="None"
ExDividendDate="None"
symbol="APAC"
open="11.04"
high="11.04"
low="11.04"
price="11.04"
volume="256.00"
latest_trading_day="2023-08-28"
previous_close="11.05"
change="-0.01"
change_percent="-0.0986%"
aroon_positive_momentum_days="100"
aroon_negative_momentum_days="0"
trend_strength="Very Strong Trend"
buying_signal="Weak Buy Signal"
volume_analysis="Trending Low"
value_analysis="Bearish Trend"
Aroon_change="FALSE"
Aroon_momentum="100"
Volume_recent_avg="8931"
Change_recent_avg="0.01"
Delta_recent_avg="0.02"
Variance_recent_avg="0.01"
Change_ratio_recent_avg="-0.02"
RSI_change="FALSE"
ADX_change="FALSE"
Aroon_signal="positive"
Aroon_change="FALSE"
Aroon_momentum_positive="100"
Aroon_momentum_negative="0"
image_negative_thumbnail_id_1="116"
image_negative_url_1="https://hehge.com/wp-content/uploads/sites/16/2023/05/MI_Finance_Negative_Landscape_0060.jpeg"
image_negative_thumbnail_id_2="509"
image_negative_url_2="https://hehge.com/wp-content/uploads/sites/16/2023/06/MI_Finance_Negative_Landscape_0096.jpeg"
image_neutral_thumbnail_id_1="586"
image_neutral_url_1="https://hehge.com/wp-content/uploads/sites/16/2023/06/MI_Finance_Neutral_Landscape_0013.jpeg"
image_neutral_thumbnail_id_2="536"
image_neutral_url_2="https://hehge.com/wp-content/uploads/sites/16/2023/06/MI_Finance_Neutral_Landscape_0063.jpeg"
image_positive_thumbnail_id_1="1002"
image_positive_url_1="https://hehge.com/wp-content/uploads/sites/16/2023/06/MI_Finance_Positive_Landscape_0164.jpeg"
image_positive_thumbnail_id_2="1015"
image_positive_url_2="https://hehge.com/wp-content/uploads/sites/16/2023/06/MI_Finance_Positive_Landscape_0177.jpeg"
image_professor_thumbnail_id_1="1184"
image_professor_url_1="https://hehge.com/wp-content/uploads/sites/16/2023/06/MI_Finance_Professor_Landscape_0018.jpeg"
image_professor_thumbnail_id_2="1203"
image_professor_url_2="https://hehge.com/wp-content/uploads/sites/16/2023/06/MI_Finance_Professor_Landscape_0037.jpeg"
