Symbol="EPR"
AssetType="Common Stock"
Name="EPR Properties"
Description="EPR Properties is a leading experiential net lease real estate investment trust (REIT), specializing in select and durable experimental properties in the real estate industry. "
CIK="1045450"
Exchange="NYSE"
Currency="USD"
Country="USA"
Sector="REAL ESTATE & CONSTRUCTION"
Industry="REAL ESTATE INVESTMENT TRUSTS"
Address="909 WALNUT STREET, SUITE 200, KANSAS CITY, MO, US"
FiscalYearEnd="December"
LatestQuarter="2023-06-30"
MarketCapitalization="3380559000"
EBITDA="540357000"
PERatio="24.13"
PEGRatio="2.93"
BookValue="32.96"
DividendPerShare="3.3"
DividendYield="0.0735"
EPS="1.86"
RevenuePerShareTTM="9.03"
ProfitMargin="0.242"
OperatingMarginTTM="0.55"
ReturnOnAssetsTTM="0.0406"
ReturnOnEquityTTM="0.0648"
RevenueTTM="678013000"
GrossProfitTTM="599376000"
DilutedEPSTTM="1.86"
QuarterlyEarningsGrowthYOY="-0.783"
QuarterlyRevenueGrowthYOY="0.063"
AnalystTargetPrice="49.17"
TrailingPE="24.13"
ForwardPE="17.45"
PriceToSalesRatioTTM="4.832"
PriceToBookRatio="1.228"
EVToRevenue="9.41"
EVToEBITDA="12.69"
Beta="1.661"
num_52WeekHigh="47.41"
num_52WeekLow="32.31"
num_50DayMovingAverage="44.7"
num_200DayMovingAverage="41.57"
SharesOutstanding="75279000"
DividendDate="2023-09-15"
ExDividendDate="2023-08-30"
symbol="EPR"
open="44.60"
high="45.16"
low="44.45"
price="44.88"
volume="508468.00"
latest_trading_day="2023-08-30"
previous_close="44.88"
change="0.00"
change_percent="0.0000%"
aroon_positive_momentum_days="0"
aroon_negative_momentum_days="18"
trend_strength="Absent or Weak Trend"
buying_signal="Weak Sell Signal"
volume_analysis="Target Volume"
value_analysis="Expected Range"
Aroon_change="TRUE"
Aroon_momentum="82"
Volume_recent_avg="570218"
Change_recent_avg="0.07"
Delta_recent_avg="0.89"
Variance_recent_avg="0.45"
Change_ratio_recent_avg="0.16"
RSI_change="FALSE"
ADX_change="FALSE"
Aroon_signal="negative"
Aroon_change="TRUE"
Aroon_momentum_positive="82"
Aroon_momentum_negative="18"
image_negative_thumbnail_id_1="92"
image_negative_url_1="https://hehge.com/wp-content/uploads/sites/16/2023/05/MI_Finance_Negative_Landscape_0084.jpeg"
image_negative_thumbnail_id_2="501"
image_negative_url_2="https://hehge.com/wp-content/uploads/sites/16/2023/06/MI_Finance_Negative_Landscape_0104.jpeg"
image_neutral_thumbnail_id_1="565"
image_neutral_url_1="https://hehge.com/wp-content/uploads/sites/16/2023/06/MI_Finance_Neutral_Landscape_0034.jpeg"
image_neutral_thumbnail_id_2="594"
image_neutral_url_2="https://hehge.com/wp-content/uploads/sites/16/2023/06/MI_Finance_Neutral_Landscape_0005.jpeg"
image_positive_thumbnail_id_1="650"
image_positive_url_1="https://hehge.com/wp-content/uploads/sites/16/2023/06/MI_Finance_Positive_Landscape_0058.jpeg"
image_positive_thumbnail_id_2="683"
image_positive_url_2="https://hehge.com/wp-content/uploads/sites/16/2023/06/MI_Finance_Positive_Landscape_0025.jpeg"
image_professor_thumbnail_id_1="1176"
image_professor_url_1="https://hehge.com/wp-content/uploads/sites/16/2023/06/MI_Finance_Professor_Landscape_0010.jpeg"
image_professor_thumbnail_id_2="1184"
image_professor_url_2="https://hehge.com/wp-content/uploads/sites/16/2023/06/MI_Finance_Professor_Landscape_0018.jpeg"
