Symbol="OPAL"
AssetType="Common Stock"
Name="OPAL Fuels Inc"
Description="None"
CIK="1842279"
Exchange="NASDAQ"
Currency="USD"
Country="USA"
Sector="REAL ESTATE & CONSTRUCTION"
Industry="BLANK CHECKS"
Address="200 CLARENDON STREET, 55TH FLOOR, BOSTON, MA, US"
FiscalYearEnd="December"
LatestQuarter="2023-03-31"
MarketCapitalization="1178837000"
EBITDA="3232000"
PERatio="114.17"
PEGRatio="None"
BookValue="-29.59"
DividendPerShare="0"
DividendYield="0"
EPS="0.06"
RevenuePerShareTTM="8.29"
ProfitMargin="0.149"
OperatingMarginTTM="-0.0439"
ReturnOnAssetsTTM="-0.0122"
ReturnOnEquityTTM="0.123"
RevenueTTM="229441000"
GrossProfitTTM="63484000"
DilutedEPSTTM="0.06"
QuarterlyEarningsGrowthYOY="0"
QuarterlyRevenueGrowthYOY="-0.124"
AnalystTargetPrice="12.29"
TrailingPE="114.17"
ForwardPE="49.51"
PriceToSalesRatioTTM="5.15"
PriceToBookRatio="2.304"
EVToRevenue="1.737"
EVToEBITDA="8.99"
Beta="0.651"
num_52WeekHigh="12.35"
num_52WeekLow="5.25"
num_50DayMovingAverage="6.77"
num_200DayMovingAverage="7.5"
SharesOutstanding="27694300"
DividendDate="None"
ExDividendDate="None"
symbol="OPAL"
open="7.06"
high="7.35"
low="6.75"
price="6.85"
volume="70363.00"
latest_trading_day="2023-07-07"
previous_close="7.12"
change="-0.27"
change_percent="-3.7921%"
aroon_positive_momentum_days="0"
aroon_negative_momentum_days="63"
trend_strength="Absent or Weak Trend"
buying_signal="Weak Sell Signal"
volume_analysis="Target Volume"
value_analysis="Expected Range"
Aroon_change="FALSE"
Aroon_momentum="37"
Volume_recent_avg="112140"
Change_recent_avg="-0.02"
Delta_recent_avg="0.42"
Variance_recent_avg="0.21"
Change_ratio_recent_avg="-0.4"
RSI_change="FALSE"
ADX_change="FALSE"

event="FALSE"
Aroon_signal="negative"
Aroon_change="FALSE"
Aroon_momentum_positive="37"
Aroon_momentum_negative="63"
image_negative_thumbnail_id_1="130"
image_negative_url_1="https://hehge.com/wp-content/uploads/sites/16/2023/05/MI_Finance_Negative_Landscape_0046.jpeg"
image_negative_thumbnail_id_2="1126"
image_negative_url_2="https://hehge.com/wp-content/uploads/sites/16/2023/06/MI_Finance_Negative_Landscape_0159.jpeg"
image_neutral_thumbnail_id_1="527"
image_neutral_url_1="https://hehge.com/wp-content/uploads/sites/16/2023/06/MI_Finance_Neutral_Landscape_0072.jpeg"
image_neutral_thumbnail_id_2="548"
image_neutral_url_2="https://hehge.com/wp-content/uploads/sites/16/2023/06/MI_Finance_Neutral_Landscape_0051.jpeg"
image_positive_thumbnail_id_1="968"
image_positive_url_1="https://hehge.com/wp-content/uploads/sites/16/2023/06/MI_Finance_Positive_Landscape_0130.jpeg"
image_positive_thumbnail_id_2="607"
image_positive_url_2="https://hehge.com/wp-content/uploads/sites/16/2023/06/MI_Finance_Positive_Landscape_0101.jpeg"
image_professor_thumbnail_id_1="1182"
image_professor_url_1="https://hehge.com/wp-content/uploads/sites/16/2023/06/MI_Finance_Professor_Landscape_0016.jpeg"
image_professor_thumbnail_id_2="1171"
image_professor_url_2="https://hehge.com/wp-content/uploads/sites/16/2023/06/MI_Finance_Professor_Landscape_0005.jpeg"
