Symbol="OPAL"
AssetType="Common Stock"
Name="OPAL Fuels Inc"
Description="None"
CIK="1842279"
Exchange="NASDAQ"
Currency="USD"
Country="USA"
Sector="REAL ESTATE & CONSTRUCTION"
Industry="BLANK CHECKS"
Address="200 CLARENDON STREET, 55TH FLOOR, BOSTON, MA, US"
FiscalYearEnd="December"
LatestQuarter="2023-06-30"
MarketCapitalization="1196046000"
EBITDA="-5077000"
PERatio="9.79"
PEGRatio="None"
BookValue="-27.5"
DividendPerShare="0"
DividendYield="0"
EPS="0.71"
RevenuePerShareTTM="8.35"
ProfitMargin="0.23"
OperatingMarginTTM="-0.0808"
ReturnOnAssetsTTM="-0.0197"
ReturnOnEquityTTM="0.438"
RevenueTTM="231266000"
GrossProfitTTM="63484000"
DilutedEPSTTM="0.71"
QuarterlyEarningsGrowthYOY="2.528"
QuarterlyRevenueGrowthYOY="0.034"
AnalystTargetPrice="13.29"
TrailingPE="9.79"
ForwardPE="49.51"
PriceToSalesRatioTTM="5.15"
PriceToBookRatio="2.304"
EVToRevenue="1.737"
EVToEBITDA="8.99"
Beta="0.663"
num_52WeekHigh="10.79"
num_52WeekLow="5.25"
num_50DayMovingAverage="7.32"
num_200DayMovingAverage="7.3"
SharesOutstanding="27694300"
DividendDate="None"
ExDividendDate="None"
symbol="OPAL"
open="7.07"
high="7.29"
low="7.03"
price="7.21"
volume="23674.00"
latest_trading_day="2023-08-25"
previous_close="6.95"
change="0.26"
change_percent="3.7410%"
aroon_positive_momentum_days="42"
aroon_negative_momentum_days="0"
trend_strength="Absent or Weak Trend"
buying_signal="Strong Buy Signal"
volume_analysis="Target Volume"
value_analysis="Expected Range"
Aroon_change="FALSE"
Aroon_momentum="42"
Volume_recent_avg="91673"
Change_recent_avg="-0.03"
Delta_recent_avg="0.37"
Variance_recent_avg="0.18"
Change_ratio_recent_avg="-0.5"
RSI_change="FALSE"
ADX_change="FALSE"

event="FALSE"
Aroon_signal="positive"
Aroon_change="FALSE"
Aroon_momentum_positive="42"
Aroon_momentum_negative="58"
image_negative_thumbnail_id_1="1160"
image_negative_url_1="https://hehge.com/wp-content/uploads/sites/16/2023/06/MI_Finance_Negative_Landscape_0194.jpeg"
image_negative_thumbnail_id_2="1149"
image_negative_url_2="https://hehge.com/wp-content/uploads/sites/16/2023/06/MI_Finance_Negative_Landscape_0182.jpeg"
image_neutral_thumbnail_id_1="576"
image_neutral_url_1="https://hehge.com/wp-content/uploads/sites/16/2023/06/MI_Finance_Neutral_Landscape_0023.jpeg"
image_neutral_thumbnail_id_2="574"
image_neutral_url_2="https://hehge.com/wp-content/uploads/sites/16/2023/06/MI_Finance_Neutral_Landscape_0025.jpeg"
image_positive_thumbnail_id_1="955"
image_positive_url_1="https://hehge.com/wp-content/uploads/sites/16/2023/06/MI_Finance_Positive_Landscape_0117.jpeg"
image_positive_thumbnail_id_2="1000"
image_positive_url_2="https://hehge.com/wp-content/uploads/sites/16/2023/06/MI_Finance_Positive_Landscape_0162.jpeg"
image_professor_thumbnail_id_1="1178"
image_professor_url_1="https://hehge.com/wp-content/uploads/sites/16/2023/06/MI_Finance_Professor_Landscape_0012.jpeg"
image_professor_thumbnail_id_2="1201"
image_professor_url_2="https://hehge.com/wp-content/uploads/sites/16/2023/06/MI_Finance_Professor_Landscape_0035.jpeg"
