Symbol="NSTD"
AssetType="Common Stock"
Name="Northern Star Investment Corp IV"
Description="Northern Star Investment Corp. The company is headquartered in New York, New York."
CIK="1835814"
Exchange="NYSE"
Currency="USD"
Country="USA"
Sector="REAL ESTATE & CONSTRUCTION"
Industry="BLANK CHECKS"
Address="C/O GRAUBARD MILLER, 405 LEXINGTON AVENUE, NEW YORK, NY, US"
FiscalYearEnd="September"
LatestQuarter="2023-06-30"
MarketCapitalization="149662000"
EBITDA="None"
PERatio="43.88"
PEGRatio="None"
BookValue="-1.326"
DividendPerShare="0"
DividendYield="0"
EPS="0.24"
RevenuePerShareTTM="0"
ProfitMargin="0"
OperatingMarginTTM="0"
ReturnOnAssetsTTM="-0.0023"
ReturnOnEquityTTM="0"
RevenueTTM="0"
GrossProfitTTM="0"
DilutedEPSTTM="0.24"
QuarterlyEarningsGrowthYOY="-0.921"
QuarterlyRevenueGrowthYOY="0"
AnalystTargetPrice="None"
TrailingPE="43.88"
ForwardPE="-"
PriceToSalesRatioTTM="-"
PriceToBookRatio="1.304"
EVToRevenue="-"
EVToEBITDA="-"
Beta="0.013"
num_52WeekHigh="10.73"
num_52WeekLow="9.8"
num_50DayMovingAverage="10.38"
num_200DayMovingAverage="10.17"
SharesOutstanding="13921200"
DividendDate="None"
ExDividendDate="None"
symbol="NSTD"
open="10.45"
high="10.50"
low="10.39"
price="10.50"
volume="10368.00"
latest_trading_day="2023-08-25"
previous_close="10.53"
change="-0.03"
change_percent="-0.2849%"
aroon_positive_momentum_days="62"
aroon_negative_momentum_days="0"
trend_strength="Strong Trend"
buying_signal="Weak Buy Signal"
volume_analysis="Target Volume"
value_analysis="Expected Range"
Aroon_change="FALSE"
Aroon_momentum="62"
Volume_recent_avg="13876"
Change_recent_avg="0.01"
Delta_recent_avg="0.01"
Variance_recent_avg="0.01"
Change_ratio_recent_avg="0.04"
RSI_change="FALSE"
ADX_change="FALSE"

event="FALSE"
Aroon_signal="positive"
Aroon_change="FALSE"
Aroon_momentum_positive="62"
Aroon_momentum_negative="38"
image_negative_thumbnail_id_1="98"
image_negative_url_1="https://hehge.com/wp-content/uploads/sites/16/2023/05/MI_Finance_Negative_Landscape_0078.jpeg"
image_negative_thumbnail_id_2="1094"
image_negative_url_2="https://hehge.com/wp-content/uploads/sites/16/2023/06/MI_Finance_Negative_Landscape_0127.jpeg"
image_neutral_thumbnail_id_1="542"
image_neutral_url_1="https://hehge.com/wp-content/uploads/sites/16/2023/06/MI_Finance_Neutral_Landscape_0057.jpeg"
image_neutral_thumbnail_id_2="544"
image_neutral_url_2="https://hehge.com/wp-content/uploads/sites/16/2023/06/MI_Finance_Neutral_Landscape_0055.jpeg"
image_positive_thumbnail_id_1="968"
image_positive_url_1="https://hehge.com/wp-content/uploads/sites/16/2023/06/MI_Finance_Positive_Landscape_0130.jpeg"
image_positive_thumbnail_id_2="614"
image_positive_url_2="https://hehge.com/wp-content/uploads/sites/16/2023/06/MI_Finance_Positive_Landscape_0094.jpeg"
image_professor_thumbnail_id_1="1180"
image_professor_url_1="https://hehge.com/wp-content/uploads/sites/16/2023/06/MI_Finance_Professor_Landscape_0014.jpeg"
image_professor_thumbnail_id_2="1200"
image_professor_url_2="https://hehge.com/wp-content/uploads/sites/16/2023/06/MI_Finance_Professor_Landscape_0034.jpeg"
