Symbol="NSTD"
AssetType="Common Stock"
Name="Northern Star Investment Corp IV"
Description="Northern Star Investment Corp. The company is headquartered in New York, New York."
CIK="1835814"
Exchange="NYSE"
Currency="USD"
Country="USA"
Sector="REAL ESTATE & CONSTRUCTION"
Industry="BLANK CHECKS"
Address="C/O GRAUBARD MILLER, 405 LEXINGTON AVENUE, NEW YORK, NY, US"
FiscalYearEnd="September"
LatestQuarter="2023-03-31"
MarketCapitalization="146677000"
EBITDA="None"
PERatio="34.4"
PEGRatio="None"
BookValue="-1.298"
DividendPerShare="0"
DividendYield="0"
EPS="0.3"
RevenuePerShareTTM="0"
ProfitMargin="0"
OperatingMarginTTM="0"
ReturnOnAssetsTTM="-0.0014"
ReturnOnEquityTTM="0"
RevenueTTM="0"
GrossProfitTTM="0"
DilutedEPSTTM="0.3"
QuarterlyEarningsGrowthYOY="-0.425"
QuarterlyRevenueGrowthYOY="0"
AnalystTargetPrice="None"
TrailingPE="34.4"
ForwardPE="-"
PriceToSalesRatioTTM="-"
PriceToBookRatio="1.304"
EVToRevenue="-"
EVToEBITDA="-"
Beta="0.0094"
num_52WeekHigh="10.73"
num_52WeekLow="9.8"
num_50DayMovingAverage="10.31"
num_200DayMovingAverage="10.11"
SharesOutstanding="13921200"
DividendDate="None"
ExDividendDate="None"
symbol="NSTD"
open="10.32"
high="10.32"
low="10.32"
price="10.32"
volume="0.00"
latest_trading_day="2023-07-25"
previous_close="10.32"
change="0.00"
change_percent="0.0000%"
aroon_positive_momentum_days="55"
aroon_negative_momentum_days="0"
trend_strength="Strong Trend"
buying_signal="Strong Buy Signal"
volume_analysis="Target Volume"
value_analysis="Expected Range"
Aroon_change="FALSE"
Aroon_momentum="55"
Volume_recent_avg="12837"
Change_recent_avg="0.01"
Delta_recent_avg="0.02"
Variance_recent_avg="0.01"
Change_ratio_recent_avg="-0.03"
RSI_change="FALSE"
ADX_change="FALSE"

event="FALSE"
Aroon_signal="positive"
Aroon_change="FALSE"
Aroon_momentum_positive="55"
Aroon_momentum_negative="45"
image_negative_thumbnail_id_1="166"
image_negative_url_1="https://hehge.com/wp-content/uploads/sites/16/2023/05/MI_Finance_Negative_Landscape_0010.jpeg"
image_negative_thumbnail_id_2="488"
image_negative_url_2="https://hehge.com/wp-content/uploads/sites/16/2023/06/MI_Finance_Negative_Landscape_0117.jpeg"
image_neutral_thumbnail_id_1="559"
image_neutral_url_1="https://hehge.com/wp-content/uploads/sites/16/2023/06/MI_Finance_Neutral_Landscape_0040.jpeg"
image_neutral_thumbnail_id_2="591"
image_neutral_url_2="https://hehge.com/wp-content/uploads/sites/16/2023/06/MI_Finance_Neutral_Landscape_0008.jpeg"
image_positive_thumbnail_id_1="686"
image_positive_url_1="https://hehge.com/wp-content/uploads/sites/16/2023/06/MI_Finance_Positive_Landscape_0022.jpeg"
image_positive_thumbnail_id_2="1008"
image_positive_url_2="https://hehge.com/wp-content/uploads/sites/16/2023/06/MI_Finance_Positive_Landscape_0170.jpeg"
image_professor_thumbnail_id_1="1171"
image_professor_url_1="https://hehge.com/wp-content/uploads/sites/16/2023/06/MI_Finance_Professor_Landscape_0005.jpeg"
image_professor_thumbnail_id_2="1202"
image_professor_url_2="https://hehge.com/wp-content/uploads/sites/16/2023/06/MI_Finance_Professor_Landscape_0036.jpeg"
