Symbol="ATAT"
AssetType="Common Stock"
Name="Atour Lifestyle Holdings Limited American Depositary Shares"
Description="Atour Lifestyle Holdings Limited, operates a chain of hotels in China. The company is headquartered in Shanghai, China."
CIK="1853717"
Exchange="NASDAQ"
Currency="USD"
Country="China"
Sector="REAL ESTATE & CONSTRUCTION"
Industry="HOTELS & MOTELS"
Address="1ST FLOOR, WUZHONG BUILDING, 618 WUZHONG ROAD, SHANGHAI, CHINA"
FiscalYearEnd="December"
LatestQuarter="2023-06-30"
MarketCapitalization="2642048000"
EBITDA="529207000"
PERatio="167.92"
PEGRatio="None"
BookValue="12.12"
DividendPerShare="0"
DividendYield="0.0074"
EPS="0.12"
RevenuePerShareTTM="24.33"
ProfitMargin="0.0901"
OperatingMarginTTM="0.139"
ReturnOnAssetsTTM="0.0548"
ReturnOnEquityTTM="0.254"
RevenueTTM="3162931000"
GrossProfitTTM="727999000"
DilutedEPSTTM="0.12"
QuarterlyEarningsGrowthYOY="2.51"
QuarterlyRevenueGrowthYOY="1.123"
AnalystTargetPrice="27.02"
TrailingPE="167.92"
ForwardPE="-"
PriceToSalesRatioTTM="1.014"
PriceToBookRatio="23.04"
EVToRevenue="1.098"
EVToEBITDA="11.29"
Beta="None"
num_52WeekHigh="29.4"
num_52WeekLow="11"
num_50DayMovingAverage="18.64"
num_200DayMovingAverage="20.39"
SharesOutstanding="131119000"
DividendDate="None"
ExDividendDate="2023-09-05"
symbol="ATAT"
open="21.00"
high="21.14"
low="19.71"
price="20.15"
volume="1174734.00"
latest_trading_day="2023-08-18"
previous_close="22.00"
change="-1.85"
change_percent="-8.4091%"
aroon_positive_momentum_days="23"
aroon_negative_momentum_days="0"
trend_strength="Absent or Weak Trend"
buying_signal="Strong Buy Signal"
volume_analysis="Target Volume"
value_analysis="Expected Range"
Aroon_change="FALSE"
Aroon_momentum="23"
Volume_recent_avg="381488"
Change_recent_avg="-0.09"
Delta_recent_avg="1.14"
Variance_recent_avg="0.57"
Change_ratio_recent_avg="-0.46"
RSI_change="FALSE"
ADX_change="FALSE"

event="FALSE"
Aroon_signal="positive"
Aroon_change="FALSE"
Aroon_momentum_positive="23"
Aroon_momentum_negative="77"
image_negative_thumbnail_id_1="1095"
image_negative_url_1="https://hehge.com/wp-content/uploads/sites/16/2023/06/MI_Finance_Negative_Landscape_0128.jpeg"
image_negative_thumbnail_id_2="93"
image_negative_url_2="https://hehge.com/wp-content/uploads/sites/16/2023/05/MI_Finance_Negative_Landscape_0083.jpeg"
image_neutral_thumbnail_id_1="552"
image_neutral_url_1="https://hehge.com/wp-content/uploads/sites/16/2023/06/MI_Finance_Neutral_Landscape_0047.jpeg"
image_neutral_thumbnail_id_2="548"
image_neutral_url_2="https://hehge.com/wp-content/uploads/sites/16/2023/06/MI_Finance_Neutral_Landscape_0051.jpeg"
image_positive_thumbnail_id_1="683"
image_positive_url_1="https://hehge.com/wp-content/uploads/sites/16/2023/06/MI_Finance_Positive_Landscape_0025.jpeg"
image_positive_thumbnail_id_2="996"
image_positive_url_2="https://hehge.com/wp-content/uploads/sites/16/2023/06/MI_Finance_Positive_Landscape_0158.jpeg"
image_professor_thumbnail_id_1="1173"
image_professor_url_1="https://hehge.com/wp-content/uploads/sites/16/2023/06/MI_Finance_Professor_Landscape_0007.jpeg"
image_professor_thumbnail_id_2="1196"
image_professor_url_2="https://hehge.com/wp-content/uploads/sites/16/2023/06/MI_Finance_Professor_Landscape_0030.jpeg"
