Symbol="AAIC"
AssetType="Common Stock"
Name="Arlington Asset Investment Corp"
Description="Arlington Asset Investment Corp. "
CIK="1209028"
Exchange="NYSE"
Currency="USD"
Country="USA"
Sector="REAL ESTATE & CONSTRUCTION"
Industry="REAL ESTATE INVESTMENT TRUSTS"
Address="6862 ELM STREET, SUITE 320, MCLEAN, VA, US"
FiscalYearEnd="December"
LatestQuarter="2023-06-30"
MarketCapitalization="130880000"
EBITDA="None"
PERatio="16.56"
PEGRatio="None"
BookValue="6.6"
DividendPerShare="0"
DividendYield="0.0915"
EPS="0.27"
RevenuePerShareTTM="1.142"
ProfitMargin="0.326"
OperatingMarginTTM="0.405"
ReturnOnAssetsTTM="0.011"
ReturnOnEquityTTM="0.0483"
RevenueTTM="32090000"
GrossProfitTTM="3755000"
DilutedEPSTTM="0.27"
QuarterlyEarningsGrowthYOY="0.35"
QuarterlyRevenueGrowthYOY="0.61"
AnalystTargetPrice="4.63"
TrailingPE="16.56"
ForwardPE="10"
PriceToSalesRatioTTM="2.877"
PriceToBookRatio="0.466"
EVToRevenue="-"
EVToEBITDA="-"
Beta="1.485"
num_52WeekHigh="4.84"
num_52WeekLow="2.53"
num_50DayMovingAverage="4.527"
num_200DayMovingAverage="3.369"
SharesOutstanding="29279600"
DividendDate="2020-02-03"
ExDividendDate="2019-12-30"
symbol="AAIC"
open="4.46"
high="4.49"
low="4.42"
price="4.47"
volume="32386.00"
latest_trading_day="2023-08-25"
previous_close="4.44"
change="0.03"
change_percent="0.6757%"
aroon_positive_momentum_days="62"
aroon_negative_momentum_days="0"
trend_strength="Absent or Weak Trend"
buying_signal="Weak Buy Signal"
volume_analysis="Target Volume"
value_analysis="Expected Range"
Aroon_change="FALSE"
Aroon_momentum="62"
Volume_recent_avg="266877"
Change_recent_avg="0.01"
Delta_recent_avg="0.09"
Variance_recent_avg="0.04"
Change_ratio_recent_avg="0.18"
RSI_change="FALSE"
ADX_change="FALSE"

event="FALSE"
Aroon_signal="positive"
Aroon_change="FALSE"
Aroon_momentum_positive="62"
Aroon_momentum_negative="38"
image_negative_thumbnail_id_1="1124"
image_negative_url_1="https://hehge.com/wp-content/uploads/sites/16/2023/06/MI_Finance_Negative_Landscape_0157.jpeg"
image_negative_thumbnail_id_2="168"
image_negative_url_2="https://hehge.com/wp-content/uploads/sites/16/2023/05/MI_Finance_Negative_Landscape_0008.jpeg"
image_neutral_thumbnail_id_1="574"
image_neutral_url_1="https://hehge.com/wp-content/uploads/sites/16/2023/06/MI_Finance_Neutral_Landscape_0025.jpeg"
image_neutral_thumbnail_id_2="596"
image_neutral_url_2="https://hehge.com/wp-content/uploads/sites/16/2023/06/MI_Finance_Neutral_Landscape_0003.jpeg"
image_positive_thumbnail_id_1="659"
image_positive_url_1="https://hehge.com/wp-content/uploads/sites/16/2023/06/MI_Finance_Positive_Landscape_0049.jpeg"
image_positive_thumbnail_id_2="949"
image_positive_url_2="https://hehge.com/wp-content/uploads/sites/16/2023/06/MI_Finance_Positive_Landscape_0111.jpeg"
image_professor_thumbnail_id_1="1167"
image_professor_url_1="https://hehge.com/wp-content/uploads/sites/16/2023/06/MI_Finance_Professor_Landscape_0001.jpeg"
image_professor_thumbnail_id_2="1185"
image_professor_url_2="https://hehge.com/wp-content/uploads/sites/16/2023/06/MI_Finance_Professor_Landscape_0019.jpeg"
