Symbol="FPH"
AssetType="Common Stock"
Name="Five Point Holdings LLC"
Description="Five Point Holdings, LLC, through its subsidiary, Five Point Operating Company, LP, designs and develops planned and mixed-use communities in Orange, Los Angeles and San Francisco counties. The company is headquartered in Irvine, California."
CIK="1574197"
Exchange="NYSE"
Currency="USD"
Country="USA"
Sector="REAL ESTATE & CONSTRUCTION"
Industry="REAL ESTATE"
Address="15131 ALTON PARKWAY, 4TH FLOOR, IRVINE, CA, US"
FiscalYearEnd="December"
LatestQuarter="2023-06-30"
MarketCapitalization="524053000"
EBITDA="-17069000"
PERatio="9.54"
PEGRatio="0"
BookValue="8.95"
DividendPerShare="0"
DividendYield="0"
EPS="0.37"
RevenuePerShareTTM="0.624"
ProfitMargin="0"
OperatingMarginTTM="0"
ReturnOnAssetsTTM="-0.0074"
ReturnOnEquityTTM="4.115"
RevenueTTM="43509000"
GrossProfitTTM="15199000"
DilutedEPSTTM="0.37"
QuarterlyEarningsGrowthYOY="-0.602"
QuarterlyRevenueGrowthYOY="0.167"
AnalystTargetPrice="12"
TrailingPE="9.54"
ForwardPE="-"
PriceToSalesRatioTTM="1.491"
PriceToBookRatio="0.236"
EVToRevenue="3.318"
EVToEBITDA="21.42"
Beta="1.425"
num_52WeekHigh="4.213"
num_52WeekLow="1.88"
num_50DayMovingAverage="2.718"
num_200DayMovingAverage="2.402"
SharesOutstanding="69200000"
DividendDate="None"
ExDividendDate="None"
symbol="FPH"
open="3.53"
high="3.56"
low="3.45"
price="3.46"
volume="87047.00"
latest_trading_day="2023-07-31"
previous_close="3.53"
change="-0.07"
change_percent="-1.9830%"
aroon_positive_momentum_days="70"
aroon_negative_momentum_days="0"
trend_strength="Absent or Weak Trend"
buying_signal="Weak Buy Signal"
volume_analysis="Trending Low"
value_analysis="Bearish Trend"
Aroon_change="FALSE"
Aroon_momentum="70"
Volume_recent_avg="59246"
Change_recent_avg="0.01"
Delta_recent_avg="0.13"
Variance_recent_avg="0.06"
Change_ratio_recent_avg="0.29"
RSI_change="FALSE"
ADX_change="FALSE"

event="FALSE"
Aroon_signal="positive"
Aroon_change="FALSE"
Aroon_momentum_positive="70"
Aroon_momentum_negative="30"
image_negative_thumbnail_id_1="1104"
image_negative_url_1="https://hehge.com/wp-content/uploads/sites/16/2023/06/MI_Finance_Negative_Landscape_0137.jpeg"
image_negative_thumbnail_id_2="495"
image_negative_url_2="https://hehge.com/wp-content/uploads/sites/16/2023/06/MI_Finance_Negative_Landscape_0110.jpeg"
image_neutral_thumbnail_id_1="570"
image_neutral_url_1="https://hehge.com/wp-content/uploads/sites/16/2023/06/MI_Finance_Neutral_Landscape_0029.jpeg"
image_neutral_thumbnail_id_2="525"
image_neutral_url_2="https://hehge.com/wp-content/uploads/sites/16/2023/06/MI_Finance_Neutral_Landscape_0074.jpeg"
image_positive_thumbnail_id_1="630"
image_positive_url_1="https://hehge.com/wp-content/uploads/sites/16/2023/06/MI_Finance_Positive_Landscape_0078.jpeg"
image_positive_thumbnail_id_2="974"
image_positive_url_2="https://hehge.com/wp-content/uploads/sites/16/2023/06/MI_Finance_Positive_Landscape_0136.jpeg"
image_professor_thumbnail_id_1="1200"
image_professor_url_1="https://hehge.com/wp-content/uploads/sites/16/2023/06/MI_Finance_Professor_Landscape_0034.jpeg"
image_professor_thumbnail_id_2="1194"
image_professor_url_2="https://hehge.com/wp-content/uploads/sites/16/2023/06/MI_Finance_Professor_Landscape_0028.jpeg"
