Symbol="WHLRP"
AssetType="Preferred Stock"
Name="Wheeler Real Estate Investment Trust Inc Pref"
Description="None"
CIK="1527541"
Exchange="NASDAQ"
Currency="USD"
Country="USA"
Sector="REAL ESTATE & CONSTRUCTION"
Industry="REAL ESTATE INVESTMENT TRUSTS"
Address="RIVERSEDGE NORTH, 2529 VIRGINIA BEACH BLVD., SUITE 200, VIRGINIA BEACH, VA, US"
FiscalYearEnd="December"
LatestQuarter="2023-06-30"
MarketCapitalization="1918000"
EBITDA="47229000"
PERatio="None"
PEGRatio="0"
BookValue="-73.46"
DividendPerShare="0"
DividendYield="0.184"
EPS="-1.868"
RevenuePerShareTTM="98.45"
ProfitMargin="-0.154"
OperatingMarginTTM="0.258"
ReturnOnAssetsTTM="0.0273"
ReturnOnEquityTTM="-0.046"
RevenueTTM="96433000"
GrossProfitTTM="50780000"
DilutedEPSTTM="-1.868"
QuarterlyEarningsGrowthYOY="0"
QuarterlyRevenueGrowthYOY="0.608"
AnalystTargetPrice="None"
TrailingPE="-"
ForwardPE="-"
PriceToSalesRatioTTM="0.0277"
PriceToBookRatio="-"
EVToRevenue="-"
EVToEBITDA="-"
Beta="2.493"
num_52WeekHigh="4.15"
num_52WeekLow="1.18"
num_50DayMovingAverage="1.676"
num_200DayMovingAverage="1.738"
SharesOutstanding="0"
DividendDate="2018-10-15"
ExDividendDate="2018-09-27"
symbol="WHLRP"
open="1.91"
high="1.95"
low="1.90"
price="1.90"
volume="4867.00"
latest_trading_day="2023-08-25"
previous_close="1.97"
change="-0.07"
change_percent="-3.5482%"
aroon_positive_momentum_days="59"
aroon_negative_momentum_days="0"
trend_strength="Absent or Weak Trend"
buying_signal="Strong Buy Signal"
volume_analysis="Target Volume"
value_analysis="Expected Range"
Aroon_change="FALSE"
Aroon_momentum="59"
Volume_recent_avg="3133"
Change_recent_avg="0.03"
Delta_recent_avg="0.1"
Variance_recent_avg="0.05"
Change_ratio_recent_avg="1.86"
RSI_change="FALSE"
ADX_change="FALSE"

event="FALSE"
Aroon_signal="positive"
Aroon_change="FALSE"
Aroon_momentum_positive="59"
Aroon_momentum_negative="41"
image_negative_thumbnail_id_1="143"
image_negative_url_1="https://hehge.com/wp-content/uploads/sites/16/2023/05/MI_Finance_Negative_Landscape_0033.jpeg"
image_negative_thumbnail_id_2="513"
image_negative_url_2="https://hehge.com/wp-content/uploads/sites/16/2023/06/MI_Finance_Negative_Landscape_0092.jpeg"
image_neutral_thumbnail_id_1="521"
image_neutral_url_1="https://hehge.com/wp-content/uploads/sites/16/2023/06/MI_Finance_Neutral_Landscape_0078.jpeg"
image_neutral_thumbnail_id_2="580"
image_neutral_url_2="https://hehge.com/wp-content/uploads/sites/16/2023/06/MI_Finance_Neutral_Landscape_0019.jpeg"
image_positive_thumbnail_id_1="704"
image_positive_url_1="https://hehge.com/wp-content/uploads/sites/16/2023/06/MI_Finance_Positive_Landscape_0004.jpeg"
image_positive_thumbnail_id_2="994"
image_positive_url_2="https://hehge.com/wp-content/uploads/sites/16/2023/06/MI_Finance_Positive_Landscape_0156.jpeg"
image_professor_thumbnail_id_1="1191"
image_professor_url_1="https://hehge.com/wp-content/uploads/sites/16/2023/06/MI_Finance_Professor_Landscape_0025.jpeg"
image_professor_thumbnail_id_2="1183"
image_professor_url_2="https://hehge.com/wp-content/uploads/sites/16/2023/06/MI_Finance_Professor_Landscape_0017.jpeg"
