Symbol="VLD"
AssetType="Common Stock"
Name="Velo3D Inc"
Description="None"
CIK="1825079"
Exchange="NYSE"
Currency="USD"
Country="USA"
Sector="REAL ESTATE & CONSTRUCTION"
Industry="BLANK CHECKS"
Address="1601 WASHINGTON AVENUE, SUITE 800, MIAMI BEACH, FL, US"
FiscalYearEnd="December"
LatestQuarter="2023-03-31"
MarketCapitalization="302236000"
EBITDA="-94382000"
PERatio="7.48"
PEGRatio="None"
BookValue="0.634"
DividendPerShare="0"
DividendYield="0"
EPS="0.21"
RevenuePerShareTTM="0.511"
ProfitMargin="0.411"
OperatingMarginTTM="-1.051"
ReturnOnAssetsTTM="-0.25"
ReturnOnEquityTTM="0.457"
RevenueTTM="95353000"
GrossProfitTTM="2894000"
DilutedEPSTTM="0.21"
QuarterlyEarningsGrowthYOY="0"
QuarterlyRevenueGrowthYOY="1.195"
AnalystTargetPrice="3.47"
TrailingPE="7.48"
ForwardPE="-"
PriceToSalesRatioTTM="5.1"
PriceToBookRatio="3.122"
EVToRevenue="4.263"
EVToEBITDA="-12.27"
Beta="2.8"
num_52WeekHigh="5.78"
num_52WeekLow="1.5"
num_50DayMovingAverage="2.043"
num_200DayMovingAverage="2.289"
SharesOutstanding="192507000"
DividendDate="None"
ExDividendDate="None"
symbol="VLD"
open="1.57"
high="1.58"
low="1.50"
price="1.57"
volume="4227716.00"
latest_trading_day="2023-08-11"
previous_close="1.81"
change="-0.24"
change_percent="-13.2597%"
aroon_positive_momentum_days="0"
aroon_negative_momentum_days="69"
trend_strength="Absent or Weak Trend"
buying_signal="Weak Sell Signal"
volume_analysis="Target Volume"
value_analysis="Expected Range"
Aroon_change="TRUE"
Aroon_momentum="31"
Volume_recent_avg="1394093"
Change_recent_avg="-0.01"
Delta_recent_avg="0.14"
Variance_recent_avg="0.07"
Change_ratio_recent_avg="-0.75"
RSI_change="FALSE"
ADX_change="FALSE"
Aroon_signal="negative"
Aroon_change="TRUE"
Aroon_momentum_positive="31"
Aroon_momentum_negative="69"
image_negative_thumbnail_id_1="154"
image_negative_url_1="https://hehge.com/wp-content/uploads/sites/16/2023/05/MI_Finance_Negative_Landscape_0022.jpeg"
image_negative_thumbnail_id_2="1092"
image_negative_url_2="https://hehge.com/wp-content/uploads/sites/16/2023/06/MI_Finance_Negative_Landscape_0125.jpeg"
image_neutral_thumbnail_id_1="573"
image_neutral_url_1="https://hehge.com/wp-content/uploads/sites/16/2023/06/MI_Finance_Neutral_Landscape_0026.jpeg"
image_neutral_thumbnail_id_2="578"
image_neutral_url_2="https://hehge.com/wp-content/uploads/sites/16/2023/06/MI_Finance_Neutral_Landscape_0021.jpeg"
image_positive_thumbnail_id_1="655"
image_positive_url_1="https://hehge.com/wp-content/uploads/sites/16/2023/06/MI_Finance_Positive_Landscape_0053.jpeg"
image_positive_thumbnail_id_2="965"
image_positive_url_2="https://hehge.com/wp-content/uploads/sites/16/2023/06/MI_Finance_Positive_Landscape_0127.jpeg"
image_professor_thumbnail_id_1="1191"
image_professor_url_1="https://hehge.com/wp-content/uploads/sites/16/2023/06/MI_Finance_Professor_Landscape_0025.jpeg"
image_professor_thumbnail_id_2="1195"
image_professor_url_2="https://hehge.com/wp-content/uploads/sites/16/2023/06/MI_Finance_Professor_Landscape_0029.jpeg"
