Symbol="CMCT"
AssetType="Common Stock"
Name="Creative Media & Community Trust Corporation"
Description="CIM Commercial is a real estate investment trust that primarily acquires, owns and operates Class A and creative office assets in vibrant and improving metropolitan communities throughout the United States (including the improvement and development of such assets). "
CIK="908311"
Exchange="NASDAQ"
Currency="USD"
Country="USA"
Sector="REAL ESTATE & CONSTRUCTION"
Industry="REAL ESTATE INVESTMENT TRUSTS"
Address="17950 PRESTON RD, SUITE 600, DALLAS, TX, US"
FiscalYearEnd="December"
LatestQuarter="2023-06-30"
MarketCapitalization="98225000"
EBITDA="38405000"
PERatio="None"
PEGRatio="0"
BookValue="-0.994"
DividendPerShare="0.34"
DividendYield="0.0848"
EPS="-1.55"
RevenuePerShareTTM="4.907"
ProfitMargin="-0.211"
OperatingMarginTTM="-0.0165"
ReturnOnAssetsTTM="-0.0015"
ReturnOnEquityTTM="-0.0627"
RevenueTTM="112041000"
GrossProfitTTM="47974000"
DilutedEPSTTM="-1.55"
QuarterlyEarningsGrowthYOY="0"
QuarterlyRevenueGrowthYOY="0.195"
AnalystTargetPrice="8"
TrailingPE="-"
ForwardPE="-"
PriceToSalesRatioTTM="1.155"
PriceToBookRatio="2.978"
EVToRevenue="6.72"
EVToEBITDA="18.87"
Beta="0.473"
num_52WeekHigh="6.67"
num_52WeekLow="3.759"
num_50DayMovingAverage="4.713"
num_200DayMovingAverage="5.02"
SharesOutstanding="22737900"
DividendDate="2023-07-24"
ExDividendDate="2023-07-07"
symbol="CMCT"
open="4.21"
high="4.32"
low="4.08"
price="4.10"
volume="8153.00"
latest_trading_day="2023-08-21"
previous_close="4.01"
change="0.09"
change_percent="2.2444%"
aroon_positive_momentum_days="0"
aroon_negative_momentum_days="31"
trend_strength="Absent or Weak Trend"
buying_signal="Strong Sell Signal"
volume_analysis="Target Volume"
value_analysis="Expected Range"
Aroon_change="FALSE"
Aroon_momentum="69"
Volume_recent_avg="28748"
Change_recent_avg="-0.03"
Delta_recent_avg="0.19"
Variance_recent_avg="0.1"
Change_ratio_recent_avg="-0.6"
RSI_change="FALSE"
ADX_change="FALSE"

event="aroon_milestone_negative_10"
Aroon_signal="negative"
Aroon_change="FALSE"
Aroon_momentum_positive="69"
Aroon_momentum_negative="31"
image_negative_thumbnail_id_1="520"
image_negative_url_1="https://hehge.com/wp-content/uploads/sites/16/2023/06/MI_Finance_Negative_Landscape_0085.jpeg"
image_negative_thumbnail_id_2="1145"
image_negative_url_2="https://hehge.com/wp-content/uploads/sites/16/2023/06/MI_Finance_Negative_Landscape_0178.jpeg"
image_neutral_thumbnail_id_1="524"
image_neutral_url_1="https://hehge.com/wp-content/uploads/sites/16/2023/06/MI_Finance_Neutral_Landscape_0075.jpeg"
image_neutral_thumbnail_id_2="581"
image_neutral_url_2="https://hehge.com/wp-content/uploads/sites/16/2023/06/MI_Finance_Neutral_Landscape_0018.jpeg"
image_positive_thumbnail_id_1="703"
image_positive_url_1="https://hehge.com/wp-content/uploads/sites/16/2023/06/MI_Finance_Positive_Landscape_0005.jpeg"
image_positive_thumbnail_id_2="1013"
image_positive_url_2="https://hehge.com/wp-content/uploads/sites/16/2023/06/MI_Finance_Positive_Landscape_0175.jpeg"
image_professor_thumbnail_id_1="1182"
image_professor_url_1="https://hehge.com/wp-content/uploads/sites/16/2023/06/MI_Finance_Professor_Landscape_0016.jpeg"
image_professor_thumbnail_id_2="1187"
image_professor_url_2="https://hehge.com/wp-content/uploads/sites/16/2023/06/MI_Finance_Professor_Landscape_0021.jpeg"
