Symbol="PHM"
AssetType="Common Stock"
Name="PulteGroup Inc"
Description="PulteGroup, Inc. (previously known as Pulte Homes) is a home construction company based in Atlanta, Georgia, United States."
CIK="822416"
Exchange="NYSE"
Currency="USD"
Country="USA"
Sector="REAL ESTATE & CONSTRUCTION"
Industry="OPERATIVE BUILDERS"
Address="3350 PEACHTREE ROAD NORTHEAST, SUITE 150, ATLANTA, GE"
FiscalYearEnd="December"
LatestQuarter="2023-06-30"
MarketCapitalization="16934570000"
EBITDA="3697250000"
PERatio="6.42"
PEGRatio="2.496"
BookValue="44.13"
DividendPerShare="0.62"
DividendYield="0.008"
EPS="12.02"
RevenuePerShareTTM="74.96"
ProfitMargin="0.163"
OperatingMarginTTM="0.213"
ReturnOnAssetsTTM="0.157"
ReturnOnEquityTTM="0.317"
RevenueTTM="16964118000"
GrossProfitTTM="4838805000"
DilutedEPSTTM="12.02"
QuarterlyEarningsGrowthYOY="0.177"
QuarterlyRevenueGrowthYOY="0.08"
AnalystTargetPrice="97.27"
TrailingPE="6.42"
ForwardPE="6.92"
PriceToSalesRatioTTM="0.695"
PriceToBookRatio="1.293"
EVToRevenue="0.845"
EVToEBITDA="4.069"
Beta="1.383"
num_52WeekHigh="86.16"
num_52WeekLow="35.68"
num_50DayMovingAverage="79.89"
num_200DayMovingAverage="61.56"
SharesOutstanding="219445000"
DividendDate="2023-07-05"
ExDividendDate="2023-06-16"
symbol="PHM"
open="78.58"
high="78.80"
low="75.12"
price="77.17"
volume="2898923.00"
latest_trading_day="2023-08-25"
previous_close="78.37"
change="-1.20"
change_percent="-1.5312%"
aroon_positive_momentum_days="100"
aroon_negative_momentum_days="0"
trend_strength="Strong Trend"
buying_signal="Strong Buy Signal"
volume_analysis="Target Volume"
value_analysis="Expected Range"
Aroon_change="FALSE"
Aroon_momentum="100"
Volume_recent_avg="2760298"
Change_recent_avg="0.1"
Delta_recent_avg="1.67"
Variance_recent_avg="0.83"
Change_ratio_recent_avg="0.13"
RSI_change="FALSE"
ADX_change="FALSE"
Aroon_signal="positive"
Aroon_change="FALSE"
Aroon_momentum_positive="100"
Aroon_momentum_negative="0"
image_negative_thumbnail_id_1="1118"
image_negative_url_1="https://hehge.com/wp-content/uploads/sites/16/2023/06/MI_Finance_Negative_Landscape_0151.jpeg"
image_negative_thumbnail_id_2="503"
image_negative_url_2="https://hehge.com/wp-content/uploads/sites/16/2023/06/MI_Finance_Negative_Landscape_0102.jpeg"
image_neutral_thumbnail_id_1="548"
image_neutral_url_1="https://hehge.com/wp-content/uploads/sites/16/2023/06/MI_Finance_Neutral_Landscape_0051.jpeg"
image_neutral_thumbnail_id_2="583"
image_neutral_url_2="https://hehge.com/wp-content/uploads/sites/16/2023/06/MI_Finance_Neutral_Landscape_0016.jpeg"
image_positive_thumbnail_id_1="612"
image_positive_url_1="https://hehge.com/wp-content/uploads/sites/16/2023/06/MI_Finance_Positive_Landscape_0096.jpeg"
image_positive_thumbnail_id_2="624"
image_positive_url_2="https://hehge.com/wp-content/uploads/sites/16/2023/06/MI_Finance_Positive_Landscape_0084.jpeg"
image_professor_thumbnail_id_1="1201"
image_professor_url_1="https://hehge.com/wp-content/uploads/sites/16/2023/06/MI_Finance_Professor_Landscape_0035.jpeg"
image_professor_thumbnail_id_2="1185"
image_professor_url_2="https://hehge.com/wp-content/uploads/sites/16/2023/06/MI_Finance_Professor_Landscape_0019.jpeg"
