Symbol="BXP"
AssetType="Common Stock"
Name="Boston Properties Inc"
Description="Boston Properties, Inc. is a publicly traded real estate investment trust that invests in office buildings in Boston, Los Angeles, New York City, San Francisco, and Washington, D.C."
CIK="1037540"
Exchange="NYSE"
Currency="USD"
Country="USA"
Sector="REAL ESTATE & CONSTRUCTION"
Industry="REAL ESTATE INVESTMENT TRUSTS"
Address="800 BOYLSTON STREET, SUITE 1900, BOSTON, MA, US"
FiscalYearEnd="December"
LatestQuarter="2023-06-30"
MarketCapitalization="10747903000"
EBITDA="1818883000"
PERatio="13.73"
PEGRatio="7.05"
BookValue="38.51"
DividendPerShare="3.92"
DividendYield="0.0585"
EPS="4.99"
RevenuePerShareTTM="20.18"
ProfitMargin="0.21"
OperatingMarginTTM="0.321"
ReturnOnAssetsTTM="0.0261"
ReturnOnEquityTTM="0.0996"
RevenueTTM="3163787000"
GrossProfitTTM="1952127000"
DilutedEPSTTM="4.99"
QuarterlyEarningsGrowthYOY="-0.535"
QuarterlyRevenueGrowthYOY="0.044"
AnalystTargetPrice="63"
TrailingPE="13.73"
ForwardPE="24.63"
PriceToSalesRatioTTM="3.567"
PriceToBookRatio="1.769"
EVToRevenue="8.14"
EVToEBITDA="11.08"
Beta="1.159"
num_52WeekHigh="85.2"
num_52WeekLow="44.55"
num_50DayMovingAverage="57.72"
num_200DayMovingAverage="62.2"
SharesOutstanding="156835000"
DividendDate="2023-07-31"
ExDividendDate="2023-06-29"
symbol="BXP"
open="66.67"
high="69.13"
low="66.50"
price="68.53"
volume="1784032.00"
latest_trading_day="2023-08-04"
previous_close="67.10"
change="1.43"
change_percent="2.1311%"
aroon_positive_momentum_days="39"
aroon_negative_momentum_days="0"
trend_strength="Absent or Weak Trend"
buying_signal="Strong Buy Signal"
volume_analysis="Target Volume"
value_analysis="Expected Range"
Aroon_change="FALSE"
Aroon_momentum="39"
Volume_recent_avg="1930533"
Change_recent_avg="0.08"
Delta_recent_avg="2.0"
Variance_recent_avg="1.0"
Change_ratio_recent_avg="0.09"
RSI_change="FALSE"
ADX_change="FALSE"

event="FALSE"
Aroon_signal="positive"
Aroon_change="FALSE"
Aroon_momentum_positive="39"
Aroon_momentum_negative="61"
image_negative_thumbnail_id_1="127"
image_negative_url_1="https://hehge.com/wp-content/uploads/sites/16/2023/05/MI_Finance_Negative_Landscape_0049.jpeg"
image_negative_thumbnail_id_2="504"
image_negative_url_2="https://hehge.com/wp-content/uploads/sites/16/2023/06/MI_Finance_Negative_Landscape_0101.jpeg"
image_neutral_thumbnail_id_1="592"
image_neutral_url_1="https://hehge.com/wp-content/uploads/sites/16/2023/06/MI_Finance_Neutral_Landscape_0007.jpeg"
image_neutral_thumbnail_id_2="572"
image_neutral_url_2="https://hehge.com/wp-content/uploads/sites/16/2023/06/MI_Finance_Neutral_Landscape_0027.jpeg"
image_positive_thumbnail_id_1="609"
image_positive_url_1="https://hehge.com/wp-content/uploads/sites/16/2023/06/MI_Finance_Positive_Landscape_0099.jpeg"
image_positive_thumbnail_id_2="705"
image_positive_url_2="https://hehge.com/wp-content/uploads/sites/16/2023/06/MI_Finance_Positive_Landscape_0003.jpeg"
image_professor_thumbnail_id_1="1183"
image_professor_url_1="https://hehge.com/wp-content/uploads/sites/16/2023/06/MI_Finance_Professor_Landscape_0017.jpeg"
image_professor_thumbnail_id_2="1169"
image_professor_url_2="https://hehge.com/wp-content/uploads/sites/16/2023/06/MI_Finance_Professor_Landscape_0003.jpeg"
