Symbol="EVEX"
AssetType="Common Stock"
Name="Eve Holding Inc"
Description="Eve Holding, Inc. is dedicated to the development of urban air mobility solutions. The company is headquartered in Melbourne, Florida."
CIK="1823652"
Exchange="NYSE"
Currency="USD"
Country="USA"
Sector="REAL ESTATE & CONSTRUCTION"
Industry="BLANK CHECKS"
Address="25101 CHAGRIN BOULEVARD 350, BEACHWOOD, OH, US"
FiscalYearEnd="December"
LatestQuarter="2023-03-31"
MarketCapitalization="2610212000"
EBITDA="-84688624"
PERatio="None"
PEGRatio="None"
BookValue="0.975"
DividendPerShare="0"
DividendYield="0"
EPS="-0.7"
RevenuePerShareTTM="0"
ProfitMargin="0"
OperatingMarginTTM="0"
ReturnOnAssetsTTM="-0.412"
ReturnOnEquityTTM="-1.426"
RevenueTTM="0"
GrossProfitTTM="0"
DilutedEPSTTM="-0.7"
QuarterlyEarningsGrowthYOY="0"
QuarterlyRevenueGrowthYOY="0"
AnalystTargetPrice="9.13"
TrailingPE="-"
ForwardPE="-"
PriceToSalesRatioTTM="-"
PriceToBookRatio="6.86"
EVToRevenue="-"
EVToEBITDA="-50.21"
Beta="0.715"
num_52WeekHigh="13.34"
num_52WeekLow="5.1"
num_50DayMovingAverage="9.23"
num_200DayMovingAverage="8.03"
SharesOutstanding="269094000"
DividendDate="None"
ExDividendDate="None"
symbol="EVEX"
open="9.99"
high="10.00"
low="9.63"
price="9.70"
volume="48386.00"
latest_trading_day="2023-07-21"
previous_close="9.80"
change="-0.10"
change_percent="-1.0204%"
aroon_positive_momentum_days="59"
aroon_negative_momentum_days="0"
trend_strength="Absent or Weak Trend"
buying_signal="Strong Buy Signal"
volume_analysis="Target Volume"
value_analysis="Expected Range"
Aroon_change="FALSE"
Aroon_momentum="59"
Volume_recent_avg="68641"
Change_recent_avg="0.08"
Delta_recent_avg="0.5"
Variance_recent_avg="0.25"
Change_ratio_recent_avg="1.0"
RSI_change="FALSE"
ADX_change="FALSE"

event="FALSE"
Aroon_signal="positive"
Aroon_change="FALSE"
Aroon_momentum_positive="59"
Aroon_momentum_negative="41"
image_negative_thumbnail_id_1="167"
image_negative_url_1="https://hehge.com/wp-content/uploads/sites/16/2023/05/MI_Finance_Negative_Landscape_0009.jpeg"
image_negative_thumbnail_id_2="1101"
image_negative_url_2="https://hehge.com/wp-content/uploads/sites/16/2023/06/MI_Finance_Negative_Landscape_0134.jpeg"
image_neutral_thumbnail_id_1="554"
image_neutral_url_1="https://hehge.com/wp-content/uploads/sites/16/2023/06/MI_Finance_Neutral_Landscape_0045.jpeg"
image_neutral_thumbnail_id_2="541"
image_neutral_url_2="https://hehge.com/wp-content/uploads/sites/16/2023/06/MI_Finance_Neutral_Landscape_0058.jpeg"
image_positive_thumbnail_id_1="670"
image_positive_url_1="https://hehge.com/wp-content/uploads/sites/16/2023/06/MI_Finance_Positive_Landscape_0038.jpeg"
image_positive_thumbnail_id_2="661"
image_positive_url_2="https://hehge.com/wp-content/uploads/sites/16/2023/06/MI_Finance_Positive_Landscape_0047.jpeg"
image_professor_thumbnail_id_1="1183"
image_professor_url_1="https://hehge.com/wp-content/uploads/sites/16/2023/06/MI_Finance_Professor_Landscape_0017.jpeg"
image_professor_thumbnail_id_2="1173"
image_professor_url_2="https://hehge.com/wp-content/uploads/sites/16/2023/06/MI_Finance_Professor_Landscape_0007.jpeg"
