Symbol="HOUS"
AssetType="Common Stock"
Name="Anywhere Real Estate Inc"
Description="None"
CIK="1398987"
Exchange="NYSE"
Currency="USD"
Country="USA"
Sector="REAL ESTATE & CONSTRUCTION"
Industry="REAL ESTATE AGENTS & MANAGERS (FOR OTHERS)"
Address="175 PARK AVENUE, MADISON, NJ, US"
FiscalYearEnd="December"
LatestQuarter="2023-06-30"
MarketCapitalization="733972000"
EBITDA="262000000"
PERatio="None"
PEGRatio="None"
BookValue="14.94"
DividendPerShare="0"
DividendYield="0"
EPS="-4.49"
RevenuePerShareTTM="53.72"
ProfitMargin="-0.0871"
OperatingMarginTTM="0.0093"
ReturnOnAssetsTTM="0.0052"
ReturnOnEquityTTM="-0.267"
RevenueTTM="5933000000"
GrossProfitTTM="2493000000"
DilutedEPSTTM="-4.49"
QuarterlyEarningsGrowthYOY="-0.773"
QuarterlyRevenueGrowthYOY="-0.22"
AnalystTargetPrice="7.17"
TrailingPE="-"
ForwardPE="4.748"
PriceToSalesRatioTTM="0.108"
PriceToBookRatio="0.517"
EVToRevenue="0.556"
EVToEBITDA="6.01"
Beta="2.37"
num_52WeekHigh="11.5"
num_52WeekLow="4.33"
num_50DayMovingAverage="7.1"
num_200DayMovingAverage="6.69"
SharesOutstanding="110485000"
DividendDate="2019-09-04"
ExDividendDate="2019-08-20"
symbol="HOUS"
open="6.34"
high="6.57"
low="6.23"
price="6.56"
volume="722179.00"
latest_trading_day="2023-08-23"
previous_close="6.31"
change="0.25"
change_percent="3.9620%"
aroon_positive_momentum_days="65"
aroon_negative_momentum_days="0"
trend_strength="Absent or Weak Trend"
buying_signal="Weak Buy Signal"
volume_analysis="Target Volume"
value_analysis="Expected Range"
Aroon_change="FALSE"
Aroon_momentum="65"
Volume_recent_avg="1367944"
Change_recent_avg="0.02"
Delta_recent_avg="0.33"
Variance_recent_avg="0.17"
Change_ratio_recent_avg="0.3"
RSI_change="FALSE"
ADX_change="FALSE"

event="FALSE"
Aroon_signal="positive"
Aroon_change="FALSE"
Aroon_momentum_positive="65"
Aroon_momentum_negative="35"
image_negative_thumbnail_id_1="175"
image_negative_url_1="https://hehge.com/wp-content/uploads/sites/16/2023/05/MI_Finance_Negative_Landscape_0001.jpeg"
image_negative_thumbnail_id_2="506"
image_negative_url_2="https://hehge.com/wp-content/uploads/sites/16/2023/06/MI_Finance_Negative_Landscape_0099.jpeg"
image_neutral_thumbnail_id_1="567"
image_neutral_url_1="https://hehge.com/wp-content/uploads/sites/16/2023/06/MI_Finance_Neutral_Landscape_0032.jpeg"
image_neutral_thumbnail_id_2="596"
image_neutral_url_2="https://hehge.com/wp-content/uploads/sites/16/2023/06/MI_Finance_Neutral_Landscape_0003.jpeg"
image_positive_thumbnail_id_1="688"
image_positive_url_1="https://hehge.com/wp-content/uploads/sites/16/2023/06/MI_Finance_Positive_Landscape_0020.jpeg"
image_positive_thumbnail_id_2="638"
image_positive_url_2="https://hehge.com/wp-content/uploads/sites/16/2023/06/MI_Finance_Positive_Landscape_0070.jpeg"
image_professor_thumbnail_id_1="1197"
image_professor_url_1="https://hehge.com/wp-content/uploads/sites/16/2023/06/MI_Finance_Professor_Landscape_0031.jpeg"
image_professor_thumbnail_id_2="1203"
image_professor_url_2="https://hehge.com/wp-content/uploads/sites/16/2023/06/MI_Finance_Professor_Landscape_0037.jpeg"
