Symbol="RKLB"
AssetType="Common Stock"
Name="Rocket Lab USA Inc."
Description="None"
CIK="1819994"
Exchange="NASDAQ"
Currency="USD"
Country="USA"
Sector="REAL ESTATE & CONSTRUCTION"
Industry="BLANK CHECKS"
Address="C/O VECTOR ACQUISITION PARTNERS, L.P., ONE MARKET STREET, 23RD FLOOR, SAN FRANCISCO, CA, US"
FiscalYearEnd="December"
LatestQuarter="2023-06-30"
MarketCapitalization="3025138000"
EBITDA="-117082000"
PERatio="None"
PEGRatio="None"
BookValue="1.339"
DividendPerShare="0"
DividendYield="0"
EPS="-0.34"
RevenuePerShareTTM="0.478"
ProfitMargin="-0.688"
OperatingMarginTTM="-0.657"
ReturnOnAssetsTTM="-0.0903"
ReturnOnEquityTTM="-0.226"
RevenueTTM="225188000"
GrossProfitTTM="18990000"
DilutedEPSTTM="-0.34"
QuarterlyEarningsGrowthYOY="0"
QuarterlyRevenueGrowthYOY="0.349"
AnalystTargetPrice="9.83"
TrailingPE="-"
ForwardPE="-"
PriceToSalesRatioTTM="10.21"
PriceToBookRatio="2.74"
EVToRevenue="8.25"
EVToEBITDA="-32.95"
Beta="1.025"
num_52WeekHigh="8.05"
num_52WeekLow="3.48"
num_50DayMovingAverage="6.23"
num_200DayMovingAverage="4.827"
SharesOutstanding="478661000"
DividendDate="None"
ExDividendDate="None"
symbol="RKLB"
open="6.15"
high="6.38"
low="6.12"
price="6.32"
volume="2313176.00"
latest_trading_day="2023-08-11"
previous_close="6.23"
change="0.09"
change_percent="1.4446%"
aroon_positive_momentum_days="64"
aroon_negative_momentum_days="0"
trend_strength="Absent or Weak Trend"
buying_signal="Strong Buy Signal"
volume_analysis="Target Volume"
value_analysis="Expected Range"
Aroon_change="FALSE"
Aroon_momentum="64"
Volume_recent_avg="4114784"
Change_recent_avg="0.01"
Delta_recent_avg="0.29"
Variance_recent_avg="0.14"
Change_ratio_recent_avg="0.1"
RSI_change="FALSE"
ADX_change="FALSE"

event="FALSE"
Aroon_signal="positive"
Aroon_change="FALSE"
Aroon_momentum_positive="64"
Aroon_momentum_negative="36"
image_negative_thumbnail_id_1="1151"
image_negative_url_1="https://hehge.com/wp-content/uploads/sites/16/2023/06/MI_Finance_Negative_Landscape_0184.jpeg"
image_negative_thumbnail_id_2="1160"
image_negative_url_2="https://hehge.com/wp-content/uploads/sites/16/2023/06/MI_Finance_Negative_Landscape_0194.jpeg"
image_neutral_thumbnail_id_1="548"
image_neutral_url_1="https://hehge.com/wp-content/uploads/sites/16/2023/06/MI_Finance_Neutral_Landscape_0051.jpeg"
image_neutral_thumbnail_id_2="592"
image_neutral_url_2="https://hehge.com/wp-content/uploads/sites/16/2023/06/MI_Finance_Neutral_Landscape_0007.jpeg"
image_positive_thumbnail_id_1="1008"
image_positive_url_1="https://hehge.com/wp-content/uploads/sites/16/2023/06/MI_Finance_Positive_Landscape_0170.jpeg"
image_positive_thumbnail_id_2="680"
image_positive_url_2="https://hehge.com/wp-content/uploads/sites/16/2023/06/MI_Finance_Positive_Landscape_0028.jpeg"
image_professor_thumbnail_id_1="1191"
image_professor_url_1="https://hehge.com/wp-content/uploads/sites/16/2023/06/MI_Finance_Professor_Landscape_0025.jpeg"
image_professor_thumbnail_id_2="1178"
image_professor_url_2="https://hehge.com/wp-content/uploads/sites/16/2023/06/MI_Finance_Professor_Landscape_0012.jpeg"
