Symbol="INDT"
AssetType="Common Stock"
Name="Indus Realty Trust Inc"
Description="INDUS Realty Trust, Inc. is a real estate company primarily engaged in the development, acquisition, management and leasing of industrial / warehouse properties. "
CIK="1037390"
Exchange="NASDAQ"
Currency="USD"
Country="USA"
Sector="REAL ESTATE & CONSTRUCTION"
Industry="REAL ESTATE"
Address="641 LEXINGTON AVENUE, 26TH FLOOR, NEW YORK, NY, US"
FiscalYearEnd="November"
LatestQuarter="2023-02-28"
MarketCapitalization="683164000"
EBITDA="19769000"
PERatio="None"
PEGRatio="None"
BookValue="38.02"
DividendPerShare="0.68"
DividendYield="0.0107"
EPS="-0.32"
RevenuePerShareTTM="5.05"
ProfitMargin="0.0012"
OperatingMarginTTM="0.0303"
ReturnOnAssetsTTM="0.0017"
ReturnOnEquityTTM="-0.0081"
RevenueTTM="51447000"
GrossProfitTTM="38116000"
DilutedEPSTTM="-0.32"
QuarterlyEarningsGrowthYOY="-0.905"
QuarterlyRevenueGrowthYOY="0.199"
AnalystTargetPrice="67"
TrailingPE="-"
ForwardPE="-"
PriceToSalesRatioTTM="13.13"
PriceToBookRatio="1.639"
EVToRevenue="15.44"
EVToEBITDA="16.57"
Beta="0.834"
num_52WeekHigh="67.28"
num_52WeekLow="47.93"
num_50DayMovingAverage="66.82"
num_200DayMovingAverage="62.7"
SharesOutstanding="10198000"
DividendDate="2023-06-28"
ExDividendDate="2023-06-21"
symbol="INDT"
open="66.99"
high="66.99"
low="66.99"
price="66.99"
volume="0.00"
latest_trading_day="2023-06-29"
previous_close="66.99"
change="0.00"
change_percent="0.0000%"
aroon_positive_momentum_days="100"
aroon_negative_momentum_days="0"
trend_strength="Absent or Weak Trend"
buying_signal="Strong Buy Signal"
volume_analysis="Target Volume"
value_analysis="Expected Range"
Aroon_change="FALSE"
Aroon_momentum="100"
Volume_recent_avg="139540"
Change_recent_avg="0.01"
Delta_recent_avg="0.21"
Variance_recent_avg="0.11"
Change_ratio_recent_avg="0.01"
RSI_change="FALSE"
ADX_change="FALSE"
Aroon_signal="positive"
Aroon_change="FALSE"
Aroon_momentum_positive="100"
Aroon_momentum_negative="0"
image_negative_thumbnail_id_1="115"
image_negative_url_1="https://hehge.com/wp-content/uploads/sites/16/2023/05/MI_Finance_Negative_Landscape_0061.jpeg"
image_negative_thumbnail_id_2="165"
image_negative_url_2="https://hehge.com/wp-content/uploads/sites/16/2023/05/MI_Finance_Negative_Landscape_0011.jpeg"
image_neutral_thumbnail_id_1="567"
image_neutral_url_1="https://hehge.com/wp-content/uploads/sites/16/2023/06/MI_Finance_Neutral_Landscape_0032.jpeg"
image_neutral_thumbnail_id_2="522"
image_neutral_url_2="https://hehge.com/wp-content/uploads/sites/16/2023/06/MI_Finance_Neutral_Landscape_0077.jpeg"
image_positive_thumbnail_id_1="689"
image_positive_url_1="https://hehge.com/wp-content/uploads/sites/16/2023/06/MI_Finance_Positive_Landscape_0019.jpeg"
image_positive_thumbnail_id_2="982"
image_positive_url_2="https://hehge.com/wp-content/uploads/sites/16/2023/06/MI_Finance_Positive_Landscape_0144.jpeg"
image_professor_thumbnail_id_1="1202"
image_professor_url_1="https://hehge.com/wp-content/uploads/sites/16/2023/06/MI_Finance_Professor_Landscape_0036.jpeg"
image_professor_thumbnail_id_2="1171"
image_professor_url_2="https://hehge.com/wp-content/uploads/sites/16/2023/06/MI_Finance_Professor_Landscape_0005.jpeg"
