Symbol="WWAC"
AssetType="Common Stock"
Name="Worldwide Webb Acquisition Corp"
Description="Worldwide Webb Acquisition Corp. The company is headquartered in Orem, Utah."
CIK="1853044"
Exchange="NASDAQ"
Currency="USD"
Country="USA"
Sector="REAL ESTATE & CONSTRUCTION"
Industry="BLANK CHECKS"
Address="770 E TECHNOLOGY WAY F13-16, OREM, UT, US"
FiscalYearEnd="December"
LatestQuarter="2023-03-31"
MarketCapitalization="109601000"
EBITDA="None"
PERatio="None"
PEGRatio="None"
BookValue="-0.292"
DividendPerShare="0"
DividendYield="0"
EPS="-0.59"
RevenuePerShareTTM="0"
ProfitMargin="0"
OperatingMarginTTM="0"
ReturnOnAssetsTTM="-0.0169"
ReturnOnEquityTTM="0"
RevenueTTM="0"
GrossProfitTTM="0"
DilutedEPSTTM="-0.59"
QuarterlyEarningsGrowthYOY="0"
QuarterlyRevenueGrowthYOY="0"
AnalystTargetPrice="None"
TrailingPE="-"
ForwardPE="-"
PriceToSalesRatioTTM="-"
PriceToBookRatio="1.266"
EVToRevenue="-"
EVToEBITDA="-"
Beta="None"
num_52WeekHigh="10.75"
num_52WeekLow="9.9"
num_50DayMovingAverage="10.36"
num_200DayMovingAverage="10.24"
SharesOutstanding="4718000"
DividendDate="None"
ExDividendDate="None"
symbol="WWAC"
open="10.47"
high="10.47"
low="10.47"
price="10.47"
volume="4.00"
latest_trading_day="2023-07-19"
previous_close="10.47"
change="0.00"
change_percent="0.0000%"
aroon_positive_momentum_days="73"
aroon_negative_momentum_days="0"
trend_strength="Very Strong Trend"
buying_signal="Weak Buy Signal"
volume_analysis="Target Volume"
value_analysis="Expected Range"
Aroon_change="FALSE"
Aroon_momentum="73"
Volume_recent_avg="222633"
Change_recent_avg="-0.01"
Delta_recent_avg="0.03"
Variance_recent_avg="0.02"
Change_ratio_recent_avg="-0.07"
RSI_change="FALSE"
ADX_change="FALSE"

event="FALSE"
Aroon_signal="positive"
Aroon_change="FALSE"
Aroon_momentum_positive="73"
Aroon_momentum_negative="27"
image_negative_thumbnail_id_1="114"
image_negative_url_1="https://hehge.com/wp-content/uploads/sites/16/2023/05/MI_Finance_Negative_Landscape_0062.jpeg"
image_negative_thumbnail_id_2="1161"
image_negative_url_2="https://hehge.com/wp-content/uploads/sites/16/2023/06/MI_Finance_Negative_Landscape_0195.jpeg"
image_neutral_thumbnail_id_1="572"
image_neutral_url_1="https://hehge.com/wp-content/uploads/sites/16/2023/06/MI_Finance_Neutral_Landscape_0027.jpeg"
image_neutral_thumbnail_id_2="570"
image_neutral_url_2="https://hehge.com/wp-content/uploads/sites/16/2023/06/MI_Finance_Neutral_Landscape_0029.jpeg"
image_positive_thumbnail_id_1="647"
image_positive_url_1="https://hehge.com/wp-content/uploads/sites/16/2023/06/MI_Finance_Positive_Landscape_0061.jpeg"
image_positive_thumbnail_id_2="973"
image_positive_url_2="https://hehge.com/wp-content/uploads/sites/16/2023/06/MI_Finance_Positive_Landscape_0135.jpeg"
image_professor_thumbnail_id_1="1170"
image_professor_url_1="https://hehge.com/wp-content/uploads/sites/16/2023/06/MI_Finance_Professor_Landscape_0004.jpeg"
image_professor_thumbnail_id_2="1188"
image_professor_url_2="https://hehge.com/wp-content/uploads/sites/16/2023/06/MI_Finance_Professor_Landscape_0022.jpeg"
