Symbol="FNVT"
AssetType="Common Stock"
Name="Finnovate Acquisition Corp"
Description="None"
CIK="1857855"
Exchange="NASDAQ"
Currency="USD"
Country="USA"
Sector="REAL ESTATE & CONSTRUCTION"
Industry="BLANK CHECKS"
Address="1007 N ORANGE ST. 10TH FLOOR, WILMINGTON, DE, US"
FiscalYearEnd="December"
LatestQuarter="2023-03-31"
MarketCapitalization="97309000"
EBITDA="None"
PERatio="82.38"
PEGRatio="None"
BookValue="-0.035"
DividendPerShare="0"
DividendYield="0"
EPS="0.13"
RevenuePerShareTTM="0"
ProfitMargin="0"
OperatingMarginTTM="0"
ReturnOnAssetsTTM="0"
ReturnOnEquityTTM="0.587"
RevenueTTM="0"
GrossProfitTTM="0"
DilutedEPSTTM="0.13"
QuarterlyEarningsGrowthYOY="0"
QuarterlyRevenueGrowthYOY="0"
AnalystTargetPrice="None"
TrailingPE="82.38"
ForwardPE="-"
PriceToSalesRatioTTM="-"
PriceToBookRatio="-"
EVToRevenue="-"
EVToEBITDA="-"
Beta="None"
num_52WeekHigh="10.94"
num_52WeekLow="10.01"
num_50DayMovingAverage="10.6"
num_200DayMovingAverage="10.4"
SharesOutstanding="9085800"
DividendDate="None"
ExDividendDate="None"
symbol="FNVT"
open="10.66"
high="10.71"
low="10.66"
price="10.71"
volume="5715.00"
latest_trading_day="2023-08-07"
previous_close="10.67"
change="0.04"
change_percent="0.3749%"
aroon_positive_momentum_days="99"
aroon_negative_momentum_days="0"
trend_strength="Very Strong Trend"
buying_signal="Weak Buy Signal"
volume_analysis="Overbought"
value_analysis="Overvalued"
Aroon_change="FALSE"
Aroon_momentum="99"
Volume_recent_avg="37663"
Change_recent_avg="0.01"
Delta_recent_avg="0.02"
Variance_recent_avg="0.01"
Change_ratio_recent_avg="0.02"
RSI_change="FALSE"
ADX_change="FALSE"

event="FALSE"
Aroon_signal="positive"
Aroon_change="FALSE"
Aroon_momentum_positive="99"
Aroon_momentum_negative="1"
image_negative_thumbnail_id_1="168"
image_negative_url_1="https://hehge.com/wp-content/uploads/sites/16/2023/05/MI_Finance_Negative_Landscape_0008.jpeg"
image_negative_thumbnail_id_2="1115"
image_negative_url_2="https://hehge.com/wp-content/uploads/sites/16/2023/06/MI_Finance_Negative_Landscape_0148.jpeg"
image_neutral_thumbnail_id_1="586"
image_neutral_url_1="https://hehge.com/wp-content/uploads/sites/16/2023/06/MI_Finance_Neutral_Landscape_0013.jpeg"
image_neutral_thumbnail_id_2="528"
image_neutral_url_2="https://hehge.com/wp-content/uploads/sites/16/2023/06/MI_Finance_Neutral_Landscape_0071.jpeg"
image_positive_thumbnail_id_1="959"
image_positive_url_1="https://hehge.com/wp-content/uploads/sites/16/2023/06/MI_Finance_Positive_Landscape_0121.jpeg"
image_positive_thumbnail_id_2="973"
image_positive_url_2="https://hehge.com/wp-content/uploads/sites/16/2023/06/MI_Finance_Positive_Landscape_0135.jpeg"
image_professor_thumbnail_id_1="1196"
image_professor_url_1="https://hehge.com/wp-content/uploads/sites/16/2023/06/MI_Finance_Professor_Landscape_0030.jpeg"
image_professor_thumbnail_id_2="1175"
image_professor_url_2="https://hehge.com/wp-content/uploads/sites/16/2023/06/MI_Finance_Professor_Landscape_0009.jpeg"
