Symbol="IVCB"
AssetType="Common Stock"
Name="Investcorp Europe Acquisition I Corp"
Description="Investcorp Europe Acquisition Corp I is focused on effecting a merger, share swap, asset acquisition, share purchase, reorganization or similar business combination with one or more companies or assets. "
CIK="1857410"
Exchange="NASDAQ"
Currency="USD"
Country="USA"
Sector="REAL ESTATE & CONSTRUCTION"
Industry="BLANK CHECKS"
Address="C/O PAGET-BROWN TRUST COMPANY LTD., CENTURY YARD, CRICKET SQ., P.O. BOX 1111, GEORGE TOWN, KY"
FiscalYearEnd="December"
LatestQuarter="2023-06-30"
MarketCapitalization="297859000"
EBITDA="None"
PERatio="None"
PEGRatio="None"
BookValue="-0.981"
DividendPerShare="0"
DividendYield="0"
EPS="-0.04"
RevenuePerShareTTM="0"
ProfitMargin="0"
OperatingMarginTTM="0"
ReturnOnAssetsTTM="-0.0042"
ReturnOnEquityTTM="0"
RevenueTTM="0"
GrossProfitTTM="0"
DilutedEPSTTM="-0.04"
QuarterlyEarningsGrowthYOY="-0.075"
QuarterlyRevenueGrowthYOY="0"
AnalystTargetPrice="None"
TrailingPE="-"
ForwardPE="-"
PriceToSalesRatioTTM="-"
PriceToBookRatio="1.302"
EVToRevenue="-"
EVToEBITDA="-"
Beta="None"
num_52WeekHigh="11.39"
num_52WeekLow="10.06"
num_50DayMovingAverage="10.72"
num_200DayMovingAverage="10.48"
SharesOutstanding="19005700"
DividendDate="None"
ExDividendDate="None"
symbol="IVCB"
open="10.78"
high="10.78"
low="10.78"
price="10.78"
volume="0.00"
latest_trading_day="2023-08-23"
previous_close="10.78"
change="0.00"
change_percent="0.0000%"
aroon_positive_momentum_days="97"
aroon_negative_momentum_days="0"
trend_strength="Extremely Strong Trend"
buying_signal="Weak Buy Signal"
volume_analysis="Trending Low"
value_analysis="Bearish Trend"
Aroon_change="FALSE"
Aroon_momentum="97"
Volume_recent_avg="44213"
Change_recent_avg="0.01"
Delta_recent_avg="0.01"
Variance_recent_avg="0.01"
Change_ratio_recent_avg="0.03"
RSI_change="FALSE"
ADX_change="FALSE"

event="FALSE"
Aroon_signal="positive"
Aroon_change="FALSE"
Aroon_momentum_positive="97"
Aroon_momentum_negative="3"
image_negative_thumbnail_id_1="142"
image_negative_url_1="https://hehge.com/wp-content/uploads/sites/16/2023/05/MI_Finance_Negative_Landscape_0034.jpeg"
image_negative_thumbnail_id_2="1092"
image_negative_url_2="https://hehge.com/wp-content/uploads/sites/16/2023/06/MI_Finance_Negative_Landscape_0125.jpeg"
image_neutral_thumbnail_id_1="596"
image_neutral_url_1="https://hehge.com/wp-content/uploads/sites/16/2023/06/MI_Finance_Neutral_Landscape_0003.jpeg"
image_neutral_thumbnail_id_2="565"
image_neutral_url_2="https://hehge.com/wp-content/uploads/sites/16/2023/06/MI_Finance_Neutral_Landscape_0034.jpeg"
image_positive_thumbnail_id_1="621"
image_positive_url_1="https://hehge.com/wp-content/uploads/sites/16/2023/06/MI_Finance_Positive_Landscape_0087.jpeg"
image_positive_thumbnail_id_2="610"
image_positive_url_2="https://hehge.com/wp-content/uploads/sites/16/2023/06/MI_Finance_Positive_Landscape_0098.jpeg"
image_professor_thumbnail_id_1="1173"
image_professor_url_1="https://hehge.com/wp-content/uploads/sites/16/2023/06/MI_Finance_Professor_Landscape_0007.jpeg"
image_professor_thumbnail_id_2="1204"
image_professor_url_2="https://hehge.com/wp-content/uploads/sites/16/2023/06/MI_Finance_Professor_Landscape_0038.jpeg"
