Symbol="LFT"
AssetType="Common Stock"
Name="Lument Finance Trust Inc"
Description="Lument Finance Trust, Inc., a real estate investment trust, focuses on investing, financing and managing a portfolio of commercial real estate debt investments in the United States. The company is headquartered in New York, New York."
CIK="1547546"
Exchange="NYSE"
Currency="USD"
Country="USA"
Sector="REAL ESTATE & CONSTRUCTION"
Industry="REAL ESTATE INVESTMENT TRUSTS"
Address="641 LEXINGTON AVENUE, SUITE 1432, NEW YORK, NY, US"
FiscalYearEnd="December"
LatestQuarter="2023-03-31"
MarketCapitalization="106029000"
EBITDA="None"
PERatio="13.53"
PEGRatio="None"
BookValue="3.513"
DividendPerShare="0.24"
DividendYield="0.118"
EPS="0.15"
RevenuePerShareTTM="0.445"
ProfitMargin="0.544"
OperatingMarginTTM="0.542"
ReturnOnAssetsTTM="0.0112"
ReturnOnEquityTTM="0.0517"
RevenueTTM="23287300"
GrossProfitTTM="21066800"
DilutedEPSTTM="0.15"
QuarterlyEarningsGrowthYOY="0.807"
QuarterlyRevenueGrowthYOY="0.645"
AnalystTargetPrice="2.5"
TrailingPE="13.53"
ForwardPE="-"
PriceToSalesRatioTTM="4.487"
PriceToBookRatio="0.52"
EVToRevenue="-"
EVToEBITDA="-"
Beta="1.176"
num_52WeekHigh="2.412"
num_52WeekLow="1.482"
num_50DayMovingAverage="1.881"
num_200DayMovingAverage="1.989"
SharesOutstanding="52231000"
DividendDate="2023-07-17"
ExDividendDate="2023-06-29"
symbol="LFT"
open="2.03"
high="2.06"
low="2.02"
price="2.04"
volume="19704.00"
latest_trading_day="2023-07-24"
previous_close="2.03"
change="0.01"
change_percent="0.2463%"
aroon_positive_momentum_days="25"
aroon_negative_momentum_days="0"
trend_strength="Absent or Weak Trend"
buying_signal="Strong Buy Signal"
volume_analysis="Target Volume"
value_analysis="Expected Range"
Aroon_change="FALSE"
Aroon_momentum="25"
Volume_recent_avg="39982"
Change_recent_avg="0.01"
Delta_recent_avg="0.06"
Variance_recent_avg="0.03"
Change_ratio_recent_avg="-0.2"
RSI_change="FALSE"
ADX_change="FALSE"

event="FALSE"
Aroon_signal="positive"
Aroon_change="FALSE"
Aroon_momentum_positive="25"
Aroon_momentum_negative="75"
image_negative_thumbnail_id_1="500"
image_negative_url_1="https://hehge.com/wp-content/uploads/sites/16/2023/06/MI_Finance_Negative_Landscape_0105.jpeg"
image_negative_thumbnail_id_2="119"
image_negative_url_2="https://hehge.com/wp-content/uploads/sites/16/2023/05/MI_Finance_Negative_Landscape_0057.jpeg"
image_neutral_thumbnail_id_1="587"
image_neutral_url_1="https://hehge.com/wp-content/uploads/sites/16/2023/06/MI_Finance_Neutral_Landscape_0012.jpeg"
image_neutral_thumbnail_id_2="571"
image_neutral_url_2="https://hehge.com/wp-content/uploads/sites/16/2023/06/MI_Finance_Neutral_Landscape_0028.jpeg"
image_positive_thumbnail_id_1="670"
image_positive_url_1="https://hehge.com/wp-content/uploads/sites/16/2023/06/MI_Finance_Positive_Landscape_0038.jpeg"
image_positive_thumbnail_id_2="609"
image_positive_url_2="https://hehge.com/wp-content/uploads/sites/16/2023/06/MI_Finance_Positive_Landscape_0099.jpeg"
image_professor_thumbnail_id_1="1194"
image_professor_url_1="https://hehge.com/wp-content/uploads/sites/16/2023/06/MI_Finance_Professor_Landscape_0028.jpeg"
image_professor_thumbnail_id_2="1185"
image_professor_url_2="https://hehge.com/wp-content/uploads/sites/16/2023/06/MI_Finance_Professor_Landscape_0019.jpeg"
