Symbol="RADI"
AssetType="Common Stock"
Name="Radius Global Infrastructure Inc"
Description="Radius Global Infrastructure, Inc., is engaged in the acquisition and rental of wireless telecommunications real estate. The company is headquartered in New York, New York."
CIK="1810739"
Exchange="NASDAQ"
Currency="USD"
Country="USA"
Sector="REAL ESTATE & CONSTRUCTION"
Industry="LESSORS OF REAL PROPERTY, NEC"
Address="3 BALA PLAZA EAST, SUITE 502, BALA CYNWYD, PA, US"
FiscalYearEnd="December"
LatestQuarter="2023-03-31"
MarketCapitalization="1481007000"
EBITDA="29112000"
PERatio="None"
PEGRatio="None"
BookValue="6.37"
DividendPerShare="0"
DividendYield="0"
EPS="-1.51"
RevenuePerShareTTM="1.543"
ProfitMargin="-0.697"
OperatingMarginTTM="-0.384"
ReturnOnAssetsTTM="-0.0143"
ReturnOnEquityTTM="-0.15"
RevenueTTM="146071000"
GrossProfitTTM="128507000"
DilutedEPSTTM="-1.51"
QuarterlyEarningsGrowthYOY="0"
QuarterlyRevenueGrowthYOY="0.347"
AnalystTargetPrice="15"
TrailingPE="-"
ForwardPE="45.45"
PriceToSalesRatioTTM="9.15"
PriceToBookRatio="1.873"
EVToRevenue="17.65"
EVToEBITDA="13.73"
Beta="0.579"
num_52WeekHigh="15.99"
num_52WeekLow="7.97"
num_50DayMovingAverage="14.79"
num_200DayMovingAverage="12.84"
SharesOutstanding="99664000"
DividendDate="None"
ExDividendDate="None"
symbol="RADI"
open="14.86"
high="14.89"
low="14.86"
price="14.88"
volume="958946.00"
latest_trading_day="2023-07-10"
previous_close="14.87"
change="0.01"
change_percent="0.0672%"
aroon_positive_momentum_days="0"
aroon_negative_momentum_days="4"
trend_strength="Absent or Weak Trend"
buying_signal="High Volatility / Hold Signal"
volume_analysis="Target Volume"
value_analysis="Expected Range"
Aroon_change="FALSE"
Aroon_momentum="96"
Volume_recent_avg="2553741"
Change_recent_avg="0.01"
Delta_recent_avg="0.14"
Variance_recent_avg="0.07"
Change_ratio_recent_avg="0.07"
RSI_change="FALSE"
ADX_change="FALSE"

event="FALSE"
Aroon_signal="negative"
Aroon_change="FALSE"
Aroon_momentum_positive="96"
Aroon_momentum_negative="4"
image_negative_thumbnail_id_1="155"
image_negative_url_1="https://hehge.com/wp-content/uploads/sites/16/2023/05/MI_Finance_Negative_Landscape_0021.jpeg"
image_negative_thumbnail_id_2="1099"
image_negative_url_2="https://hehge.com/wp-content/uploads/sites/16/2023/06/MI_Finance_Negative_Landscape_0132.jpeg"
image_neutral_thumbnail_id_1="563"
image_neutral_url_1="https://hehge.com/wp-content/uploads/sites/16/2023/06/MI_Finance_Neutral_Landscape_0036.jpeg"
image_neutral_thumbnail_id_2="561"
image_neutral_url_2="https://hehge.com/wp-content/uploads/sites/16/2023/06/MI_Finance_Neutral_Landscape_0038.jpeg"
image_positive_thumbnail_id_1="697"
image_positive_url_1="https://hehge.com/wp-content/uploads/sites/16/2023/06/MI_Finance_Positive_Landscape_0011.jpeg"
image_positive_thumbnail_id_2="600"
image_positive_url_2="https://hehge.com/wp-content/uploads/sites/16/2023/06/MI_Finance_Positive_Landscape_0108.jpeg"
image_professor_thumbnail_id_1="1191"
image_professor_url_1="https://hehge.com/wp-content/uploads/sites/16/2023/06/MI_Finance_Professor_Landscape_0025.jpeg"
image_professor_thumbnail_id_2="1185"
image_professor_url_2="https://hehge.com/wp-content/uploads/sites/16/2023/06/MI_Finance_Professor_Landscape_0019.jpeg"
