Symbol="ROCL"
AssetType="Common Stock"
Name="Roth CH Acquisition V Co"
Description="Roth Ch Acquisition V Co. intends to acquire assets and businesses through a merger, share exchange, share purchase, recapitalization, reorganization or other similar business combination. The company is headquartered in Newport Beach, California."
CIK="1885998"
Exchange="NASDAQ"
Currency="USD"
Country="USA"
Sector="REAL ESTATE & CONSTRUCTION"
Industry="BLANK CHECKS"
Address="888 SAN CLEMENTE DRIVE SUITE 400, NEWPORT BEACH, CA, US"
FiscalYearEnd="December"
LatestQuarter="2023-03-31"
MarketCapitalization="152816000"
EBITDA="None"
PERatio="147.14"
PEGRatio="None"
BookValue="0.04"
DividendPerShare="0"
DividendYield="0"
EPS="0.07"
RevenuePerShareTTM="0"
ProfitMargin="0"
OperatingMarginTTM="0"
ReturnOnAssetsTTM="-0.003"
ReturnOnEquityTTM="2.023"
RevenueTTM="0"
GrossProfitTTM="0"
DilutedEPSTTM="0.07"
QuarterlyEarningsGrowthYOY="0"
QuarterlyRevenueGrowthYOY="0"
AnalystTargetPrice="None"
TrailingPE="147.14"
ForwardPE="-"
PriceToSalesRatioTTM="-"
PriceToBookRatio="1.257"
EVToRevenue="-"
EVToEBITDA="-254.54"
Beta="None"
num_52WeekHigh="11.36"
num_52WeekLow="9.85"
num_50DayMovingAverage="10.32"
num_200DayMovingAverage="10.2"
SharesOutstanding="14836500"
DividendDate="None"
ExDividendDate="None"
symbol="ROCL"
open="10.30"
high="10.30"
low="10.30"
price="10.30"
volume="2.00"
latest_trading_day="2023-07-26"
previous_close="10.30"
change="0.00"
change_percent="0.0000%"
aroon_positive_momentum_days="76"
aroon_negative_momentum_days="0"
trend_strength="Very Strong Trend"
buying_signal="High Volatility / Hold Signal"
volume_analysis="Target Volume"
value_analysis="Expected Range"
Aroon_change="FALSE"
Aroon_momentum="76"
Volume_recent_avg="41442"
Change_recent_avg="-0.04"
Delta_recent_avg="0.1"
Variance_recent_avg="0.05"
Change_ratio_recent_avg="-0.37"
RSI_change="FALSE"
ADX_change="FALSE"

event="FALSE"
Aroon_signal="positive"
Aroon_change="FALSE"
Aroon_momentum_positive="76"
Aroon_momentum_negative="24"
image_negative_thumbnail_id_1="1166"
image_negative_url_1="https://hehge.com/wp-content/uploads/sites/16/2023/06/MI_Finance_Positive_Negative_0187.jpeg"
image_negative_thumbnail_id_2="168"
image_negative_url_2="https://hehge.com/wp-content/uploads/sites/16/2023/05/MI_Finance_Negative_Landscape_0008.jpeg"
image_neutral_thumbnail_id_1="535"
image_neutral_url_1="https://hehge.com/wp-content/uploads/sites/16/2023/06/MI_Finance_Neutral_Landscape_0064.jpeg"
image_neutral_thumbnail_id_2="550"
image_neutral_url_2="https://hehge.com/wp-content/uploads/sites/16/2023/06/MI_Finance_Neutral_Landscape_0049.jpeg"
image_positive_thumbnail_id_1="695"
image_positive_url_1="https://hehge.com/wp-content/uploads/sites/16/2023/06/MI_Finance_Positive_Landscape_0013.jpeg"
image_positive_thumbnail_id_2="1006"
image_positive_url_2="https://hehge.com/wp-content/uploads/sites/16/2023/06/MI_Finance_Positive_Landscape_0168.jpeg"
image_professor_thumbnail_id_1="1175"
image_professor_url_1="https://hehge.com/wp-content/uploads/sites/16/2023/06/MI_Finance_Professor_Landscape_0009.jpeg"
image_professor_thumbnail_id_2="1187"
image_professor_url_2="https://hehge.com/wp-content/uploads/sites/16/2023/06/MI_Finance_Professor_Landscape_0021.jpeg"
