Symbol="FTHM"
AssetType="Common Stock"
Name="Fathom Holdings Inc"
Description="Fathom Holdings Inc. provides cloud-based real estate brokerage services in the southern, Atlantic, southwestern, and western parts of the United States. The company is headquartered in Cary, North Carolina."
CIK="1753162"
Exchange="NASDAQ"
Currency="USD"
Country="USA"
Sector="REAL ESTATE & CONSTRUCTION"
Industry="REAL ESTATE AGENTS & MANAGERS (FOR OTHERS)"
Address="211 NEW EDITION COURT, SUITE 211, CARY, NC, US"
FiscalYearEnd="December"
LatestQuarter="2023-03-31"
MarketCapitalization="135454000"
EBITDA="-23224000"
PERatio="None"
PEGRatio="None"
BookValue="3.273"
DividendPerShare="0"
DividendYield="0"
EPS="-1.77"
RevenuePerShareTTM="25.15"
ProfitMargin="-0.0683"
OperatingMarginTTM="-0.0666"
ReturnOnAssetsTTM="-0.181"
ReturnOnEquityTTM="-0.389"
RevenueTTM="400423000"
GrossProfitTTM="32469000"
DilutedEPSTTM="-1.77"
QuarterlyEarningsGrowthYOY="0"
QuarterlyRevenueGrowthYOY="-0.139"
AnalystTargetPrice="7.5"
TrailingPE="-"
ForwardPE="-"
PriceToSalesRatioTTM="0.241"
PriceToBookRatio="1.446"
EVToRevenue="0.237"
EVToEBITDA="-6.39"
Beta="1.756"
num_52WeekHigh="8.47"
num_52WeekLow="3.25"
num_50DayMovingAverage="6.58"
num_200DayMovingAverage="5.3"
SharesOutstanding="18060500"
DividendDate="None"
ExDividendDate="None"
symbol="FTHM"
open="7.43"
high="7.69"
low="7.33"
price="7.50"
volume="20081.00"
latest_trading_day="2023-07-21"
previous_close="7.30"
change="0.20"
change_percent="2.7397%"
aroon_positive_momentum_days="51"
aroon_negative_momentum_days="0"
trend_strength="Absent or Weak Trend"
buying_signal="Strong Buy Signal"
volume_analysis="Target Volume"
value_analysis="Expected Range"
Aroon_change="FALSE"
Aroon_momentum="51"
Volume_recent_avg="35942"
Change_recent_avg="0.02"
Delta_recent_avg="0.42"
Variance_recent_avg="0.21"
Change_ratio_recent_avg="0.26"
RSI_change="FALSE"
ADX_change="FALSE"

event="FALSE"
Aroon_signal="positive"
Aroon_change="FALSE"
Aroon_momentum_positive="51"
Aroon_momentum_negative="49"
image_negative_thumbnail_id_1="1101"
image_negative_url_1="https://hehge.com/wp-content/uploads/sites/16/2023/06/MI_Finance_Negative_Landscape_0134.jpeg"
image_negative_thumbnail_id_2="1151"
image_negative_url_2="https://hehge.com/wp-content/uploads/sites/16/2023/06/MI_Finance_Negative_Landscape_0184.jpeg"
image_neutral_thumbnail_id_1="549"
image_neutral_url_1="https://hehge.com/wp-content/uploads/sites/16/2023/06/MI_Finance_Neutral_Landscape_0050.jpeg"
image_neutral_thumbnail_id_2="587"
image_neutral_url_2="https://hehge.com/wp-content/uploads/sites/16/2023/06/MI_Finance_Neutral_Landscape_0012.jpeg"
image_positive_thumbnail_id_1="685"
image_positive_url_1="https://hehge.com/wp-content/uploads/sites/16/2023/06/MI_Finance_Positive_Landscape_0023.jpeg"
image_positive_thumbnail_id_2="687"
image_positive_url_2="https://hehge.com/wp-content/uploads/sites/16/2023/06/MI_Finance_Positive_Landscape_0021.jpeg"
image_professor_thumbnail_id_1="1203"
image_professor_url_1="https://hehge.com/wp-content/uploads/sites/16/2023/06/MI_Finance_Professor_Landscape_0037.jpeg"
image_professor_thumbnail_id_2="1188"
image_professor_url_2="https://hehge.com/wp-content/uploads/sites/16/2023/06/MI_Finance_Professor_Landscape_0022.jpeg"
