Symbol="CVEO"
AssetType="Common Stock"
Name="Civeo Corp"
Description="Civeo Corporation provides hospitality services to the natural resources industry in Canada, Australia and the United States. The company is headquartered in Houston, Texas."
CIK="1590584"
Exchange="NYSE"
Currency="USD"
Country="USA"
Sector="REAL ESTATE & CONSTRUCTION"
Industry="HOTELS, ROOMING HOUSES, CAMPS & OTHER LODGING PLACES"
Address="THREE ALLEN CENTER, 333 CLAY STREET, SUITE 4980, HOUSTON, TX, US"
FiscalYearEnd="December"
LatestQuarter="2023-03-31"
MarketCapitalization="297828000"
EBITDA="103347000"
PERatio="None"
PEGRatio="10"
BookValue="19.18"
DividendPerShare="0"
DividendYield="0"
EPS="-0.7"
RevenuePerShareTTM="48.99"
ProfitMargin="-0.0054"
OperatingMarginTTM="0.0209"
ReturnOnAssetsTTM="0.0149"
ReturnOnEquityTTM="-0.0057"
RevenueTTM="698965000"
GrossProfitTTM="179989000"
DilutedEPSTTM="-0.7"
QuarterlyEarningsGrowthYOY="84.5"
QuarterlyRevenueGrowthYOY="0.012"
AnalystTargetPrice="32"
TrailingPE="-"
ForwardPE="100"
PriceToSalesRatioTTM="0.568"
PriceToBookRatio="1.501"
EVToRevenue="0.859"
EVToEBITDA="4.436"
Beta="2.575"
num_52WeekHigh="36.88"
num_52WeekLow="17.87"
num_50DayMovingAverage="20.05"
num_200DayMovingAverage="25.71"
SharesOutstanding="15049400"
DividendDate="2020-11-20"
ExDividendDate="2014-11-13"
symbol="CVEO"
open="19.81"
high="20.17"
low="19.80"
price="19.87"
volume="12147.00"
latest_trading_day="2023-07-13"
previous_close="19.79"
change="0.08"
change_percent="0.4042%"
aroon_positive_momentum_days="10"
aroon_negative_momentum_days="0"
trend_strength="Absent or Weak Trend"
buying_signal="Weak Buy Signal"
volume_analysis="Target Volume"
value_analysis="Expected Range"
Aroon_change="FALSE"
Aroon_momentum="10"
Volume_recent_avg="85061"
Change_recent_avg="-0.15"
Delta_recent_avg="1.01"
Variance_recent_avg="0.51"
Change_ratio_recent_avg="-0.64"
RSI_change="FALSE"
ADX_change="FALSE"

event="FALSE"
Aroon_signal="positive"
Aroon_change="FALSE"
Aroon_momentum_positive="10"
Aroon_momentum_negative="90"
image_negative_thumbnail_id_1="1123"
image_negative_url_1="https://hehge.com/wp-content/uploads/sites/16/2023/06/MI_Finance_Negative_Landscape_0156.jpeg"
image_negative_thumbnail_id_2="174"
image_negative_url_2="https://hehge.com/wp-content/uploads/sites/16/2023/05/MI_Finance_Negative_Landscape_0002.jpeg"
image_neutral_thumbnail_id_1="556"
image_neutral_url_1="https://hehge.com/wp-content/uploads/sites/16/2023/06/MI_Finance_Neutral_Landscape_0043.jpeg"
image_neutral_thumbnail_id_2="589"
image_neutral_url_2="https://hehge.com/wp-content/uploads/sites/16/2023/06/MI_Finance_Neutral_Landscape_0010.jpeg"
image_positive_thumbnail_id_1="690"
image_positive_url_1="https://hehge.com/wp-content/uploads/sites/16/2023/06/MI_Finance_Positive_Landscape_0018.jpeg"
image_positive_thumbnail_id_2="603"
image_positive_url_2="https://hehge.com/wp-content/uploads/sites/16/2023/06/MI_Finance_Positive_Landscape_0105.jpeg"
image_professor_thumbnail_id_1="1201"
image_professor_url_1="https://hehge.com/wp-content/uploads/sites/16/2023/06/MI_Finance_Professor_Landscape_0035.jpeg"
image_professor_thumbnail_id_2="1186"
image_professor_url_2="https://hehge.com/wp-content/uploads/sites/16/2023/06/MI_Finance_Professor_Landscape_0020.jpeg"
