Symbol="NBST"
AssetType="Common Stock"
Name="Newbury Street Acquisition Corp"
Description="Newbury Street Acquisition Corporation focuses on effecting a merger, capital stock exchange, asset acquisition, stock purchase, reorganization or similar business combination with one or more companies. The company is headquartered in Boston, Massachusetts."
CIK="1831978"
Exchange="NASDAQ"
Currency="USD"
Country="USA"
Sector="REAL ESTATE & CONSTRUCTION"
Industry="BLANK CHECKS"
Address="8 NEWBURY STREET, BOSTON, MA, US"
FiscalYearEnd="December"
LatestQuarter="2023-03-31"
MarketCapitalization="93725000"
EBITDA="None"
PERatio="None"
PEGRatio="None"
BookValue="-0.45"
DividendPerShare="0"
DividendYield="0"
EPS="-0.31"
RevenuePerShareTTM="0"
ProfitMargin="0"
OperatingMarginTTM="0"
ReturnOnAssetsTTM="-0.015"
ReturnOnEquityTTM="0"
RevenueTTM="0"
GrossProfitTTM="0"
DilutedEPSTTM="-0.31"
QuarterlyEarningsGrowthYOY="0"
QuarterlyRevenueGrowthYOY="0"
AnalystTargetPrice="None"
TrailingPE="-"
ForwardPE="-"
PriceToSalesRatioTTM="-"
PriceToBookRatio="1.294"
EVToRevenue="-"
EVToEBITDA="-100.47"
Beta="0.0191"
num_52WeekHigh="11.22"
num_52WeekLow="9.77"
num_50DayMovingAverage="10.35"
num_200DayMovingAverage="10.13"
SharesOutstanding="8917700"
DividendDate="None"
ExDividendDate="None"
symbol="NBST"
open="10.51"
high="10.51"
low="10.51"
price="10.51"
volume="0.00"
latest_trading_day="2023-07-14"
previous_close="10.51"
change="0.00"
change_percent="0.0000%"
aroon_positive_momentum_days="74"
aroon_negative_momentum_days="0"
trend_strength="Very Strong Trend"
buying_signal="Weak Buy Signal"
volume_analysis="Target Volume"
value_analysis="Expected Range"
Aroon_change="TRUE"
Aroon_momentum="74"
Volume_recent_avg="42661"
Change_recent_avg="-0.04"
Delta_recent_avg="0.1"
Variance_recent_avg="0.05"
Change_ratio_recent_avg="-0.35"
RSI_change="FALSE"
ADX_change="FALSE"
Aroon_signal="positive"
Aroon_change="TRUE"
Aroon_momentum_positive="74"
Aroon_momentum_negative="26"
image_negative_thumbnail_id_1="491"
image_negative_url_1="https://hehge.com/wp-content/uploads/sites/16/2023/06/MI_Finance_Negative_Landscape_0114.jpeg"
image_negative_thumbnail_id_2="96"
image_negative_url_2="https://hehge.com/wp-content/uploads/sites/16/2023/05/MI_Finance_Negative_Landscape_0080.jpeg"
image_neutral_thumbnail_id_1="567"
image_neutral_url_1="https://hehge.com/wp-content/uploads/sites/16/2023/06/MI_Finance_Neutral_Landscape_0032.jpeg"
image_neutral_thumbnail_id_2="569"
image_neutral_url_2="https://hehge.com/wp-content/uploads/sites/16/2023/06/MI_Finance_Neutral_Landscape_0030.jpeg"
image_positive_thumbnail_id_1="999"
image_positive_url_1="https://hehge.com/wp-content/uploads/sites/16/2023/06/MI_Finance_Positive_Landscape_0161.jpeg"
image_positive_thumbnail_id_2="962"
image_positive_url_2="https://hehge.com/wp-content/uploads/sites/16/2023/06/MI_Finance_Positive_Landscape_0124.jpeg"
image_professor_thumbnail_id_1="1183"
image_professor_url_1="https://hehge.com/wp-content/uploads/sites/16/2023/06/MI_Finance_Professor_Landscape_0017.jpeg"
image_professor_thumbnail_id_2="1203"
image_professor_url_2="https://hehge.com/wp-content/uploads/sites/16/2023/06/MI_Finance_Professor_Landscape_0037.jpeg"
