Symbol="CNTY"
AssetType="Common Stock"
Name="Century Casinos Inc"
Description="Century Casinos, Inc. is a worldwide casino entertainment company. The company is headquartered in Colorado Springs, Colorado."
CIK="911147"
Exchange="NASDAQ"
Currency="USD"
Country="USA"
Sector="REAL ESTATE & CONSTRUCTION"
Industry="HOTELS & MOTELS"
Address="455 E. PIKES PEAK AVE, SUITE 210, COLORADO SPRINGS, CO, US"
FiscalYearEnd="December"
LatestQuarter="2023-03-31"
MarketCapitalization="235555000"
EBITDA="98346000"
PERatio="37.9"
PEGRatio="0.767"
BookValue="4.704"
DividendPerShare="0"
DividendYield="0"
EPS="0.2"
RevenuePerShareTTM="14.58"
ProfitMargin="0.0149"
OperatingMarginTTM="0.163"
ReturnOnAssetsTTM="0.056"
ReturnOnEquityTTM="0.0913"
RevenueTTM="435934000"
GrossProfitTTM="199093000"
DilutedEPSTTM="0.2"
QuarterlyEarningsGrowthYOY="-0.75"
QuarterlyRevenueGrowthYOY="0.052"
AnalystTargetPrice="11.4"
TrailingPE="37.9"
ForwardPE="17.61"
PriceToSalesRatioTTM="0.528"
PriceToBookRatio="1.524"
EVToRevenue="1.811"
EVToEBITDA="7.4"
Beta="2.512"
num_52WeekHigh="10.41"
num_52WeekLow="6.1"
num_50DayMovingAverage="7.11"
num_200DayMovingAverage="7.55"
SharesOutstanding="30334900"
DividendDate="None"
ExDividendDate="None"
symbol="CNTY"
open="7.57"
high="7.77"
low="7.52"
price="7.61"
volume="49688.00"
latest_trading_day="2023-07-13"
previous_close="7.58"
change="0.03"
change_percent="0.3958%"
aroon_positive_momentum_days="39"
aroon_negative_momentum_days="0"
trend_strength="Absent or Weak Trend"
buying_signal="Weak Buy Signal"
volume_analysis="Target Volume"
value_analysis="Expected Range"
Aroon_change="FALSE"
Aroon_momentum="39"
Volume_recent_avg="66061"
Change_recent_avg="-0.01"
Delta_recent_avg="0.29"
Variance_recent_avg="0.15"
Change_ratio_recent_avg="-0.15"
RSI_change="FALSE"
ADX_change="FALSE"

event="FALSE"
Aroon_signal="positive"
Aroon_change="FALSE"
Aroon_momentum_positive="39"
Aroon_momentum_negative="61"
image_negative_thumbnail_id_1="175"
image_negative_url_1="https://hehge.com/wp-content/uploads/sites/16/2023/05/MI_Finance_Negative_Landscape_0001.jpeg"
image_negative_thumbnail_id_2="506"
image_negative_url_2="https://hehge.com/wp-content/uploads/sites/16/2023/06/MI_Finance_Negative_Landscape_0099.jpeg"
image_neutral_thumbnail_id_1="575"
image_neutral_url_1="https://hehge.com/wp-content/uploads/sites/16/2023/06/MI_Finance_Neutral_Landscape_0024.jpeg"
image_neutral_thumbnail_id_2="562"
image_neutral_url_2="https://hehge.com/wp-content/uploads/sites/16/2023/06/MI_Finance_Neutral_Landscape_0037.jpeg"
image_positive_thumbnail_id_1="694"
image_positive_url_1="https://hehge.com/wp-content/uploads/sites/16/2023/06/MI_Finance_Positive_Landscape_0014.jpeg"
image_positive_thumbnail_id_2="948"
image_positive_url_2="https://hehge.com/wp-content/uploads/sites/16/2023/06/MI_Finance_Positive_Landscape_0110.jpeg"
image_professor_thumbnail_id_1="1185"
image_professor_url_1="https://hehge.com/wp-content/uploads/sites/16/2023/06/MI_Finance_Professor_Landscape_0019.jpeg"
image_professor_thumbnail_id_2="1172"
image_professor_url_2="https://hehge.com/wp-content/uploads/sites/16/2023/06/MI_Finance_Professor_Landscape_0006.jpeg"
