Symbol="MHO"
AssetType="Common Stock"
Name="M/I Homes Inc"
Description="M / I Homes, Inc., is a builder of single-family homes in Ohio, Indiana, Illinois, Michigan, Minnesota, North Carolina, Florida and Texas, United States. The company is headquartered in Columbus, Ohio."
CIK="799292"
Exchange="NYSE"
Currency="USD"
Country="USA"
Sector="REAL ESTATE & CONSTRUCTION"
Industry="OPERATIVE BUILDERS"
Address="3 EASTON OVAL STE 500, COLUMBUS, OH, US"
FiscalYearEnd="December"
LatestQuarter="2023-03-31"
MarketCapitalization="2560028000"
EBITDA="675712000"
PERatio="5.34"
PEGRatio="0.78"
BookValue="78.77"
DividendPerShare="0"
DividendYield="0"
EPS="17.75"
RevenuePerShareTTM="154.36"
ProfitMargin="0.117"
OperatingMarginTTM="0.155"
ReturnOnAssetsTTM="0.117"
ReturnOnEquityTTM="25.82"
RevenueTTM="4271112000"
GrossProfitTTM="1057072000"
DilutedEPSTTM="17.8"
QuarterlyEarningsGrowthYOY="0.152"
QuarterlyRevenueGrowthYOY="0.162"
AnalystTargetPrice="89.5"
TrailingPE="5.17"
ForwardPE="17.36"
PriceToSalesRatioTTM="0.328"
PriceToBookRatio="0.659"
EVToRevenue="0.541"
EVToEBITDA="3.459"
Beta="1.972"
num_52WeekHigh="92.07"
num_52WeekLow="35.37"
num_50DayMovingAverage="76.41"
num_200DayMovingAverage="57.91"
SharesOutstanding="27829400"
DividendDate="None"
ExDividendDate="2008-06-27"
symbol="MHO"
open="91.14"
high="92.07"
low="90.01"
price="91.99"
volume="186419.00"
latest_trading_day="2023-07-14"
previous_close="90.43"
change="1.56"
change_percent="1.7251%"
aroon_positive_momentum_days="100"
aroon_negative_momentum_days="0"
trend_strength="Absent or Weak Trend"
buying_signal="Strong Buy Signal"
volume_analysis="Trending Low"
value_analysis="Bearish Trend"
Aroon_change="FALSE"
Aroon_momentum="100"
Volume_recent_avg="323360"
Change_recent_avg="0.25"
Delta_recent_avg="1.86"
Variance_recent_avg="0.93"
Change_ratio_recent_avg="0.32"
RSI_change="FALSE"
ADX_change="FALSE"
Aroon_signal="positive"
Aroon_change="FALSE"
Aroon_momentum_positive="100"
Aroon_momentum_negative="0"
image_negative_thumbnail_id_1="168"
image_negative_url_1="https://hehge.com/wp-content/uploads/sites/16/2023/05/MI_Finance_Negative_Landscape_0008.jpeg"
image_negative_thumbnail_id_2="1160"
image_negative_url_2="https://hehge.com/wp-content/uploads/sites/16/2023/06/MI_Finance_Negative_Landscape_0194.jpeg"
image_neutral_thumbnail_id_1="566"
image_neutral_url_1="https://hehge.com/wp-content/uploads/sites/16/2023/06/MI_Finance_Neutral_Landscape_0033.jpeg"
image_neutral_thumbnail_id_2="571"
image_neutral_url_2="https://hehge.com/wp-content/uploads/sites/16/2023/06/MI_Finance_Neutral_Landscape_0028.jpeg"
image_positive_thumbnail_id_1="684"
image_positive_url_1="https://hehge.com/wp-content/uploads/sites/16/2023/06/MI_Finance_Positive_Landscape_0024.jpeg"
image_positive_thumbnail_id_2="697"
image_positive_url_2="https://hehge.com/wp-content/uploads/sites/16/2023/06/MI_Finance_Positive_Landscape_0011.jpeg"
image_professor_thumbnail_id_1="1200"
image_professor_url_1="https://hehge.com/wp-content/uploads/sites/16/2023/06/MI_Finance_Professor_Landscape_0034.jpeg"
image_professor_thumbnail_id_2="1176"
image_professor_url_2="https://hehge.com/wp-content/uploads/sites/16/2023/06/MI_Finance_Professor_Landscape_0010.jpeg"
