Symbol="ORGN"
AssetType="Common Stock"
Name="Origin Materials Inc"
Description="Origen Financial, Inc. is a real estate investment trust (REIT) in the United States. The company is headquartered in Southfield, Michigan."
CIK="1802457"
Exchange="NASDAQ"
Currency="USD"
Country="USA"
Sector="REAL ESTATE & CONSTRUCTION"
Industry="BLANK CHECKS"
Address="3 COLUMBUS CIRCLE, SUITE 2215, NEW YORK, NY, US"
FiscalYearEnd="December"
LatestQuarter="2023-03-31"
MarketCapitalization="617935000"
EBITDA="-42815000"
PERatio="7.56"
PEGRatio="0"
BookValue="2.819"
DividendPerShare="0"
DividendYield="0"
EPS="0.57"
RevenuePerShareTTM="0.012"
ProfitMargin="47.53"
OperatingMarginTTM="-25.63"
ReturnOnAssetsTTM="-0.0552"
ReturnOnEquityTTM="0.232"
RevenueTTM="1704000"
GrossProfitTTM="-3678"
DilutedEPSTTM="0.57"
QuarterlyEarningsGrowthYOY="0.4"
QuarterlyRevenueGrowthYOY="0"
AnalystTargetPrice="10.75"
TrailingPE="7.56"
ForwardPE="-"
PriceToSalesRatioTTM="7.18"
PriceToBookRatio="2.201"
EVToRevenue="-"
EVToEBITDA="6.1"
Beta="1.216"
num_52WeekHigh="7.35"
num_52WeekLow="1.24"
num_50DayMovingAverage="4.349"
num_200DayMovingAverage="4.745"
SharesOutstanding="143439000"
DividendDate="2020-02-25"
ExDividendDate="None"
symbol="ORGN"
open="1.83"
high="1.85"
low="1.24"
price="1.46"
volume="47217212.00"
latest_trading_day="2023-08-10"
previous_close="4.33"
change="-2.88"
change_percent="-66.3972%"
aroon_positive_momentum_days="0"
aroon_negative_momentum_days="71"
trend_strength="Absent or Weak Trend"
buying_signal="Weak Sell Signal"
volume_analysis="Trending High"
value_analysis="Bullish Trend"
Aroon_change="FALSE"
Aroon_momentum="29"
Volume_recent_avg="1645034"
Change_recent_avg="-0.02"
Delta_recent_avg="0.2"
Variance_recent_avg="0.1"
Change_ratio_recent_avg="-0.69"
RSI_change="FALSE"
ADX_change="FALSE"

event="FALSE"
Aroon_signal="negative"
Aroon_change="FALSE"
Aroon_momentum_positive="29"
Aroon_momentum_negative="71"
image_negative_thumbnail_id_1="164"
image_negative_url_1="https://hehge.com/wp-content/uploads/sites/16/2023/05/MI_Finance_Negative_Landscape_0012.jpeg"
image_negative_thumbnail_id_2="128"
image_negative_url_2="https://hehge.com/wp-content/uploads/sites/16/2023/05/MI_Finance_Negative_Landscape_0048.jpeg"
image_neutral_thumbnail_id_1="582"
image_neutral_url_1="https://hehge.com/wp-content/uploads/sites/16/2023/06/MI_Finance_Neutral_Landscape_0017.jpeg"
image_neutral_thumbnail_id_2="592"
image_neutral_url_2="https://hehge.com/wp-content/uploads/sites/16/2023/06/MI_Finance_Neutral_Landscape_0007.jpeg"
image_positive_thumbnail_id_1="669"
image_positive_url_1="https://hehge.com/wp-content/uploads/sites/16/2023/06/MI_Finance_Positive_Landscape_0039.jpeg"
image_positive_thumbnail_id_2="687"
image_positive_url_2="https://hehge.com/wp-content/uploads/sites/16/2023/06/MI_Finance_Positive_Landscape_0021.jpeg"
image_professor_thumbnail_id_1="1188"
image_professor_url_1="https://hehge.com/wp-content/uploads/sites/16/2023/06/MI_Finance_Professor_Landscape_0022.jpeg"
image_professor_thumbnail_id_2="1196"
image_professor_url_2="https://hehge.com/wp-content/uploads/sites/16/2023/06/MI_Finance_Professor_Landscape_0030.jpeg"
