Symbol="EXR"
AssetType="Common Stock"
Name="Extra Space Storage Inc"
Description="Extra Space Storage is a real estate investment trust headquartered in Cottonwood Heights, Utah that invests in self storage units."
CIK="1289490"
Exchange="NYSE"
Currency="USD"
Country="USA"
Sector="REAL ESTATE & CONSTRUCTION"
Industry="REAL ESTATE INVESTMENT TRUSTS"
Address="2795 COTTONWOOD PARKWAY, SUITE 400, SALT LAKE CITY, UT, US"
FiscalYearEnd="December"
LatestQuarter="2023-06-30"
MarketCapitalization="28635257000"
EBITDA="1425184000"
PERatio="20.65"
PEGRatio="4.209"
BookValue="24.11"
DividendPerShare="6.24"
DividendYield="0.0321"
EPS="6.35"
RevenuePerShareTTM="15.38"
ProfitMargin="0.399"
OperatingMarginTTM="0.543"
ReturnOnAssetsTTM="0.0599"
ReturnOnEquityTTM="0.222"
RevenueTTM="2065756000"
GrossProfitTTM="1515898000"
DilutedEPSTTM="6.35"
QuarterlyEarningsGrowthYOY="-0.131"
QuarterlyRevenueGrowthYOY="0.081"
AnalystTargetPrice="167.5"
TrailingPE="20.65"
ForwardPE="24.69"
PriceToSalesRatioTTM="11.61"
PriceToBookRatio="6.43"
EVToRevenue="15.2"
EVToEBITDA="19.1"
Beta="0.556"
num_52WeekHigh="206.91"
num_52WeekLow="123.67"
num_50DayMovingAverage="145.52"
num_200DayMovingAverage="153.71"
SharesOutstanding="211208000"
DividendDate="2023-07-19"
ExDividendDate="2023-07-12"
symbol="EXR"
open="126.40"
high="131.28"
low="126.39"
price="131.10"
volume="2812729.00"
latest_trading_day="2023-08-07"
previous_close="125.70"
change="5.40"
change_percent="4.2959%"
aroon_positive_momentum_days="0"
aroon_negative_momentum_days="64"
trend_strength="Absent or Weak Trend"
buying_signal="Weak Sell Signal"
volume_analysis="Target Volume"
value_analysis="Expected Range"
Aroon_change="FALSE"
Aroon_momentum="36"
Volume_recent_avg="1697537"
Change_recent_avg="-0.11"
Delta_recent_avg="3.5"
Variance_recent_avg="1.75"
Change_ratio_recent_avg="-0.09"
RSI_change="FALSE"
ADX_change="FALSE"

event="FALSE"
Aroon_signal="negative"
Aroon_change="FALSE"
Aroon_momentum_positive="36"
Aroon_momentum_negative="64"
image_negative_thumbnail_id_1="1097"
image_negative_url_1="https://hehge.com/wp-content/uploads/sites/16/2023/06/MI_Finance_Negative_Landscape_0130.jpeg"
image_negative_thumbnail_id_2="140"
image_negative_url_2="https://hehge.com/wp-content/uploads/sites/16/2023/05/MI_Finance_Negative_Landscape_0036.jpeg"
image_neutral_thumbnail_id_1="547"
image_neutral_url_1="https://hehge.com/wp-content/uploads/sites/16/2023/06/MI_Finance_Neutral_Landscape_0052.jpeg"
image_neutral_thumbnail_id_2="551"
image_neutral_url_2="https://hehge.com/wp-content/uploads/sites/16/2023/06/MI_Finance_Neutral_Landscape_0048.jpeg"
image_positive_thumbnail_id_1="976"
image_positive_url_1="https://hehge.com/wp-content/uploads/sites/16/2023/06/MI_Finance_Positive_Landscape_0138.jpeg"
image_positive_thumbnail_id_2="655"
image_positive_url_2="https://hehge.com/wp-content/uploads/sites/16/2023/06/MI_Finance_Positive_Landscape_0053.jpeg"
image_professor_thumbnail_id_1="1180"
image_professor_url_1="https://hehge.com/wp-content/uploads/sites/16/2023/06/MI_Finance_Professor_Landscape_0014.jpeg"
image_professor_thumbnail_id_2="1170"
image_professor_url_2="https://hehge.com/wp-content/uploads/sites/16/2023/06/MI_Finance_Professor_Landscape_0004.jpeg"
