Symbol="RCLFU"
AssetType="Common Stock"
Name="Rosecliff Acquisition I Corp"
Description="Rosecliff Acquisition Corp I, a blank checking company, focuses on effecting a merger, stock exchange, asset acquisition, stock purchase, reorganization / similar business combination with one or more companies. The company is headquartered in New York, New York."
CIK="1833498"
Exchange="NASDAQ"
Currency="USD"
Country="USA"
Sector="REAL ESTATE & CONSTRUCTION"
Industry="BLANK CHECKS"
Address="767 FIFTH AVENUE, 34TH FLOOR, NEW YORK, NY, US"
FiscalYearEnd="December"
LatestQuarter="2023-03-31"
MarketCapitalization="306762000"
EBITDA="None"
PERatio="201.32"
PEGRatio="None"
BookValue="-1.976"
DividendPerShare="0"
DividendYield="0"
EPS="0.053"
RevenuePerShareTTM="0"
ProfitMargin="0"
OperatingMarginTTM="0"
ReturnOnAssetsTTM="-0.0063"
ReturnOnEquityTTM="0"
RevenueTTM="0"
GrossProfitTTM="0"
DilutedEPSTTM="0.053"
QuarterlyEarningsGrowthYOY="-0.468"
QuarterlyRevenueGrowthYOY="0"
AnalystTargetPrice="None"
TrailingPE="201.32"
ForwardPE="-"
PriceToSalesRatioTTM="-"
PriceToBookRatio="-"
EVToRevenue="-"
EVToEBITDA="-"
Beta="0.0032"
num_52WeekHigh="15.47"
num_52WeekLow="9.63"
num_50DayMovingAverage="10.64"
num_200DayMovingAverage="10.28"
SharesOutstanding="0"
DividendDate="None"
ExDividendDate="None"
symbol="RCLFU"
open="10.67"
high="10.67"
low="10.67"
price="10.67"
volume="20.00"
latest_trading_day="2023-07-10"
previous_close="10.67"
change="0.00"
change_percent="0.0000%"
aroon_positive_momentum_days="0"
aroon_negative_momentum_days="39"
trend_strength="Strong Trend"
buying_signal="Weak Sell Signal"
volume_analysis="Target Volume"
value_analysis="Expected Range"
Aroon_change="TRUE"
Aroon_momentum="61"
Volume_recent_avg="1881"
Change_recent_avg="0.04"
Delta_recent_avg="0.16"
Variance_recent_avg="0.08"
Change_ratio_recent_avg="0.25"
RSI_change="FALSE"
ADX_change="FALSE"
Aroon_signal="negative"
Aroon_change="TRUE"
Aroon_momentum_positive="61"
Aroon_momentum_negative="39"
image_negative_thumbnail_id_1="504"
image_negative_url_1="https://hehge.com/wp-content/uploads/sites/16/2023/06/MI_Finance_Negative_Landscape_0101.jpeg"
image_negative_thumbnail_id_2="1117"
image_negative_url_2="https://hehge.com/wp-content/uploads/sites/16/2023/06/MI_Finance_Negative_Landscape_0150.jpeg"
image_neutral_thumbnail_id_1="531"
image_neutral_url_1="https://hehge.com/wp-content/uploads/sites/16/2023/06/MI_Finance_Neutral_Landscape_0068.jpeg"
image_neutral_thumbnail_id_2="579"
image_neutral_url_2="https://hehge.com/wp-content/uploads/sites/16/2023/06/MI_Finance_Neutral_Landscape_0020.jpeg"
image_positive_thumbnail_id_1="1014"
image_positive_url_1="https://hehge.com/wp-content/uploads/sites/16/2023/06/MI_Finance_Positive_Landscape_0176.jpeg"
image_positive_thumbnail_id_2="655"
image_positive_url_2="https://hehge.com/wp-content/uploads/sites/16/2023/06/MI_Finance_Positive_Landscape_0053.jpeg"
image_professor_thumbnail_id_1="1184"
image_professor_url_1="https://hehge.com/wp-content/uploads/sites/16/2023/06/MI_Finance_Professor_Landscape_0018.jpeg"
image_professor_thumbnail_id_2="1188"
image_professor_url_2="https://hehge.com/wp-content/uploads/sites/16/2023/06/MI_Finance_Professor_Landscape_0022.jpeg"
