Symbol="RLJ"
AssetType="Common Stock"
Name="RLJ Lodging Trust"
Description="RLJ Lodging Trust is a publicly traded and publicly traded real estate investment trust primarily owning premium brand, high margin, focused service and compact full service hotels. "
CIK="1511337"
Exchange="NYSE"
Currency="USD"
Country="USA"
Sector="REAL ESTATE & CONSTRUCTION"
Industry="REAL ESTATE INVESTMENT TRUSTS"
Address="3 BETHESDA METRO CENTER, SUITE 1000, BETHESDA, MD, US"
FiscalYearEnd="December"
LatestQuarter="2023-06-30"
MarketCapitalization="1511804000"
EBITDA="341403000"
PERatio="95.7"
PEGRatio="1.41"
BookValue="13.0"
DividendPerShare="0.26"
DividendYield="0.0269"
EPS="0.32"
RevenuePerShareTTM="8.13"
ProfitMargin="0.059"
OperatingMarginTTM="0.121"
ReturnOnAssetsTTM="0.0198"
ReturnOnEquityTTM="2.482"
RevenueTTM="1292278000"
GrossProfitTTM="363060000"
DilutedEPSTTM="0.26"
QuarterlyEarningsGrowthYOY="0.375"
QuarterlyRevenueGrowthYOY="0.08"
AnalystTargetPrice="14"
TrailingPE="37.23"
ForwardPE="22.12"
PriceToSalesRatioTTM="1.615"
PriceToBookRatio="0.897"
EVToRevenue="3.591"
EVToEBITDA="14.08"
Beta="1.736"
num_52WeekHigh="12.72"
num_52WeekLow="9.12"
num_50DayMovingAverage="10.17"
num_200DayMovingAverage="10.83"
SharesOutstanding="159150000"
DividendDate="2023-10-17"
ExDividendDate="2023-06-29"
symbol="RLJ"
open="9.50"
high="9.79"
low="9.46"
price="9.68"
volume="8064025.00"
latest_trading_day="2023-08-18"
previous_close="9.60"
change="0.08"
change_percent="0.8333%"
aroon_positive_momentum_days="0"
aroon_negative_momentum_days="85"
trend_strength="Absent or Weak Trend"
buying_signal="Strong Sell Signal"
volume_analysis="Target Volume"
value_analysis="Expected Range"
Aroon_change="FALSE"
Aroon_momentum="15"
Volume_recent_avg="1945111"
Change_recent_avg="0.01"
Delta_recent_avg="0.27"
Variance_recent_avg="0.13"
Change_ratio_recent_avg="0.02"
RSI_change="FALSE"
ADX_change="FALSE"

event="FALSE"
Aroon_signal="negative"
Aroon_change="FALSE"
Aroon_momentum_positive="15"
Aroon_momentum_negative="85"
image_negative_thumbnail_id_1="171"
image_negative_url_1="https://hehge.com/wp-content/uploads/sites/16/2023/05/MI_Finance_Negative_Landscape_0005.jpeg"
image_negative_thumbnail_id_2="1163"
image_negative_url_2="https://hehge.com/wp-content/uploads/sites/16/2023/06/MI_Finance_Negative_Landscape_0197.jpeg"
image_neutral_thumbnail_id_1="582"
image_neutral_url_1="https://hehge.com/wp-content/uploads/sites/16/2023/06/MI_Finance_Neutral_Landscape_0017.jpeg"
image_neutral_thumbnail_id_2="594"
image_neutral_url_2="https://hehge.com/wp-content/uploads/sites/16/2023/06/MI_Finance_Neutral_Landscape_0005.jpeg"
image_positive_thumbnail_id_1="1006"
image_positive_url_1="https://hehge.com/wp-content/uploads/sites/16/2023/06/MI_Finance_Positive_Landscape_0168.jpeg"
image_positive_thumbnail_id_2="627"
image_positive_url_2="https://hehge.com/wp-content/uploads/sites/16/2023/06/MI_Finance_Positive_Landscape_0081.jpeg"
image_professor_thumbnail_id_1="1186"
image_professor_url_1="https://hehge.com/wp-content/uploads/sites/16/2023/06/MI_Finance_Professor_Landscape_0020.jpeg"
image_professor_thumbnail_id_2="1180"
image_professor_url_2="https://hehge.com/wp-content/uploads/sites/16/2023/06/MI_Finance_Professor_Landscape_0014.jpeg"
