Symbol="MTACU"
AssetType="Common Stock"
Name="Medtech Acquisition Corp"
Description="None"
CIK="1826667"
Exchange="NASDAQ"
Currency="USD"
Country="USA"
Sector="REAL ESTATE & CONSTRUCTION"
Industry="BLANK CHECKS"
Address="48 MAPLE AVENUE, GREENWICH, CT, US"
FiscalYearEnd="December"
LatestQuarter="2023-06-30"
MarketCapitalization="306250000"
EBITDA="None"
PERatio="39.65"
PEGRatio="None"
BookValue="-2.419"
DividendPerShare="0"
DividendYield="0"
EPS="0.255"
RevenuePerShareTTM="0"
ProfitMargin="0"
OperatingMarginTTM="0"
ReturnOnAssetsTTM="-0.0193"
ReturnOnEquityTTM="0"
RevenueTTM="0"
GrossProfitTTM="0"
DilutedEPSTTM="0.255"
QuarterlyEarningsGrowthYOY="-0.646"
QuarterlyRevenueGrowthYOY="0"
AnalystTargetPrice="None"
TrailingPE="39.65"
ForwardPE="-"
PriceToSalesRatioTTM="-"
PriceToBookRatio="-"
EVToRevenue="-"
EVToEBITDA="-"
Beta="-0.0423"
num_52WeekHigh="11.43"
num_52WeekLow="9.23"
num_50DayMovingAverage="10.2"
num_200DayMovingAverage="10.16"
SharesOutstanding="0"
DividendDate="None"
ExDividendDate="None"
symbol="MTACU"
open="9.97"
high="10.11"
low="9.23"
price="9.50"
volume="2587.00"
latest_trading_day="2023-08-09"
previous_close="10.53"
change="-1.03"
change_percent="-9.7816%"
aroon_positive_momentum_days="0"
aroon_negative_momentum_days="21"
trend_strength="Absent or Weak Trend"
buying_signal="High Volatility / Hold Signal"
volume_analysis="Target Volume"
value_analysis="Expected Range"
Aroon_change="TRUE"
Aroon_momentum="79"
Volume_recent_avg="57"
Change_recent_avg="0.01"
Delta_recent_avg="0.01"
Variance_recent_avg="0.01"
Change_ratio_recent_avg="0.01"
RSI_change="FALSE"
ADX_change="FALSE"
Aroon_signal="negative"
Aroon_change="TRUE"
Aroon_momentum_positive="79"
Aroon_momentum_negative="21"
image_negative_thumbnail_id_1="1107"
image_negative_url_1="https://hehge.com/wp-content/uploads/sites/16/2023/06/MI_Finance_Negative_Landscape_0140.jpeg"
image_negative_thumbnail_id_2="1131"
image_negative_url_2="https://hehge.com/wp-content/uploads/sites/16/2023/06/MI_Finance_Negative_Landscape_0164.jpeg"
image_neutral_thumbnail_id_1="570"
image_neutral_url_1="https://hehge.com/wp-content/uploads/sites/16/2023/06/MI_Finance_Neutral_Landscape_0029.jpeg"
image_neutral_thumbnail_id_2="525"
image_neutral_url_2="https://hehge.com/wp-content/uploads/sites/16/2023/06/MI_Finance_Neutral_Landscape_0074.jpeg"
image_positive_thumbnail_id_1="985"
image_positive_url_1="https://hehge.com/wp-content/uploads/sites/16/2023/06/MI_Finance_Positive_Landscape_0147.jpeg"
image_positive_thumbnail_id_2="672"
image_positive_url_2="https://hehge.com/wp-content/uploads/sites/16/2023/06/MI_Finance_Positive_Landscape_0036.jpeg"
image_professor_thumbnail_id_1="1188"
image_professor_url_1="https://hehge.com/wp-content/uploads/sites/16/2023/06/MI_Finance_Professor_Landscape_0022.jpeg"
image_professor_thumbnail_id_2="1186"
image_professor_url_2="https://hehge.com/wp-content/uploads/sites/16/2023/06/MI_Finance_Professor_Landscape_0020.jpeg"
