Symbol="MAC"
AssetType="Common Stock"
Name="Macerich Company"
Description="None"
CIK="912242"
Exchange="NYSE"
Currency="USD"
Country="USA"
Sector="REAL ESTATE & CONSTRUCTION"
Industry="REAL ESTATE INVESTMENT TRUSTS"
Address="401 WILSHIRE BLVD, STE 700, SANTA MONICA, CA, US"
FiscalYearEnd="December"
LatestQuarter="2023-03-31"
MarketCapitalization="2801237000"
EBITDA="421239000"
PERatio="None"
PEGRatio="-485"
BookValue="12.89"
DividendPerShare="0.64"
DividendYield="0.0573"
EPS="-0.43"
RevenuePerShareTTM="3.865"
ProfitMargin="-0.105"
OperatingMarginTTM="0.147"
ReturnOnAssetsTTM="0.0095"
ReturnOnEquityTTM="-0.0288"
RevenueTTM="831508000"
GrossProfitTTM="475158000"
DilutedEPSTTM="-0.43"
QuarterlyEarningsGrowthYOY="0"
QuarterlyRevenueGrowthYOY="-0.182"
AnalystTargetPrice="11.36"
TrailingPE="-"
ForwardPE="500"
PriceToSalesRatioTTM="3.26"
PriceToBookRatio="0.923"
EVToRevenue="8.15"
EVToEBITDA="13.05"
Beta="2.13"
num_52WeekHigh="14.07"
num_52WeekLow="7.08"
num_50DayMovingAverage="10.78"
num_200DayMovingAverage="11.19"
SharesOutstanding="215095000"
DividendDate="2023-06-02"
ExDividendDate="2023-05-18"
symbol="MAC"
open="12.54"
high="12.84"
low="12.54"
price="12.69"
volume="1758044.00"
latest_trading_day="2023-07-24"
previous_close="12.52"
change="0.17"
change_percent="1.3578%"
aroon_positive_momentum_days="39"
aroon_negative_momentum_days="0"
trend_strength="Absent or Weak Trend"
buying_signal="Strong Buy Signal"
volume_analysis="Target Volume"
value_analysis="Expected Range"
Aroon_change="FALSE"
Aroon_momentum="39"
Volume_recent_avg="2566005"
Change_recent_avg="0.01"
Delta_recent_avg="0.4"
Variance_recent_avg="0.2"
Change_ratio_recent_avg="0.06"
RSI_change="FALSE"
ADX_change="FALSE"

event="FALSE"
Aroon_signal="positive"
Aroon_change="FALSE"
Aroon_momentum_positive="39"
Aroon_momentum_negative="61"
image_negative_thumbnail_id_1="112"
image_negative_url_1="https://hehge.com/wp-content/uploads/sites/16/2023/05/MI_Finance_Negative_Landscape_0064.jpeg"
image_negative_thumbnail_id_2="149"
image_negative_url_2="https://hehge.com/wp-content/uploads/sites/16/2023/05/MI_Finance_Negative_Landscape_0027.jpeg"
image_neutral_thumbnail_id_1="432"
image_neutral_url_1="https://hehge.com/wp-content/uploads/sites/16/2023/05/MI_Finance_Neutral_Landscape_0019.jpeg"
image_neutral_thumbnail_id_2="554"
image_neutral_url_2="https://hehge.com/wp-content/uploads/sites/16/2023/06/MI_Finance_Neutral_Landscape_0045.jpeg"
image_positive_thumbnail_id_1="1013"
image_positive_url_1="https://hehge.com/wp-content/uploads/sites/16/2023/06/MI_Finance_Positive_Landscape_0175.jpeg"
image_positive_thumbnail_id_2="606"
image_positive_url_2="https://hehge.com/wp-content/uploads/sites/16/2023/06/MI_Finance_Positive_Landscape_0102.jpeg"
image_professor_thumbnail_id_1="1195"
image_professor_url_1="https://hehge.com/wp-content/uploads/sites/16/2023/06/MI_Finance_Professor_Landscape_0029.jpeg"
image_professor_thumbnail_id_2="1187"
image_professor_url_2="https://hehge.com/wp-content/uploads/sites/16/2023/06/MI_Finance_Professor_Landscape_0021.jpeg"
