Symbol="BYTS"
AssetType="Common Stock"
Name="BYTE Acquisition Corp"
Description="BYTE Acquisition Corp. The company is headquartered in New York, New York."
CIK="1842566"
Exchange="NASDAQ"
Currency="USD"
Country="USA"
Sector="REAL ESTATE & CONSTRUCTION"
Industry="BLANK CHECKS"
Address="445 PARK AVENUE, 9TH FLOOR, NEW YORK, NY, US"
FiscalYearEnd="December"
LatestQuarter="2023-06-30"
MarketCapitalization="123235000"
EBITDA="None"
PERatio="178.83"
PEGRatio="None"
BookValue="-1.417"
DividendPerShare="0"
DividendYield="0"
EPS="0.06"
RevenuePerShareTTM="0"
ProfitMargin="0"
OperatingMarginTTM="0"
ReturnOnAssetsTTM="-0.0119"
ReturnOnEquityTTM="0"
RevenueTTM="0"
GrossProfitTTM="0"
DilutedEPSTTM="0.06"
QuarterlyEarningsGrowthYOY="-0.664"
QuarterlyRevenueGrowthYOY="0"
AnalystTargetPrice="None"
TrailingPE="178.83"
ForwardPE="-"
PriceToSalesRatioTTM="-"
PriceToBookRatio="1.327"
EVToRevenue="-"
EVToEBITDA="-334.3"
Beta="-0.0122"
num_52WeekHigh="13.36"
num_52WeekLow="9.85"
num_50DayMovingAverage="10.77"
num_200DayMovingAverage="10.37"
SharesOutstanding="11485500"
DividendDate="None"
ExDividendDate="None"
symbol="BYTS"
open="10.70"
high="10.74"
low="10.70"
price="10.74"
volume="5502.00"
latest_trading_day="2023-08-29"
previous_close="10.73"
change="0.01"
change_percent="0.0969%"
aroon_positive_momentum_days="0"
aroon_negative_momentum_days="28"
trend_strength="Very Strong Trend"
buying_signal="Weak Sell Signal"
volume_analysis="Target Volume"
value_analysis="Expected Range"
Aroon_change="FALSE"
Aroon_momentum="72"
Volume_recent_avg="6130"
Change_recent_avg="-0.03"
Delta_recent_avg="0.13"
Variance_recent_avg="0.07"
Change_ratio_recent_avg="-0.24"
RSI_change="FALSE"
ADX_change="FALSE"

event="FALSE"
Aroon_signal="negative"
Aroon_change="FALSE"
Aroon_momentum_positive="72"
Aroon_momentum_negative="28"
image_negative_thumbnail_id_1="1109"
image_negative_url_1="https://hehge.com/wp-content/uploads/sites/16/2023/06/MI_Finance_Negative_Landscape_0142.jpeg"
image_negative_thumbnail_id_2="121"
image_negative_url_2="https://hehge.com/wp-content/uploads/sites/16/2023/05/MI_Finance_Negative_Landscape_0055.jpeg"
image_neutral_thumbnail_id_1="532"
image_neutral_url_1="https://hehge.com/wp-content/uploads/sites/16/2023/06/MI_Finance_Neutral_Landscape_0067.jpeg"
image_neutral_thumbnail_id_2="547"
image_neutral_url_2="https://hehge.com/wp-content/uploads/sites/16/2023/06/MI_Finance_Neutral_Landscape_0052.jpeg"
image_positive_thumbnail_id_1="607"
image_positive_url_1="https://hehge.com/wp-content/uploads/sites/16/2023/06/MI_Finance_Positive_Landscape_0101.jpeg"
image_positive_thumbnail_id_2="974"
image_positive_url_2="https://hehge.com/wp-content/uploads/sites/16/2023/06/MI_Finance_Positive_Landscape_0136.jpeg"
image_professor_thumbnail_id_1="1177"
image_professor_url_1="https://hehge.com/wp-content/uploads/sites/16/2023/06/MI_Finance_Professor_Landscape_0011.jpeg"
image_professor_thumbnail_id_2="1194"
image_professor_url_2="https://hehge.com/wp-content/uploads/sites/16/2023/06/MI_Finance_Professor_Landscape_0028.jpeg"
