Symbol="SOUN"
AssetType="Common Stock"
Name="SoundHound AI Inc"
Description="SoundHound AI, Inc. develops an independent voice artificial intelligence (AI) platform that enables businesses in all industries to deliver high-quality conversational experiences to their customers. The company is headquartered in Santa Clara, California."
CIK="1840856"
Exchange="NASDAQ"
Currency="USD"
Country="USA"
Sector="REAL ESTATE & CONSTRUCTION"
Industry="BLANK CHECKS"
Address="2093 PHILADELPHIA PIKE #1968, CLAYMONT, DE, US"
FiscalYearEnd="December"
LatestQuarter="2023-03-31"
MarketCapitalization="532610000"
EBITDA="-102690000"
PERatio="None"
PEGRatio="None"
BookValue="-0.105"
DividendPerShare="0"
DividendYield="0"
EPS="-0.37"
RevenuePerShareTTM="0.175"
ProfitMargin="0"
OperatingMarginTTM="-3.164"
ReturnOnAssetsTTM="-1.22"
ReturnOnEquityTTM="0"
RevenueTTM="33546000"
GrossProfitTTM="21530000"
DilutedEPSTTM="-0.37"
QuarterlyEarningsGrowthYOY="0"
QuarterlyRevenueGrowthYOY="0.563"
AnalystTargetPrice="5.9"
TrailingPE="-"
ForwardPE="-"
PriceToSalesRatioTTM="8.94"
PriceToBookRatio="81.35"
EVToRevenue="9.08"
EVToEBITDA="-2.711"
Beta="None"
num_52WeekHigh="5.11"
num_52WeekLow="0.93"
num_50DayMovingAverage="3.327"
num_200DayMovingAverage="2.529"
SharesOutstanding="177657000"
DividendDate="None"
ExDividendDate="None"
symbol="SOUN"
open="2.57"
high="2.59"
low="2.11"
price="2.23"
volume="43870705.00"
latest_trading_day="2023-07-27"
previous_close="2.45"
change="-0.22"
change_percent="-8.9796%"
aroon_positive_momentum_days="0"
aroon_negative_momentum_days="27"
trend_strength="Absent or Weak Trend"
buying_signal="Weak Sell Signal"
volume_analysis="Target Volume"
value_analysis="Expected Range"
Aroon_change="TRUE"
Aroon_momentum="73"
Volume_recent_avg="14830439"
Change_recent_avg="-0.02"
Delta_recent_avg="0.35"
Variance_recent_avg="0.18"
Change_ratio_recent_avg="-1.2"
RSI_change="FALSE"
ADX_change="FALSE"
Aroon_signal="negative"
Aroon_change="TRUE"
Aroon_momentum_positive="73"
Aroon_momentum_negative="27"
image_negative_thumbnail_id_1="167"
image_negative_url_1="https://hehge.com/wp-content/uploads/sites/16/2023/05/MI_Finance_Negative_Landscape_0009.jpeg"
image_negative_thumbnail_id_2="512"
image_negative_url_2="https://hehge.com/wp-content/uploads/sites/16/2023/06/MI_Finance_Negative_Landscape_0093.jpeg"
image_neutral_thumbnail_id_1="590"
image_neutral_url_1="https://hehge.com/wp-content/uploads/sites/16/2023/06/MI_Finance_Neutral_Landscape_0009.jpeg"
image_neutral_thumbnail_id_2="564"
image_neutral_url_2="https://hehge.com/wp-content/uploads/sites/16/2023/06/MI_Finance_Neutral_Landscape_0035.jpeg"
image_positive_thumbnail_id_1="958"
image_positive_url_1="https://hehge.com/wp-content/uploads/sites/16/2023/06/MI_Finance_Positive_Landscape_0120.jpeg"
image_positive_thumbnail_id_2="668"
image_positive_url_2="https://hehge.com/wp-content/uploads/sites/16/2023/06/MI_Finance_Positive_Landscape_0040.jpeg"
image_professor_thumbnail_id_1="1195"
image_professor_url_1="https://hehge.com/wp-content/uploads/sites/16/2023/06/MI_Finance_Professor_Landscape_0029.jpeg"
image_professor_thumbnail_id_2="1184"
image_professor_url_2="https://hehge.com/wp-content/uploads/sites/16/2023/06/MI_Finance_Professor_Landscape_0018.jpeg"
