Symbol="CZR"
AssetType="Common Stock"
Name="Caesars Entertainment Corporation"
Description="Caesars Entertainment, Inc., formerly Eldorado Resorts, Inc., is an American hotel and casino entertainment company founded and based in Reno, Nevada, that operates more than 50 properties."
CIK="1590895"
Exchange="NASDAQ"
Currency="USD"
Country="USA"
Sector="REAL ESTATE & CONSTRUCTION"
Industry="HOTELS & MOTELS"
Address="100 WEST LIBERTY STREET, SUITE 1150, RENO, NV, US"
FiscalYearEnd="December"
LatestQuarter="2023-06-30"
MarketCapitalization="11933062000"
EBITDA="3724000000"
PERatio="None"
PEGRatio="1.16"
BookValue="21.14"
DividendPerShare="0"
DividendYield="0"
EPS="-0.91"
RevenuePerShareTTM="53.23"
ProfitMargin="0.0603"
OperatingMarginTTM="0.219"
ReturnOnAssetsTTM="0.0446"
ReturnOnEquityTTM="0.163"
RevenueTTM="11417000000"
GrossProfitTTM="5420000000"
DilutedEPSTTM="-0.91"
QuarterlyEarningsGrowthYOY="0"
QuarterlyRevenueGrowthYOY="0.021"
AnalystTargetPrice="73.15"
TrailingPE="-"
ForwardPE="23.53"
PriceToSalesRatioTTM="0.978"
PriceToBookRatio="2.778"
EVToRevenue="2.138"
EVToEBITDA="9.17"
Beta="2.907"
num_52WeekHigh="60.27"
num_52WeekLow="31.31"
num_50DayMovingAverage="50.57"
num_200DayMovingAverage="47.85"
SharesOutstanding="215204000"
DividendDate="None"
ExDividendDate="None"
symbol="CZR"
open="55.77"
high="57.19"
low="54.94"
price="55.45"
volume="2391030.00"
latest_trading_day="2023-08-04"
previous_close="55.00"
change="0.45"
change_percent="0.8182%"
aroon_positive_momentum_days="51"
aroon_negative_momentum_days="0"
trend_strength="Absent or Weak Trend"
buying_signal="Weak Buy Signal"
volume_analysis="Target Volume"
value_analysis="Expected Range"
Aroon_change="FALSE"
Aroon_momentum="51"
Volume_recent_avg="2848338"
Change_recent_avg="0.01"
Delta_recent_avg="1.73"
Variance_recent_avg="0.87"
Change_ratio_recent_avg="-0.05"
RSI_change="FALSE"
ADX_change="FALSE"

event="FALSE"
Aroon_signal="positive"
Aroon_change="FALSE"
Aroon_momentum_positive="51"
Aroon_momentum_negative="49"
image_negative_thumbnail_id_1="108"
image_negative_url_1="https://hehge.com/wp-content/uploads/sites/16/2023/05/MI_Finance_Negative_Landscape_0068.jpeg"
image_negative_thumbnail_id_2="134"
image_negative_url_2="https://hehge.com/wp-content/uploads/sites/16/2023/05/MI_Finance_Negative_Landscape_0042.jpeg"
image_neutral_thumbnail_id_1="547"
image_neutral_url_1="https://hehge.com/wp-content/uploads/sites/16/2023/06/MI_Finance_Neutral_Landscape_0052.jpeg"
image_neutral_thumbnail_id_2="562"
image_neutral_url_2="https://hehge.com/wp-content/uploads/sites/16/2023/06/MI_Finance_Neutral_Landscape_0037.jpeg"
image_positive_thumbnail_id_1="999"
image_positive_url_1="https://hehge.com/wp-content/uploads/sites/16/2023/06/MI_Finance_Positive_Landscape_0161.jpeg"
image_positive_thumbnail_id_2="973"
image_positive_url_2="https://hehge.com/wp-content/uploads/sites/16/2023/06/MI_Finance_Positive_Landscape_0135.jpeg"
image_professor_thumbnail_id_1="1167"
image_professor_url_1="https://hehge.com/wp-content/uploads/sites/16/2023/06/MI_Finance_Professor_Landscape_0001.jpeg"
image_professor_thumbnail_id_2="1181"
image_professor_url_2="https://hehge.com/wp-content/uploads/sites/16/2023/06/MI_Finance_Professor_Landscape_0015.jpeg"
