Symbol="EME"
AssetType="Common Stock"
Name="EMCOR Group Inc"
Description="EMCOR Group, Inc. provides electrical and mechanical installation and construction services in the United States. The company is headquartered in Norwalk, Connecticut."
CIK="105634"
Exchange="NYSE"
Currency="USD"
Country="USA"
Sector="REAL ESTATE & CONSTRUCTION"
Industry="ELECTRICAL WORK"
Address="301 MERRITT SEVEN CORPORATE PK, 6TH FLOOR, NORWALK, CT, US"
FiscalYearEnd="December"
LatestQuarter="2023-03-31"
MarketCapitalization="8761254000"
EBITDA="732678000"
PERatio="22.96"
PEGRatio="1.32"
BookValue="43.36"
DividendPerShare="0.63"
DividendYield="0.0041"
EPS="9.11"
RevenuePerShareTTM="233.56"
ProfitMargin="0.039"
OperatingMarginTTM="0.0548"
ReturnOnAssetsTTM="0.0716"
ReturnOnEquityTTM="21.15"
RevenueTTM="11374003000"
GrossProfitTTM="1603594000"
DilutedEPSTTM="9.04"
QuarterlyEarningsGrowthYOY="0.669"
QuarterlyRevenueGrowthYOY="0.115"
AnalystTargetPrice="197.5"
TrailingPE="20.2"
ForwardPE="-"
PriceToSalesRatioTTM="0.645"
PriceToBookRatio="3.818"
EVToRevenue="0.682"
EVToEBITDA="11.39"
Beta="1.085"
num_52WeekHigh="185.66"
num_52WeekLow="98.02"
num_50DayMovingAverage="170.86"
num_200DayMovingAverage="152.5"
SharesOutstanding="47545700"
DividendDate="2023-04-28"
ExDividendDate="2023-04-14"
symbol="EME"
open="182.56"
high="185.10"
low="182.56"
price="184.35"
volume="583586.00"
latest_trading_day="2023-07-07"
previous_close="183.12"
change="1.23"
change_percent="0.6717%"
aroon_positive_momentum_days="93"
aroon_negative_momentum_days="0"
trend_strength="Absent or Weak Trend"
buying_signal="Strong Buy Signal"
volume_analysis="Target Volume"
value_analysis="Expected Range"
Aroon_change="FALSE"
Aroon_momentum="93"
Volume_recent_avg="422577"
Change_recent_avg="0.29"
Delta_recent_avg="3.53"
Variance_recent_avg="1.76"
Change_ratio_recent_avg="0.16"
RSI_change="FALSE"
ADX_change="FALSE"

event="FALSE"
Aroon_signal="positive"
Aroon_change="FALSE"
Aroon_momentum_positive="93"
Aroon_momentum_negative="7"
image_negative_thumbnail_id_1="164"
image_negative_url_1="https://hehge.com/wp-content/uploads/sites/16/2023/05/MI_Finance_Negative_Landscape_0012.jpeg"
image_negative_thumbnail_id_2="1161"
image_negative_url_2="https://hehge.com/wp-content/uploads/sites/16/2023/06/MI_Finance_Negative_Landscape_0195.jpeg"
image_neutral_thumbnail_id_1="565"
image_neutral_url_1="https://hehge.com/wp-content/uploads/sites/16/2023/06/MI_Finance_Neutral_Landscape_0034.jpeg"
image_neutral_thumbnail_id_2="572"
image_neutral_url_2="https://hehge.com/wp-content/uploads/sites/16/2023/06/MI_Finance_Neutral_Landscape_0027.jpeg"
image_positive_thumbnail_id_1="970"
image_positive_url_1="https://hehge.com/wp-content/uploads/sites/16/2023/06/MI_Finance_Positive_Landscape_0132.jpeg"
image_positive_thumbnail_id_2="973"
image_positive_url_2="https://hehge.com/wp-content/uploads/sites/16/2023/06/MI_Finance_Positive_Landscape_0135.jpeg"
image_professor_thumbnail_id_1="1179"
image_professor_url_1="https://hehge.com/wp-content/uploads/sites/16/2023/06/MI_Finance_Professor_Landscape_0013.jpeg"
image_professor_thumbnail_id_2="1183"
image_professor_url_2="https://hehge.com/wp-content/uploads/sites/16/2023/06/MI_Finance_Professor_Landscape_0017.jpeg"
