Symbol="EME"
AssetType="Common Stock"
Name="EMCOR Group Inc"
Description="EMCOR Group, Inc. provides electrical and mechanical installation and construction services in the United States. The company is headquartered in Norwalk, Connecticut."
CIK="105634"
Exchange="NYSE"
Currency="USD"
Country="USA"
Sector="REAL ESTATE & CONSTRUCTION"
Industry="ELECTRICAL WORK"
Address="301 MERRITT SEVEN CORPORATE PK, 6TH FLOOR, NORWALK, CT, US"
FiscalYearEnd="December"
LatestQuarter="2023-03-31"
MarketCapitalization="9066028000"
EBITDA="732678000"
PERatio="21.1"
PEGRatio="1.32"
BookValue="43.36"
DividendPerShare="0.63"
DividendYield="0.0038"
EPS="9.02"
RevenuePerShareTTM="233.56"
ProfitMargin="0.039"
OperatingMarginTTM="0.0548"
ReturnOnAssetsTTM="0.0716"
ReturnOnEquityTTM="0.211"
RevenueTTM="11374003000"
GrossProfitTTM="1603594000"
DilutedEPSTTM="9.02"
QuarterlyEarningsGrowthYOY="0.669"
QuarterlyRevenueGrowthYOY="0.115"
AnalystTargetPrice="197.5"
TrailingPE="21.1"
ForwardPE="-"
PriceToSalesRatioTTM="0.645"
PriceToBookRatio="3.818"
EVToRevenue="0.682"
EVToEBITDA="11.39"
Beta="1.105"
num_52WeekHigh="192.44"
num_52WeekLow="104.96"
num_50DayMovingAverage="176.23"
num_200DayMovingAverage="156.75"
SharesOutstanding="47545700"
DividendDate="2023-07-31"
ExDividendDate="2023-07-19"
symbol="EME"
open="191.88"
high="191.90"
low="190.02"
price="190.35"
volume="300072.00"
latest_trading_day="2023-07-21"
previous_close="190.68"
change="-0.33"
change_percent="-0.1731%"
aroon_positive_momentum_days="100"
aroon_negative_momentum_days="0"
trend_strength="Absent or Weak Trend"
buying_signal="Strong Buy Signal"
volume_analysis="Trending Low"
value_analysis="Bearish Trend"
Aroon_change="FALSE"
Aroon_momentum="100"
Volume_recent_avg="413798"
Change_recent_avg="0.19"
Delta_recent_avg="3.35"
Variance_recent_avg="1.68"
Change_ratio_recent_avg="0.1"
RSI_change="FALSE"
ADX_change="FALSE"
Aroon_signal="positive"
Aroon_change="FALSE"
Aroon_momentum_positive="100"
Aroon_momentum_negative="0"
image_negative_thumbnail_id_1="1158"
image_negative_url_1="https://hehge.com/wp-content/uploads/sites/16/2023/06/MI_Finance_Negative_Landscape_0192.jpeg"
image_negative_thumbnail_id_2="1161"
image_negative_url_2="https://hehge.com/wp-content/uploads/sites/16/2023/06/MI_Finance_Negative_Landscape_0195.jpeg"
image_neutral_thumbnail_id_1="432"
image_neutral_url_1="https://hehge.com/wp-content/uploads/sites/16/2023/05/MI_Finance_Neutral_Landscape_0019.jpeg"
image_neutral_thumbnail_id_2="547"
image_neutral_url_2="https://hehge.com/wp-content/uploads/sites/16/2023/06/MI_Finance_Neutral_Landscape_0052.jpeg"
image_positive_thumbnail_id_1="671"
image_positive_url_1="https://hehge.com/wp-content/uploads/sites/16/2023/06/MI_Finance_Positive_Landscape_0037.jpeg"
image_positive_thumbnail_id_2="948"
image_positive_url_2="https://hehge.com/wp-content/uploads/sites/16/2023/06/MI_Finance_Positive_Landscape_0110.jpeg"
image_professor_thumbnail_id_1="1196"
image_professor_url_1="https://hehge.com/wp-content/uploads/sites/16/2023/06/MI_Finance_Professor_Landscape_0030.jpeg"
image_professor_thumbnail_id_2="1197"
image_professor_url_2="https://hehge.com/wp-content/uploads/sites/16/2023/06/MI_Finance_Professor_Landscape_0031.jpeg"
