Symbol="MGM"
AssetType="Common Stock"
Name="MGM Resorts International"
Description="MGM Resorts International is an American global hospitality and entertainment company operating destination resorts globally."
CIK="789570"
Exchange="NYSE"
Currency="USD"
Country="USA"
Sector="REAL ESTATE & CONSTRUCTION"
Industry="HOTELS & MOTELS"
Address="3600 LAS VEGAS BLVD S, LAS VEGAS, NV, US"
FiscalYearEnd="December"
LatestQuarter="2023-03-31"
MarketCapitalization="17556939000"
EBITDA="1884152000"
PERatio="10.08"
PEGRatio="4.2"
BookValue="13.18"
DividendPerShare="0.007"
DividendYield="0.0002"
EPS="4.79"
RevenuePerShareTTM="35.98"
ProfitMargin="0.139"
OperatingMarginTTM="-0.107"
ReturnOnAssetsTTM="-0.023"
ReturnOnEquityTTM="0.0947"
RevenueTTM="14102014000"
GrossProfitTTM="6474502000"
DilutedEPSTTM="4.79"
QuarterlyEarningsGrowthYOY="2.081"
QuarterlyRevenueGrowthYOY="0.359"
AnalystTargetPrice="56.33"
TrailingPE="10.08"
ForwardPE="51.55"
PriceToSalesRatioTTM="1.108"
PriceToBookRatio="2.929"
EVToRevenue="3.382"
EVToEBITDA="10.38"
Beta="2.066"
num_52WeekHigh="49.65"
num_52WeekLow="29.2"
num_50DayMovingAverage="42.64"
num_200DayMovingAverage="39.67"
SharesOutstanding="363799000"
DividendDate="2022-12-15"
ExDividendDate="2022-12-08"
symbol="MGM"
open="49.00"
high="49.00"
low="48.05"
price="48.26"
volume="4843229.00"
latest_trading_day="2023-07-14"
previous_close="48.99"
change="-0.73"
change_percent="-1.4901%"
aroon_positive_momentum_days="68"
aroon_negative_momentum_days="0"
trend_strength="Absent or Weak Trend"
buying_signal="Weak Buy Signal"
volume_analysis="Target Volume"
value_analysis="Expected Range"
Aroon_change="FALSE"
Aroon_momentum="68"
Volume_recent_avg="4385822"
Change_recent_avg="0.01"
Delta_recent_avg="1.11"
Variance_recent_avg="0.55"
Change_ratio_recent_avg="-0.02"
RSI_change="FALSE"
ADX_change="FALSE"

event="FALSE"
Aroon_signal="positive"
Aroon_change="FALSE"
Aroon_momentum_positive="68"
Aroon_momentum_negative="32"
image_negative_thumbnail_id_1="1133"
image_negative_url_1="https://hehge.com/wp-content/uploads/sites/16/2023/06/MI_Finance_Negative_Landscape_0166.jpeg"
image_negative_thumbnail_id_2="1127"
image_negative_url_2="https://hehge.com/wp-content/uploads/sites/16/2023/06/MI_Finance_Negative_Landscape_0160.jpeg"
image_neutral_thumbnail_id_1="595"
image_neutral_url_1="https://hehge.com/wp-content/uploads/sites/16/2023/06/MI_Finance_Neutral_Landscape_0004.jpeg"
image_neutral_thumbnail_id_2="578"
image_neutral_url_2="https://hehge.com/wp-content/uploads/sites/16/2023/06/MI_Finance_Neutral_Landscape_0021.jpeg"
image_positive_thumbnail_id_1="689"
image_positive_url_1="https://hehge.com/wp-content/uploads/sites/16/2023/06/MI_Finance_Positive_Landscape_0019.jpeg"
image_positive_thumbnail_id_2="638"
image_positive_url_2="https://hehge.com/wp-content/uploads/sites/16/2023/06/MI_Finance_Positive_Landscape_0070.jpeg"
image_professor_thumbnail_id_1="1178"
image_professor_url_1="https://hehge.com/wp-content/uploads/sites/16/2023/06/MI_Finance_Professor_Landscape_0012.jpeg"
image_professor_thumbnail_id_2="1176"
image_professor_url_2="https://hehge.com/wp-content/uploads/sites/16/2023/06/MI_Finance_Professor_Landscape_0010.jpeg"
