Symbol="GFGD"
AssetType="Common Stock"
Name="Growth for Good Acquisition Corp"
Description="Growth for Good Acquisition Corporation is focused on effecting a merger, stock exchange, asset acquisition, stock purchase, reorganization or similar business combination with one or more companies or entities. The company is headquartered in New York, New York."
CIK="1876714"
Exchange="NASDAQ"
Currency="USD"
Country="USA"
Sector="REAL ESTATE & CONSTRUCTION"
Industry="BLANK CHECKS"
Address="12 E 49TH STREET, 11TH FLOOR, NEW YORK, NY, US"
FiscalYearEnd="December"
LatestQuarter="2023-03-31"
MarketCapitalization="338841000"
EBITDA="None"
PERatio="95"
PEGRatio="None"
BookValue="-0.311"
DividendPerShare="0"
DividendYield="0"
EPS="0.11"
RevenuePerShareTTM="0"
ProfitMargin="0"
OperatingMarginTTM="0"
ReturnOnAssetsTTM="-0.0039"
ReturnOnEquityTTM="0"
RevenueTTM="0"
GrossProfitTTM="0"
DilutedEPSTTM="0.11"
QuarterlyEarningsGrowthYOY="0"
QuarterlyRevenueGrowthYOY="0"
AnalystTargetPrice="None"
TrailingPE="95"
ForwardPE="-"
PriceToSalesRatioTTM="-"
PriceToBookRatio="-"
EVToRevenue="-"
EVToEBITDA="-"
Beta="None"
num_52WeekHigh="10.76"
num_52WeekLow="9.72"
num_50DayMovingAverage="10.36"
num_200DayMovingAverage="10.13"
SharesOutstanding="26100000"
DividendDate="None"
ExDividendDate="None"
symbol="GFGD"
open="10.45"
high="10.45"
low="10.45"
price="10.45"
volume="669017.00"
latest_trading_day="2023-07-07"
previous_close="10.44"
change="0.01"
change_percent="0.0958%"
aroon_positive_momentum_days="0"
aroon_negative_momentum_days="11"
trend_strength="Extremely Strong Trend"
buying_signal="High Volatility / Hold Signal"
volume_analysis="Trending Low"
value_analysis="Bearish Trend"
Aroon_change="FALSE"
Aroon_momentum="89"
Volume_recent_avg="116915"
Change_recent_avg="-0.02"
Delta_recent_avg="0.03"
Variance_recent_avg="0.02"
Change_ratio_recent_avg="-0.17"
RSI_change="FALSE"
ADX_change="FALSE"

event="FALSE"
Aroon_signal="negative"
Aroon_change="FALSE"
Aroon_momentum_positive="89"
Aroon_momentum_negative="11"
image_negative_thumbnail_id_1="155"
image_negative_url_1="https://hehge.com/wp-content/uploads/sites/16/2023/05/MI_Finance_Negative_Landscape_0021.jpeg"
image_negative_thumbnail_id_2="151"
image_negative_url_2="https://hehge.com/wp-content/uploads/sites/16/2023/05/MI_Finance_Negative_Landscape_0025.jpeg"
image_neutral_thumbnail_id_1="535"
image_neutral_url_1="https://hehge.com/wp-content/uploads/sites/16/2023/06/MI_Finance_Neutral_Landscape_0064.jpeg"
image_neutral_thumbnail_id_2="537"
image_neutral_url_2="https://hehge.com/wp-content/uploads/sites/16/2023/06/MI_Finance_Neutral_Landscape_0062.jpeg"
image_positive_thumbnail_id_1="665"
image_positive_url_1="https://hehge.com/wp-content/uploads/sites/16/2023/06/MI_Finance_Positive_Landscape_0043.jpeg"
image_positive_thumbnail_id_2="697"
image_positive_url_2="https://hehge.com/wp-content/uploads/sites/16/2023/06/MI_Finance_Positive_Landscape_0011.jpeg"
image_professor_thumbnail_id_1="1190"
image_professor_url_1="https://hehge.com/wp-content/uploads/sites/16/2023/06/MI_Finance_Professor_Landscape_0024.jpeg"
image_professor_thumbnail_id_2="1174"
image_professor_url_2="https://hehge.com/wp-content/uploads/sites/16/2023/06/MI_Finance_Professor_Landscape_0008.jpeg"
