Symbol="DOMH"
AssetType="Common Stock"
Name="Dominari Holdings Inc."
Description="None"
CIK="12239"
Exchange="NASDAQ"
Currency="USD"
Country="USA"
Sector="REAL ESTATE & CONSTRUCTION"
Industry="PATENT OWNERS & LESSORS"
Address="ONE ROCKEFELLER PLAZA, 11TH FLOOR, NEW YORK, NY, US"
FiscalYearEnd="December"
LatestQuarter="2023-03-31"
MarketCapitalization="15201400"
EBITDA="None"
PERatio="None"
PEGRatio="None"
BookValue="14.53"
DividendPerShare="0"
DividendYield="0"
EPS="-4.39"
RevenuePerShareTTM="0"
ProfitMargin="0"
OperatingMarginTTM="0"
ReturnOnAssetsTTM="-0.0916"
ReturnOnEquityTTM="-0.24"
RevenueTTM="0"
GrossProfitTTM="0"
DilutedEPSTTM="-4.39"
QuarterlyEarningsGrowthYOY="0"
QuarterlyRevenueGrowthYOY="0"
AnalystTargetPrice="16"
TrailingPE="-"
ForwardPE="-"
PriceToSalesRatioTTM="-"
PriceToBookRatio="-"
EVToRevenue="-"
EVToEBITDA="-"
Beta="0.966"
num_52WeekHigh="7.27"
num_52WeekLow="2.06"
num_50DayMovingAverage="2.796"
num_200DayMovingAverage="3.792"
SharesOutstanding="4592600"
DividendDate="2019-05-10"
ExDividendDate="1980-05-12"
symbol="DOMH"
open="3.25"
high="3.33"
low="3.25"
price="3.31"
volume="8066.00"
latest_trading_day="2023-07-21"
previous_close="3.29"
change="0.01"
change_percent="0.4552%"
aroon_positive_momentum_days="0"
aroon_negative_momentum_days="84"
trend_strength="Absent or Weak Trend"
buying_signal="Weak Sell Signal"
volume_analysis="Target Volume"
value_analysis="Expected Range"
Aroon_change="FALSE"
Aroon_momentum="16"
Volume_recent_avg="18321"
Change_recent_avg="0.01"
Delta_recent_avg="0.18"
Variance_recent_avg="0.09"
Change_ratio_recent_avg="0.17"
RSI_change="FALSE"
ADX_change="FALSE"

event="FALSE"
Aroon_signal="negative"
Aroon_change="FALSE"
Aroon_momentum_positive="16"
Aroon_momentum_negative="84"
image_negative_thumbnail_id_1="488"
image_negative_url_1="https://hehge.com/wp-content/uploads/sites/16/2023/06/MI_Finance_Negative_Landscape_0117.jpeg"
image_negative_thumbnail_id_2="494"
image_negative_url_2="https://hehge.com/wp-content/uploads/sites/16/2023/06/MI_Finance_Negative_Landscape_0111.jpeg"
image_neutral_thumbnail_id_1="554"
image_neutral_url_1="https://hehge.com/wp-content/uploads/sites/16/2023/06/MI_Finance_Neutral_Landscape_0045.jpeg"
image_neutral_thumbnail_id_2="555"
image_neutral_url_2="https://hehge.com/wp-content/uploads/sites/16/2023/06/MI_Finance_Neutral_Landscape_0044.jpeg"
image_positive_thumbnail_id_1="1166"
image_positive_url_1="https://hehge.com/wp-content/uploads/sites/16/2023/06/MI_Finance_Positive_Negative_0187.jpeg"
image_positive_thumbnail_id_2="998"
image_positive_url_2="https://hehge.com/wp-content/uploads/sites/16/2023/06/MI_Finance_Positive_Landscape_0160.jpeg"
image_professor_thumbnail_id_1="1182"
image_professor_url_1="https://hehge.com/wp-content/uploads/sites/16/2023/06/MI_Finance_Professor_Landscape_0016.jpeg"
image_professor_thumbnail_id_2="1183"
image_professor_url_2="https://hehge.com/wp-content/uploads/sites/16/2023/06/MI_Finance_Professor_Landscape_0017.jpeg"
