Symbol="MDJH"
AssetType="Common Stock"
Name="MDJM Ltd"
Description="MDJM Ltd, is an integrated real estate services company in the People's Republic of China. The company is headquartered in Tianjin, the People's Republic of China."
CIK="1741534"
Exchange="NASDAQ"
Currency="USD"
Country="China"
Sector="REAL ESTATE & CONSTRUCTION"
Industry="REAL ESTATE AGENTS & MANAGERS (FOR OTHERS)"
Address="SUITE C-1505, SAIDUN CENTER, XIKANG ROAD, HEPING DISTRICT, TIANJIN, CHINA"
FiscalYearEnd="December"
LatestQuarter="2022-06-30"
MarketCapitalization="19614300"
EBITDA="-1913288"
PERatio="None"
PEGRatio="None"
BookValue="0.422"
DividendPerShare="0"
DividendYield="0"
EPS="-0.17"
RevenuePerShareTTM="0.039"
ProfitMargin="0"
OperatingMarginTTM="-4.326"
ReturnOnAssetsTTM="-0.174"
ReturnOnEquityTTM="-0.362"
RevenueTTM="450630"
GrossProfitTTM="450630"
DilutedEPSTTM="-0.17"
QuarterlyEarningsGrowthYOY="-0.869"
QuarterlyRevenueGrowthYOY="-0.83"
AnalystTargetPrice="None"
TrailingPE="-"
ForwardPE="-"
PriceToSalesRatioTTM="9.28"
PriceToBookRatio="3.192"
EVToRevenue="6.01"
EVToEBITDA="-4.069"
Beta="-0.206"
num_52WeekHigh="3.25"
num_52WeekLow="1.31"
num_50DayMovingAverage="1.74"
num_200DayMovingAverage="1.67"
SharesOutstanding="11675200"
DividendDate="None"
ExDividendDate="None"
symbol="MDJH"
open="1.73"
high="1.78"
low="1.68"
price="1.68"
volume="1717.00"
latest_trading_day="2023-08-24"
previous_close="1.77"
change="-0.09"
change_percent="-5.0847%"
aroon_positive_momentum_days="0"
aroon_negative_momentum_days="36"
trend_strength="Absent or Weak Trend"
buying_signal="Weak Sell Signal"
volume_analysis="Target Volume"
value_analysis="Expected Range"
Aroon_change="FALSE"
Aroon_momentum="64"
Volume_recent_avg="82560"
Change_recent_avg="0.01"
Delta_recent_avg="0.19"
Variance_recent_avg="0.09"
Change_ratio_recent_avg="0.42"
RSI_change="FALSE"
ADX_change="FALSE"

event="FALSE"
Aroon_signal="negative"
Aroon_change="FALSE"
Aroon_momentum_positive="64"
Aroon_momentum_negative="36"
image_negative_thumbnail_id_1="125"
image_negative_url_1="https://hehge.com/wp-content/uploads/sites/16/2023/05/MI_Finance_Negative_Landscape_0051.jpeg"
image_negative_thumbnail_id_2="130"
image_negative_url_2="https://hehge.com/wp-content/uploads/sites/16/2023/05/MI_Finance_Negative_Landscape_0046.jpeg"
image_neutral_thumbnail_id_1="543"
image_neutral_url_1="https://hehge.com/wp-content/uploads/sites/16/2023/06/MI_Finance_Neutral_Landscape_0056.jpeg"
image_neutral_thumbnail_id_2="569"
image_neutral_url_2="https://hehge.com/wp-content/uploads/sites/16/2023/06/MI_Finance_Neutral_Landscape_0030.jpeg"
image_positive_thumbnail_id_1="676"
image_positive_url_1="https://hehge.com/wp-content/uploads/sites/16/2023/06/MI_Finance_Positive_Landscape_0032.jpeg"
image_positive_thumbnail_id_2="1004"
image_positive_url_2="https://hehge.com/wp-content/uploads/sites/16/2023/06/MI_Finance_Positive_Landscape_0166.jpeg"
image_professor_thumbnail_id_1="1195"
image_professor_url_1="https://hehge.com/wp-content/uploads/sites/16/2023/06/MI_Finance_Professor_Landscape_0029.jpeg"
image_professor_thumbnail_id_2="1185"
image_professor_url_2="https://hehge.com/wp-content/uploads/sites/16/2023/06/MI_Finance_Professor_Landscape_0019.jpeg"
