Symbol="CIFR"
AssetType="Common Stock"
Name="Cipher Mining Inc"
Description="Cipher Mining Inc. is a bitcoin mining company. The company is headquartered in Houston, Texas."
CIK="1819989"
Exchange="NASDAQ"
Currency="USD"
Country="USA"
Sector="REAL ESTATE & CONSTRUCTION"
Industry="BLANK CHECKS"
Address="4265 SAN FELIPE, SUITE 603, HOUSTON, TX, US"
FiscalYearEnd="December"
LatestQuarter="2023-06-30"
MarketCapitalization="716479000"
EBITDA="-39187000"
PERatio="None"
PEGRatio="None"
BookValue="1.371"
DividendPerShare="0"
DividendYield="0"
EPS="-0.05"
RevenuePerShareTTM="0.226"
ProfitMargin="-0.207"
OperatingMarginTTM="-1.24"
ReturnOnAssetsTTM="-0.115"
ReturnOnEquityTTM="-0.0355"
RevenueTTM="56156000"
GrossProfitTTM="2289000"
DilutedEPSTTM="-0.05"
QuarterlyEarningsGrowthYOY="0"
QuarterlyRevenueGrowthYOY="0"
AnalystTargetPrice="5.1"
TrailingPE="-"
ForwardPE="-"
PriceToSalesRatioTTM="-"
PriceToBookRatio="-"
EVToRevenue="-"
EVToEBITDA="-"
Beta="2.373"
num_52WeekHigh="5.29"
num_52WeekLow="0.382"
num_50DayMovingAverage="3.494"
num_200DayMovingAverage="2.059"
SharesOutstanding="250956000"
DividendDate="None"
ExDividendDate="None"
symbol="CIFR"
open="3.01"
high="3.12"
low="2.82"
price="2.85"
volume="1563104.00"
latest_trading_day="2023-08-21"
previous_close="3.13"
change="-0.28"
change_percent="-8.9314%"
aroon_positive_momentum_days="85"
aroon_negative_momentum_days="0"
trend_strength="Absent or Weak Trend"
buying_signal="Weak Buy Signal"
volume_analysis="Target Volume"
value_analysis="Expected Range"
Aroon_change="FALSE"
Aroon_momentum="85"
Volume_recent_avg="1470657"
Change_recent_avg="0.01"
Delta_recent_avg="0.31"
Variance_recent_avg="0.16"
Change_ratio_recent_avg="0.17"
RSI_change="FALSE"
ADX_change="TRUE"

event="FALSE"
Aroon_signal="positive"
Aroon_change="FALSE"
Aroon_momentum_positive="85"
Aroon_momentum_negative="15"
image_negative_thumbnail_id_1="1165"
image_negative_url_1="https://hehge.com/wp-content/uploads/sites/16/2023/06/MI_Finance_Negative_Landscape_0199.jpeg"
image_negative_thumbnail_id_2="1142"
image_negative_url_2="https://hehge.com/wp-content/uploads/sites/16/2023/06/MI_Finance_Negative_Landscape_0175.jpeg"
image_neutral_thumbnail_id_1="587"
image_neutral_url_1="https://hehge.com/wp-content/uploads/sites/16/2023/06/MI_Finance_Neutral_Landscape_0012.jpeg"
image_neutral_thumbnail_id_2="528"
image_neutral_url_2="https://hehge.com/wp-content/uploads/sites/16/2023/06/MI_Finance_Neutral_Landscape_0071.jpeg"
image_positive_thumbnail_id_1="679"
image_positive_url_1="https://hehge.com/wp-content/uploads/sites/16/2023/06/MI_Finance_Positive_Landscape_0029.jpeg"
image_positive_thumbnail_id_2="639"
image_positive_url_2="https://hehge.com/wp-content/uploads/sites/16/2023/06/MI_Finance_Positive_Landscape_0069.jpeg"
image_professor_thumbnail_id_1="1190"
image_professor_url_1="https://hehge.com/wp-content/uploads/sites/16/2023/06/MI_Finance_Professor_Landscape_0024.jpeg"
image_professor_thumbnail_id_2="1168"
image_professor_url_2="https://hehge.com/wp-content/uploads/sites/16/2023/06/MI_Finance_Professor_Landscape_0002.jpeg"
