Symbol="NAUT"
AssetType="Common Stock"
Name="Nautilus Biotechnology Inc"
Description="Nautilus Biotechnology, Inc., a development-stage life sciences company, is dedicated to creating platform technology to quantify and unlock proteome complexity. The company is headquartered in Seattle, Washington."
CIK="1808805"
Exchange="NASDAQ"
Currency="USD"
Country="USA"
Sector="REAL ESTATE & CONSTRUCTION"
Industry="BLANK CHECKS"
Address="51 ASTOR PLACE, 10TH FLOOR, NEW YORK, NY, US"
FiscalYearEnd="December"
LatestQuarter="2023-03-31"
MarketCapitalization="427042000"
EBITDA="-64335000"
PERatio="None"
PEGRatio="None"
BookValue="2.432"
DividendPerShare="0"
DividendYield="0"
EPS="-0.43"
RevenuePerShareTTM="0"
ProfitMargin="0"
OperatingMarginTTM="0"
ReturnOnAssetsTTM="-0.112"
ReturnOnEquityTTM="-0.175"
RevenueTTM="0"
GrossProfitTTM="0"
DilutedEPSTTM="-0.43"
QuarterlyEarningsGrowthYOY="0"
QuarterlyRevenueGrowthYOY="0"
AnalystTargetPrice="5.33"
TrailingPE="-"
ForwardPE="-"
PriceToSalesRatioTTM="-"
PriceToBookRatio="0.621"
EVToRevenue="-"
EVToEBITDA="0.44"
Beta="1.006"
num_52WeekHigh="4.65"
num_52WeekLow="1.5"
num_50DayMovingAverage="3.109"
num_200DayMovingAverage="2.354"
SharesOutstanding="124866000"
DividendDate="None"
ExDividendDate="None"
symbol="NAUT"
open="3.53"
high="3.60"
low="3.35"
price="3.42"
volume="78039.00"
latest_trading_day="2023-07-14"
previous_close="3.55"
change="-0.13"
change_percent="-3.6620%"
aroon_positive_momentum_days="100"
aroon_negative_momentum_days="0"
trend_strength="Absent or Weak Trend"
buying_signal="Weak Buy Signal"
volume_analysis="Target Volume"
value_analysis="Expected Range"
Aroon_change="FALSE"
Aroon_momentum="100"
Volume_recent_avg="118077"
Change_recent_avg="0.01"
Delta_recent_avg="0.21"
Variance_recent_avg="0.1"
Change_ratio_recent_avg="0.16"
RSI_change="FALSE"
ADX_change="FALSE"
Aroon_signal="positive"
Aroon_change="FALSE"
Aroon_momentum_positive="100"
Aroon_momentum_negative="0"
image_negative_thumbnail_id_1="1115"
image_negative_url_1="https://hehge.com/wp-content/uploads/sites/16/2023/06/MI_Finance_Negative_Landscape_0148.jpeg"
image_negative_thumbnail_id_2="1108"
image_negative_url_2="https://hehge.com/wp-content/uploads/sites/16/2023/06/MI_Finance_Negative_Landscape_0141.jpeg"
image_neutral_thumbnail_id_1="578"
image_neutral_url_1="https://hehge.com/wp-content/uploads/sites/16/2023/06/MI_Finance_Neutral_Landscape_0021.jpeg"
image_neutral_thumbnail_id_2="565"
image_neutral_url_2="https://hehge.com/wp-content/uploads/sites/16/2023/06/MI_Finance_Neutral_Landscape_0034.jpeg"
image_positive_thumbnail_id_1="1000"
image_positive_url_1="https://hehge.com/wp-content/uploads/sites/16/2023/06/MI_Finance_Positive_Landscape_0162.jpeg"
image_positive_thumbnail_id_2="688"
image_positive_url_2="https://hehge.com/wp-content/uploads/sites/16/2023/06/MI_Finance_Positive_Landscape_0020.jpeg"
image_professor_thumbnail_id_1="1192"
image_professor_url_1="https://hehge.com/wp-content/uploads/sites/16/2023/06/MI_Finance_Professor_Landscape_0026.jpeg"
image_professor_thumbnail_id_2="1195"
image_professor_url_2="https://hehge.com/wp-content/uploads/sites/16/2023/06/MI_Finance_Professor_Landscape_0029.jpeg"
