Symbol="ARL"
AssetType="Common Stock"
Name="American Realty Investors Inc"
Description="American Realty Investors, Inc. acquires, develops and owns multi-family apartment communities and commercial real estate in the Southwest, Southeast, and Midwest of the United States. The company is headquartered in Dallas, Texas."
CIK="1102238"
Exchange="NYSE"
Currency="USD"
Country="USA"
Sector="REAL ESTATE & CONSTRUCTION"
Industry="REAL ESTATE OPERATORS (NO DEVELOPERS) & LESSORS"
Address="1603 LBJ FREEWAY, SUITE 800, DALLAS, TX, US"
FiscalYearEnd="December"
LatestQuarter="2023-06-30"
MarketCapitalization="355182000"
EBITDA="469982000"
PERatio="0.965"
PEGRatio="0"
BookValue="38.06"
DividendPerShare="0"
DividendYield="0"
EPS="22.78"
RevenuePerShareTTM="31.59"
ProfitMargin="0.684"
OperatingMarginTTM="0.894"
ReturnOnAssetsTTM="0.317"
ReturnOnEquityTTM="0.75"
RevenueTTM="510293000"
GrossProfitTTM="488473000"
DilutedEPSTTM="22.78"
QuarterlyEarningsGrowthYOY="-0.992"
QuarterlyRevenueGrowthYOY="0.231"
AnalystTargetPrice="None"
TrailingPE="0.965"
ForwardPE="-"
PriceToSalesRatioTTM="0.707"
PriceToBookRatio="0.626"
EVToRevenue="13.3"
EVToEBITDA="0.823"
Beta="0.718"
num_52WeekHigh="31.59"
num_52WeekLow="13.35"
num_50DayMovingAverage="20.07"
num_200DayMovingAverage="21.76"
SharesOutstanding="16152000"
DividendDate="None"
ExDividendDate="None"
symbol="ARL"
open="20.14"
high="21.99"
low="20.14"
price="21.99"
volume="10197.00"
latest_trading_day="2023-08-18"
previous_close="20.22"
change="1.77"
change_percent="8.7537%"
aroon_positive_momentum_days="49"
aroon_negative_momentum_days="0"
trend_strength="Absent or Weak Trend"
buying_signal="Weak Buy Signal"
volume_analysis="Target Volume"
value_analysis="Expected Range"
Aroon_change="FALSE"
Aroon_momentum="49"
Volume_recent_avg="7071"
Change_recent_avg="-0.03"
Delta_recent_avg="0.82"
Variance_recent_avg="0.41"
Change_ratio_recent_avg="-0.18"
RSI_change="FALSE"
ADX_change="FALSE"

event="FALSE"
Aroon_signal="positive"
Aroon_change="FALSE"
Aroon_momentum_positive="49"
Aroon_momentum_negative="51"
image_negative_thumbnail_id_1="498"
image_negative_url_1="https://hehge.com/wp-content/uploads/sites/16/2023/06/MI_Finance_Negative_Landscape_0107.jpeg"
image_negative_thumbnail_id_2="1094"
image_negative_url_2="https://hehge.com/wp-content/uploads/sites/16/2023/06/MI_Finance_Negative_Landscape_0127.jpeg"
image_neutral_thumbnail_id_1="575"
image_neutral_url_1="https://hehge.com/wp-content/uploads/sites/16/2023/06/MI_Finance_Neutral_Landscape_0024.jpeg"
image_neutral_thumbnail_id_2="522"
image_neutral_url_2="https://hehge.com/wp-content/uploads/sites/16/2023/06/MI_Finance_Neutral_Landscape_0077.jpeg"
image_positive_thumbnail_id_1="955"
image_positive_url_1="https://hehge.com/wp-content/uploads/sites/16/2023/06/MI_Finance_Positive_Landscape_0117.jpeg"
image_positive_thumbnail_id_2="957"
image_positive_url_2="https://hehge.com/wp-content/uploads/sites/16/2023/06/MI_Finance_Positive_Landscape_0119.jpeg"
image_professor_thumbnail_id_1="1178"
image_professor_url_1="https://hehge.com/wp-content/uploads/sites/16/2023/06/MI_Finance_Professor_Landscape_0012.jpeg"
image_professor_thumbnail_id_2="1182"
image_professor_url_2="https://hehge.com/wp-content/uploads/sites/16/2023/06/MI_Finance_Professor_Landscape_0016.jpeg"
