Symbol="MIR"
AssetType="Common Stock"
Name="Mirion Technologies Inc"
Description="None"
CIK="1809987"
Exchange="NYSE"
Currency="USD"
Country="USA"
Sector="REAL ESTATE & CONSTRUCTION"
Industry="BLANK CHECKS"
Address="200 WEST STREET, NEW YORK, NY, US"
FiscalYearEnd="June"
LatestQuarter="2023-03-31"
MarketCapitalization="1781183000"
EBITDA="113800000"
PERatio="None"
PEGRatio="None"
BookValue="7.65"
DividendPerShare="0"
DividendYield="0"
EPS="-1.653"
RevenuePerShareTTM="4.028"
ProfitMargin="-0.409"
OperatingMarginTTM="-0.0775"
ReturnOnAssetsTTM="-0.0123"
ReturnOnEquityTTM="-18.87"
RevenueTTM="736700000"
GrossProfitTTM="317200000"
DilutedEPSTTM="-1.67"
QuarterlyEarningsGrowthYOY="0"
QuarterlyRevenueGrowthYOY="0.116"
AnalystTargetPrice="10.67"
TrailingPE="-"
ForwardPE="-"
PriceToSalesRatioTTM="1.866"
PriceToBookRatio="0.815"
EVToRevenue="-"
EVToEBITDA="-106.57"
Beta="0.548"
num_52WeekHigh="9.53"
num_52WeekLow="5.4"
num_50DayMovingAverage="8.04"
num_200DayMovingAverage="7.58"
SharesOutstanding="217905000"
DividendDate="None"
ExDividendDate="None"
symbol="MIR"
open="7.92"
high="8.01"
low="7.88"
price="7.89"
volume="543371.00"
latest_trading_day="2023-07-07"
previous_close="7.89"
change="0.00"
change_percent="0.0000%"
aroon_positive_momentum_days="0"
aroon_negative_momentum_days="49"
trend_strength="Absent or Weak Trend"
buying_signal="Weak Sell Signal"
volume_analysis="Target Volume"
value_analysis="Expected Range"
Aroon_change="FALSE"
Aroon_momentum="51"
Volume_recent_avg="1463464"
Change_recent_avg="0.02"
Delta_recent_avg="0.29"
Variance_recent_avg="0.14"
Change_ratio_recent_avg="0.26"
RSI_change="FALSE"
ADX_change="FALSE"

event="FALSE"
Aroon_signal="negative"
Aroon_change="FALSE"
Aroon_momentum_positive="51"
Aroon_momentum_negative="49"
image_negative_thumbnail_id_1="1109"
image_negative_url_1="https://hehge.com/wp-content/uploads/sites/16/2023/06/MI_Finance_Negative_Landscape_0142.jpeg"
image_negative_thumbnail_id_2="1117"
image_negative_url_2="https://hehge.com/wp-content/uploads/sites/16/2023/06/MI_Finance_Negative_Landscape_0150.jpeg"
image_neutral_thumbnail_id_1="545"
image_neutral_url_1="https://hehge.com/wp-content/uploads/sites/16/2023/06/MI_Finance_Neutral_Landscape_0054.jpeg"
image_neutral_thumbnail_id_2="548"
image_neutral_url_2="https://hehge.com/wp-content/uploads/sites/16/2023/06/MI_Finance_Neutral_Landscape_0051.jpeg"
image_positive_thumbnail_id_1="648"
image_positive_url_1="https://hehge.com/wp-content/uploads/sites/16/2023/06/MI_Finance_Positive_Landscape_0060.jpeg"
image_positive_thumbnail_id_2="702"
image_positive_url_2="https://hehge.com/wp-content/uploads/sites/16/2023/06/MI_Finance_Positive_Landscape_0006.jpeg"
image_professor_thumbnail_id_1="1201"
image_professor_url_1="https://hehge.com/wp-content/uploads/sites/16/2023/06/MI_Finance_Professor_Landscape_0035.jpeg"
image_professor_thumbnail_id_2="1173"
image_professor_url_2="https://hehge.com/wp-content/uploads/sites/16/2023/06/MI_Finance_Professor_Landscape_0007.jpeg"
