Symbol="BTMD"
AssetType="Common Stock"
Name="biote Corp"
Description="biote corp. The company is headquartered in Irvine, Texas."
CIK="1819253"
Exchange="NASDAQ"
Currency="USD"
Country="USA"
Sector="REAL ESTATE & CONSTRUCTION"
Industry="BLANK CHECKS"
Address="650 FIFTH AVENUE FLOOR 10, NEW YORK, NY, US"
FiscalYearEnd="December"
LatestQuarter="2023-06-30"
MarketCapitalization="334482000"
EBITDA="13157000"
PERatio="None"
PEGRatio="None"
BookValue="-1.674"
DividendPerShare="0"
DividendYield="0"
EPS="-0.92"
RevenuePerShareTTM="13.04"
ProfitMargin="-0.0571"
OperatingMarginTTM="0.0668"
ReturnOnAssetsTTM="0.0593"
ReturnOnEquityTTM="0"
RevenueTTM="180555000"
GrossProfitTTM="90579000"
DilutedEPSTTM="-0.92"
QuarterlyEarningsGrowthYOY="0.058"
QuarterlyRevenueGrowthYOY="0.191"
AnalystTargetPrice="9.67"
TrailingPE="-"
ForwardPE="7.2"
PriceToSalesRatioTTM="0.229"
PriceToBookRatio="2.96"
EVToRevenue="0.495"
EVToEBITDA="1.442"
Beta="0.771"
num_52WeekHigh="8.22"
num_52WeekLow="2.75"
num_50DayMovingAverage="6.42"
num_200DayMovingAverage="5.2"
SharesOutstanding="20102400"
DividendDate="None"
ExDividendDate="None"
symbol="BTMD"
open="4.60"
high="4.99"
low="4.60"
price="4.96"
volume="183043.00"
latest_trading_day="2023-08-21"
previous_close="4.73"
change="0.23"
change_percent="4.8626%"
aroon_positive_momentum_days="0"
aroon_negative_momentum_days="14"
trend_strength="Absent or Weak Trend"
buying_signal="Weak Sell Signal"
volume_analysis="Target Volume"
value_analysis="Expected Range"
Aroon_change="FALSE"
Aroon_momentum="86"
Volume_recent_avg="137333"
Change_recent_avg="0.01"
Delta_recent_avg="0.39"
Variance_recent_avg="0.19"
Change_ratio_recent_avg="0.16"
RSI_change="FALSE"
ADX_change="FALSE"

event="FALSE"
Aroon_signal="negative"
Aroon_change="FALSE"
Aroon_momentum_positive="86"
Aroon_momentum_negative="14"
image_negative_thumbnail_id_1="520"
image_negative_url_1="https://hehge.com/wp-content/uploads/sites/16/2023/06/MI_Finance_Negative_Landscape_0085.jpeg"
image_negative_thumbnail_id_2="493"
image_negative_url_2="https://hehge.com/wp-content/uploads/sites/16/2023/06/MI_Finance_Negative_Landscape_0112.jpeg"
image_neutral_thumbnail_id_1="591"
image_neutral_url_1="https://hehge.com/wp-content/uploads/sites/16/2023/06/MI_Finance_Neutral_Landscape_0008.jpeg"
image_neutral_thumbnail_id_2="525"
image_neutral_url_2="https://hehge.com/wp-content/uploads/sites/16/2023/06/MI_Finance_Neutral_Landscape_0074.jpeg"
image_positive_thumbnail_id_1="626"
image_positive_url_1="https://hehge.com/wp-content/uploads/sites/16/2023/06/MI_Finance_Positive_Landscape_0082.jpeg"
image_positive_thumbnail_id_2="671"
image_positive_url_2="https://hehge.com/wp-content/uploads/sites/16/2023/06/MI_Finance_Positive_Landscape_0037.jpeg"
image_professor_thumbnail_id_1="1169"
image_professor_url_1="https://hehge.com/wp-content/uploads/sites/16/2023/06/MI_Finance_Professor_Landscape_0003.jpeg"
image_professor_thumbnail_id_2="1196"
image_professor_url_2="https://hehge.com/wp-content/uploads/sites/16/2023/06/MI_Finance_Professor_Landscape_0030.jpeg"
