Symbol="BTMD"
AssetType="Common Stock"
Name="biote Corp"
Description="biote corp. The company is headquartered in Irvine, Texas."
CIK="1819253"
Exchange="NASDAQ"
Currency="USD"
Country="USA"
Sector="REAL ESTATE & CONSTRUCTION"
Industry="BLANK CHECKS"
Address="650 FIFTH AVENUE FLOOR 10, NEW YORK, NY, US"
FiscalYearEnd="December"
LatestQuarter="2023-03-31"
MarketCapitalization="476544000"
EBITDA="-61450000"
PERatio="None"
PEGRatio="None"
BookValue="-2.622"
DividendPerShare="0"
DividendYield="0"
EPS="-0.88"
RevenuePerShareTTM="14.14"
ProfitMargin="-0.0992"
OperatingMarginTTM="-0.363"
ReturnOnAssetsTTM="-0.438"
ReturnOnEquityTTM="0"
RevenueTTM="172657000"
GrossProfitTTM="90579000"
DilutedEPSTTM="-0.88"
QuarterlyEarningsGrowthYOY="0.058"
QuarterlyRevenueGrowthYOY="0.207"
AnalystTargetPrice="11.33"
TrailingPE="-"
ForwardPE="7.2"
PriceToSalesRatioTTM="0.229"
PriceToBookRatio="2.96"
EVToRevenue="0.495"
EVToEBITDA="1.442"
Beta="0.775"
num_52WeekHigh="7.35"
num_52WeekLow="2"
num_50DayMovingAverage="5.98"
num_200DayMovingAverage="4.884"
SharesOutstanding="20102400"
DividendDate="None"
ExDividendDate="None"
symbol="BTMD"
open="7.32"
high="7.35"
low="6.96"
price="7.04"
volume="149561.00"
latest_trading_day="2023-07-12"
previous_close="6.76"
change="0.28"
change_percent="4.1420%"
aroon_positive_momentum_days="91"
aroon_negative_momentum_days="0"
trend_strength="Absent or Weak Trend"
buying_signal="Weak Buy Signal"
volume_analysis="Target Volume"
value_analysis="Expected Range"
Aroon_change="FALSE"
Aroon_momentum="91"
Volume_recent_avg="98928"
Change_recent_avg="0.03"
Delta_recent_avg="0.33"
Variance_recent_avg="0.17"
Change_ratio_recent_avg="0.53"
RSI_change="FALSE"
ADX_change="FALSE"

event="FALSE"
Aroon_signal="positive"
Aroon_change="FALSE"
Aroon_momentum_positive="91"
Aroon_momentum_negative="9"
image_negative_thumbnail_id_1="1137"
image_negative_url_1="https://hehge.com/wp-content/uploads/sites/16/2023/06/MI_Finance_Negative_Landscape_0170.jpeg"
image_negative_thumbnail_id_2="1141"
image_negative_url_2="https://hehge.com/wp-content/uploads/sites/16/2023/06/MI_Finance_Negative_Landscape_0174.jpeg"
image_neutral_thumbnail_id_1="546"
image_neutral_url_1="https://hehge.com/wp-content/uploads/sites/16/2023/06/MI_Finance_Neutral_Landscape_0053.jpeg"
image_neutral_thumbnail_id_2="567"
image_neutral_url_2="https://hehge.com/wp-content/uploads/sites/16/2023/06/MI_Finance_Neutral_Landscape_0032.jpeg"
image_positive_thumbnail_id_1="969"
image_positive_url_1="https://hehge.com/wp-content/uploads/sites/16/2023/06/MI_Finance_Positive_Landscape_0131.jpeg"
image_positive_thumbnail_id_2="601"
image_positive_url_2="https://hehge.com/wp-content/uploads/sites/16/2023/06/MI_Finance_Positive_Landscape_0107.jpeg"
image_professor_thumbnail_id_1="1195"
image_professor_url_1="https://hehge.com/wp-content/uploads/sites/16/2023/06/MI_Finance_Professor_Landscape_0029.jpeg"
image_professor_thumbnail_id_2="1196"
image_professor_url_2="https://hehge.com/wp-content/uploads/sites/16/2023/06/MI_Finance_Professor_Landscape_0030.jpeg"
