Symbol="ASTR"
AssetType="Common Stock"
Name="Astra Space Inc"
Description="None"
CIK="1814329"
Exchange="NASDAQ"
Currency="USD"
Country="USA"
Sector="REAL ESTATE & CONSTRUCTION"
Industry="BLANK CHECKS"
Address="2300 CARILLON POINT, KIRKLAND, WA, US"
FiscalYearEnd="December"
LatestQuarter="2023-03-31"
MarketCapitalization="86013000"
EBITDA="-230082000"
PERatio="None"
PEGRatio="None"
BookValue="0.16"
DividendPerShare="0"
DividendYield="0"
EPS="-1.41"
RevenuePerShareTTM="0.02"
ProfitMargin="0"
OperatingMarginTTM="-44.33"
ReturnOnAssetsTTM="-0.523"
ReturnOnEquityTTM="-1.8"
RevenueTTM="5459000"
GrossProfitTTM="-20160000"
DilutedEPSTTM="-1.41"
QuarterlyEarningsGrowthYOY="0"
QuarterlyRevenueGrowthYOY="0"
AnalystTargetPrice="0.65"
TrailingPE="-"
ForwardPE="-"
PriceToSalesRatioTTM="12.81"
PriceToBookRatio="1.162"
EVToRevenue="0.813"
EVToEBITDA="0.009"
Beta="2.112"
num_52WeekHigh="1.39"
num_52WeekLow="0.301"
num_50DayMovingAverage="0.38"
num_200DayMovingAverage="0.457"
SharesOutstanding="216482000"
DividendDate="None"
ExDividendDate="None"
symbol="ASTR"
open="0.33"
high="0.33"
low="0.30"
price="0.31"
volume="995146.00"
latest_trading_day="2023-08-15"
previous_close="0.32"
change="-0.00"
change_percent="-1.2650%"
aroon_positive_momentum_days="0"
aroon_negative_momentum_days="72"
trend_strength="Absent or Weak Trend"
buying_signal="Weak Sell Signal"
volume_analysis="Target Volume"
value_analysis="Expected Range"
Aroon_change="FALSE"
Aroon_momentum="28"
Volume_recent_avg="1661077"
Change_recent_avg="-0.01"
Delta_recent_avg="0.03"
Variance_recent_avg="0.01"
Change_ratio_recent_avg="-1.69"
RSI_change="FALSE"
ADX_change="FALSE"

event="FALSE"
Aroon_signal="negative"
Aroon_change="FALSE"
Aroon_momentum_positive="28"
Aroon_momentum_negative="72"
image_negative_thumbnail_id_1="495"
image_negative_url_1="https://hehge.com/wp-content/uploads/sites/16/2023/06/MI_Finance_Negative_Landscape_0110.jpeg"
image_negative_thumbnail_id_2="1156"
image_negative_url_2="https://hehge.com/wp-content/uploads/sites/16/2023/06/MI_Finance_Negative_Landscape_0190.jpeg"
image_neutral_thumbnail_id_1="598"
image_neutral_url_1="https://hehge.com/wp-content/uploads/sites/16/2023/06/MI_Finance_Neutral_Landscape_0001.jpeg"
image_neutral_thumbnail_id_2="526"
image_neutral_url_2="https://hehge.com/wp-content/uploads/sites/16/2023/06/MI_Finance_Neutral_Landscape_0073.jpeg"
image_positive_thumbnail_id_1="663"
image_positive_url_1="https://hehge.com/wp-content/uploads/sites/16/2023/06/MI_Finance_Positive_Landscape_0045.jpeg"
image_positive_thumbnail_id_2="628"
image_positive_url_2="https://hehge.com/wp-content/uploads/sites/16/2023/06/MI_Finance_Positive_Landscape_0080.jpeg"
image_professor_thumbnail_id_1="1177"
image_professor_url_1="https://hehge.com/wp-content/uploads/sites/16/2023/06/MI_Finance_Professor_Landscape_0011.jpeg"
image_professor_thumbnail_id_2="1190"
image_professor_url_2="https://hehge.com/wp-content/uploads/sites/16/2023/06/MI_Finance_Professor_Landscape_0024.jpeg"
