Symbol="HLLY"
AssetType="Common Stock"
Name="Holley Inc"
Description="Holley Inc. designs, manufactures, and markets automotive aftermarket products for auto and truck enthusiasts in the United States, Canada, Europe, and China. The company is headquartered in Bowling Green, Kentucky."
CIK="1822928"
Exchange="NYSE"
Currency="USD"
Country="USA"
Sector="REAL ESTATE & CONSTRUCTION"
Industry="BLANK CHECKS"
Address="C/O MIDOCEAN PARTNERS, 245 PARK AVENUE, 38TH FLOOR, NEW YORK, NY, US"
FiscalYearEnd="December"
LatestQuarter="2023-03-31"
MarketCapitalization="748624000"
EBITDA="79493000"
PERatio="211"
PEGRatio="None"
BookValue="3.588"
DividendPerShare="0"
DividendYield="0"
EPS="0.03"
RevenuePerShareTTM="5.64"
ProfitMargin="0.0926"
OperatingMarginTTM="0.0823"
ReturnOnAssetsTTM="0.0273"
ReturnOnEquityTTM="0.161"
RevenueTTM="660565000"
GrossProfitTTM="258177000"
DilutedEPSTTM="0.03"
QuarterlyEarningsGrowthYOY="-0.751"
QuarterlyRevenueGrowthYOY="-0.139"
AnalystTargetPrice="5.5"
TrailingPE="211"
ForwardPE="-"
PriceToSalesRatioTTM="0.407"
PriceToBookRatio="0.769"
EVToRevenue="1.326"
EVToEBITDA="6.38"
Beta="1.48"
num_52WeekHigh="6.75"
num_52WeekLow="1.88"
num_50DayMovingAverage="4.266"
num_200DayMovingAverage="3.103"
SharesOutstanding="118266000"
DividendDate="None"
ExDividendDate="None"
symbol="HLLY"
open="6.13"
high="6.34"
low="6.08"
price="6.33"
volume="517507.00"
latest_trading_day="2023-07-31"
previous_close="6.07"
change="0.26"
change_percent="4.2834%"
aroon_positive_momentum_days="79"
aroon_negative_momentum_days="0"
trend_strength="Absent or Weak Trend"
buying_signal="Strong Buy Signal"
volume_analysis="Trending Low"
value_analysis="Bearish Trend"
Aroon_change="FALSE"
Aroon_momentum="79"
Volume_recent_avg="727354"
Change_recent_avg="0.02"
Delta_recent_avg="0.23"
Variance_recent_avg="0.12"
Change_ratio_recent_avg="0.31"
RSI_change="FALSE"
ADX_change="FALSE"

event="aroon_milestone_positive_60"
Aroon_signal="positive"
Aroon_change="FALSE"
Aroon_momentum_positive="79"
Aroon_momentum_negative="21"
image_negative_thumbnail_id_1="1134"
image_negative_url_1="https://hehge.com/wp-content/uploads/sites/16/2023/06/MI_Finance_Negative_Landscape_0167.jpeg"
image_negative_thumbnail_id_2="1148"
image_negative_url_2="https://hehge.com/wp-content/uploads/sites/16/2023/06/MI_Finance_Negative_Landscape_0181.jpeg"
image_neutral_thumbnail_id_1="571"
image_neutral_url_1="https://hehge.com/wp-content/uploads/sites/16/2023/06/MI_Finance_Neutral_Landscape_0028.jpeg"
image_neutral_thumbnail_id_2="586"
image_neutral_url_2="https://hehge.com/wp-content/uploads/sites/16/2023/06/MI_Finance_Neutral_Landscape_0013.jpeg"
image_positive_thumbnail_id_1="998"
image_positive_url_1="https://hehge.com/wp-content/uploads/sites/16/2023/06/MI_Finance_Positive_Landscape_0160.jpeg"
image_positive_thumbnail_id_2="665"
image_positive_url_2="https://hehge.com/wp-content/uploads/sites/16/2023/06/MI_Finance_Positive_Landscape_0043.jpeg"
image_professor_thumbnail_id_1="1167"
image_professor_url_1="https://hehge.com/wp-content/uploads/sites/16/2023/06/MI_Finance_Professor_Landscape_0001.jpeg"
image_professor_thumbnail_id_2="1204"
image_professor_url_2="https://hehge.com/wp-content/uploads/sites/16/2023/06/MI_Finance_Professor_Landscape_0038.jpeg"
