Symbol="PET"
AssetType="Common Stock"
Name="Wag! Group Co."
Description="None"
CIK="1842356"
Exchange="NASDAQ"
Currency="USD"
Country="USA"
Sector="REAL ESTATE & CONSTRUCTION"
Industry="BLANK CHECKS"
Address="2 MANHATTANVILLE ROAD, SUITE 403, PURCHASE, NY, US"
FiscalYearEnd="December"
LatestQuarter="2023-03-31"
MarketCapitalization="83975000"
EBITDA="-4521000"
PERatio="None"
PEGRatio="None"
BookValue="0.201"
DividendPerShare="0"
DividendYield="0"
EPS="-1.1"
RevenuePerShareTTM="2.495"
ProfitMargin="-0.608"
OperatingMarginTTM="-0.0808"
ReturnOnAssetsTTM="-0.0881"
ReturnOnEquityTTM="-3.939"
RevenueTTM="65822000"
GrossProfitTTM="39816000"
DilutedEPSTTM="-1.1"
QuarterlyEarningsGrowthYOY="0"
QuarterlyRevenueGrowthYOY="1.134"
AnalystTargetPrice="6.7"
TrailingPE="-"
ForwardPE="-"
PriceToSalesRatioTTM="1.644"
PriceToBookRatio="10.67"
EVToRevenue="1.639"
EVToEBITDA="-2.354"
Beta="None"
num_52WeekHigh="13.13"
num_52WeekLow="1.581"
num_50DayMovingAverage="2.194"
num_200DayMovingAverage="2.479"
SharesOutstanding="37488900"
DividendDate="None"
ExDividendDate="None"
symbol="PET"
open="2.24"
high="2.24"
low="2.12"
price="2.24"
volume="18405.00"
latest_trading_day="2023-07-25"
previous_close="2.25"
change="-0.01"
change_percent="-0.4444%"
aroon_positive_momentum_days="0"
aroon_negative_momentum_days="79"
trend_strength="Absent or Weak Trend"
buying_signal="Weak Sell Signal"
volume_analysis="Target Volume"
value_analysis="Expected Range"
Aroon_change="FALSE"
Aroon_momentum="21"
Volume_recent_avg="108506"
Change_recent_avg="0.01"
Delta_recent_avg="0.15"
Variance_recent_avg="0.08"
Change_ratio_recent_avg="-0.05"
RSI_change="FALSE"
ADX_change="FALSE"

event="FALSE"
Aroon_signal="negative"
Aroon_change="FALSE"
Aroon_momentum_positive="21"
Aroon_momentum_negative="79"
image_negative_thumbnail_id_1="170"
image_negative_url_1="https://hehge.com/wp-content/uploads/sites/16/2023/05/MI_Finance_Negative_Landscape_0006.jpeg"
image_negative_thumbnail_id_2="1122"
image_negative_url_2="https://hehge.com/wp-content/uploads/sites/16/2023/06/MI_Finance_Negative_Landscape_0155.jpeg"
image_neutral_thumbnail_id_1="588"
image_neutral_url_1="https://hehge.com/wp-content/uploads/sites/16/2023/06/MI_Finance_Neutral_Landscape_0011.jpeg"
image_neutral_thumbnail_id_2="597"
image_neutral_url_2="https://hehge.com/wp-content/uploads/sites/16/2023/06/MI_Finance_Neutral_Landscape_0002.jpeg"
image_positive_thumbnail_id_1="621"
image_positive_url_1="https://hehge.com/wp-content/uploads/sites/16/2023/06/MI_Finance_Positive_Landscape_0087.jpeg"
image_positive_thumbnail_id_2="961"
image_positive_url_2="https://hehge.com/wp-content/uploads/sites/16/2023/06/MI_Finance_Positive_Landscape_0123.jpeg"
image_professor_thumbnail_id_1="1182"
image_professor_url_1="https://hehge.com/wp-content/uploads/sites/16/2023/06/MI_Finance_Professor_Landscape_0016.jpeg"
image_professor_thumbnail_id_2="1190"
image_professor_url_2="https://hehge.com/wp-content/uploads/sites/16/2023/06/MI_Finance_Professor_Landscape_0024.jpeg"
