Symbol="RBT"
AssetType="Common Stock"
Name="Rubicon Technologies Inc."
Description="Rubicon Technologies, Inc., a digital marketplace for waste and recycling services, provides cloud-based waste and recycling solutions to businesses, governments, and organizations around the world. The company is headquartered in Lexington, Kentucky."
CIK="1862068"
Exchange="NYSE"
Currency="USD"
Country="USA"
Sector="REAL ESTATE & CONSTRUCTION"
Industry="BLANK CHECKS"
Address="11752 LAKE POTOMAC DRIVE, ROCKVILLE, MD, US"
FiscalYearEnd="December"
LatestQuarter="2023-03-31"
MarketCapitalization="64414000"
EBITDA="-249372992"
PERatio="None"
PEGRatio="None"
BookValue="-3.873"
DividendPerShare="0"
DividendYield="0"
EPS="-0.44"
RevenuePerShareTTM="12.36"
ProfitMargin="-0.0122"
OperatingMarginTTM="-0.364"
ReturnOnAssetsTTM="-0.869"
ReturnOnEquityTTM="0"
RevenueTTM="696680000"
GrossProfitTTM="27555000"
DilutedEPSTTM="-0.44"
QuarterlyEarningsGrowthYOY="0"
QuarterlyRevenueGrowthYOY="0.133"
AnalystTargetPrice="2.63"
TrailingPE="-"
ForwardPE="-"
PriceToSalesRatioTTM="0.641"
PriceToBookRatio="-"
EVToRevenue="0.396"
EVToEBITDA="-5.11"
Beta="None"
num_52WeekHigh="10.02"
num_52WeekLow="0.251"
num_50DayMovingAverage="0.437"
num_200DayMovingAverage="1.299"
SharesOutstanding="76535000"
DividendDate="None"
ExDividendDate="None"
symbol="RBT"
open="0.34"
high="0.34"
low="0.31"
price="0.32"
volume="540330.00"
latest_trading_day="2023-07-10"
previous_close="0.34"
change="-0.02"
change_percent="-4.6062%"
aroon_positive_momentum_days="0"
aroon_negative_momentum_days="100"
trend_strength="Absent or Weak Trend"
buying_signal="High Volatility / Hold Signal"
volume_analysis="Trending High"
value_analysis="Bullish Trend"
Aroon_change="FALSE"
Aroon_momentum="0"
Volume_recent_avg="592569"
Change_recent_avg="-0.01"
Delta_recent_avg="0.1"
Variance_recent_avg="0.05"
Change_ratio_recent_avg="-3.0"
RSI_change="FALSE"
ADX_change="FALSE"
Aroon_signal="negative"
Aroon_change="FALSE"
Aroon_momentum_positive="0"
Aroon_momentum_negative="100"
image_negative_thumbnail_id_1="145"
image_negative_url_1="https://hehge.com/wp-content/uploads/sites/16/2023/05/MI_Finance_Negative_Landscape_0031.jpeg"
image_negative_thumbnail_id_2="1112"
image_negative_url_2="https://hehge.com/wp-content/uploads/sites/16/2023/06/MI_Finance_Negative_Landscape_0145.jpeg"
image_neutral_thumbnail_id_1="594"
image_neutral_url_1="https://hehge.com/wp-content/uploads/sites/16/2023/06/MI_Finance_Neutral_Landscape_0005.jpeg"
image_neutral_thumbnail_id_2="593"
image_neutral_url_2="https://hehge.com/wp-content/uploads/sites/16/2023/06/MI_Finance_Neutral_Landscape_0006.jpeg"
image_positive_thumbnail_id_1="707"
image_positive_url_1="https://hehge.com/wp-content/uploads/sites/16/2023/06/MI_Finance_Positive_Landscape_0001.jpeg"
image_positive_thumbnail_id_2="629"
image_positive_url_2="https://hehge.com/wp-content/uploads/sites/16/2023/06/MI_Finance_Positive_Landscape_0079.jpeg"
image_professor_thumbnail_id_1="1187"
image_professor_url_1="https://hehge.com/wp-content/uploads/sites/16/2023/06/MI_Finance_Professor_Landscape_0021.jpeg"
image_professor_thumbnail_id_2="1176"
image_professor_url_2="https://hehge.com/wp-content/uploads/sites/16/2023/06/MI_Finance_Professor_Landscape_0010.jpeg"
