Symbol="LCAAU"
AssetType="Common Stock"
Name="L Catterton Asia Acquisition Corp Unit"
Description="L Catterton Asia Acquisition Corp focuses on effecting a merger, capital stock exchange, asset acquisition, stock purchase, reorganization or similar business combination with one or more companies. The company is headquartered in Singapore."
CIK="1841024"
Exchange="NASDAQ"
Currency="USD"
Country="USA"
Sector="REAL ESTATE & CONSTRUCTION"
Industry="BLANK CHECKS"
Address="8 MARINA VIEW, ASIA SQUARE TOWER 1, #41-03, SINGAPORE, SG"
FiscalYearEnd="December"
LatestQuarter="2023-03-31"
MarketCapitalization="305625000"
EBITDA="None"
PERatio="33.99"
PEGRatio="None"
BookValue="-0.693"
DividendPerShare="0"
DividendYield="0"
EPS="0.313"
RevenuePerShareTTM="0"
ProfitMargin="0"
OperatingMarginTTM="0"
ReturnOnAssetsTTM="-0.0153"
ReturnOnEquityTTM="0"
RevenueTTM="0"
GrossProfitTTM="0"
DilutedEPSTTM="0.313"
QuarterlyEarningsGrowthYOY="-0.839"
QuarterlyRevenueGrowthYOY="0"
AnalystTargetPrice="None"
TrailingPE="33.99"
ForwardPE="-"
PriceToSalesRatioTTM="-"
PriceToBookRatio="-"
EVToRevenue="-"
EVToEBITDA="-"
Beta="0.0107"
num_52WeekHigh="10.74"
num_52WeekLow="9.74"
num_50DayMovingAverage="10.56"
num_200DayMovingAverage="10.34"
SharesOutstanding="0"
DividendDate="None"
ExDividendDate="None"
symbol="LCAAU"
open="10.64"
high="10.64"
low="10.64"
price="10.64"
volume="0.00"
latest_trading_day="2023-08-09"
previous_close="10.64"
change="0.00"
change_percent="0.0000%"
aroon_positive_momentum_days="31"
aroon_negative_momentum_days="0"
trend_strength="Absent or Weak Trend"
buying_signal="Strong Buy Signal"
volume_analysis="Trending Low"
value_analysis="Bearish Trend"
Aroon_change="FALSE"
Aroon_momentum="31"
Volume_recent_avg="117"
Change_recent_avg="0.01"
Delta_recent_avg="0.01"
Variance_recent_avg="0.01"
Change_ratio_recent_avg="0.01"
RSI_change="FALSE"
ADX_change="FALSE"

event="FALSE"
Aroon_signal="positive"
Aroon_change="FALSE"
Aroon_momentum_positive="31"
Aroon_momentum_negative="69"
image_negative_thumbnail_id_1="117"
image_negative_url_1="https://hehge.com/wp-content/uploads/sites/16/2023/05/MI_Finance_Negative_Landscape_0059.jpeg"
image_negative_thumbnail_id_2="108"
image_negative_url_2="https://hehge.com/wp-content/uploads/sites/16/2023/05/MI_Finance_Negative_Landscape_0068.jpeg"
image_neutral_thumbnail_id_1="591"
image_neutral_url_1="https://hehge.com/wp-content/uploads/sites/16/2023/06/MI_Finance_Neutral_Landscape_0008.jpeg"
image_neutral_thumbnail_id_2="432"
image_neutral_url_2="https://hehge.com/wp-content/uploads/sites/16/2023/05/MI_Finance_Neutral_Landscape_0019.jpeg"
image_positive_thumbnail_id_1="605"
image_positive_url_1="https://hehge.com/wp-content/uploads/sites/16/2023/06/MI_Finance_Positive_Landscape_0103.jpeg"
image_positive_thumbnail_id_2="676"
image_positive_url_2="https://hehge.com/wp-content/uploads/sites/16/2023/06/MI_Finance_Positive_Landscape_0032.jpeg"
image_professor_thumbnail_id_1="1181"
image_professor_url_1="https://hehge.com/wp-content/uploads/sites/16/2023/06/MI_Finance_Professor_Landscape_0015.jpeg"
image_professor_thumbnail_id_2="1189"
image_professor_url_2="https://hehge.com/wp-content/uploads/sites/16/2023/06/MI_Finance_Professor_Landscape_0023.jpeg"
