Symbol="CSLMR"
AssetType="Common Stock"
Name="Consilium Acquisition Corp I Ltd. Right"
Description="Consilium Acquisition Corp I, Ltd. is focused on entering into a merger, stock exchange, asset acquisition, stock purchase, reorganization or similar business combination with one or more companies or entities. The company is headquartered in Fort Lauderdale, Florida."
CIK="1875493"
Exchange="NASDAQ"
Currency="USD"
Country="USA"
Sector="REAL ESTATE & CONSTRUCTION"
Industry="BLANK CHECKS"
Address="C/O WALKERS CORPORATE LIMITED, 190 ELGIN AVENUE, GEORGE TOWN, GRAND CAYMAN, KY"
FiscalYearEnd="None"
LatestQuarter="2023-03-31"
MarketCapitalization="None"
EBITDA="None"
PERatio="None"
PEGRatio="None"
BookValue="-0.294"
DividendPerShare="0"
DividendYield="0"
EPS="None"
RevenuePerShareTTM="0"
ProfitMargin="0"
OperatingMarginTTM="0"
ReturnOnAssetsTTM="0"
ReturnOnEquityTTM="0"
RevenueTTM="0"
GrossProfitTTM="0"
DilutedEPSTTM="0"
QuarterlyEarningsGrowthYOY="0"
QuarterlyRevenueGrowthYOY="0"
AnalystTargetPrice="None"
TrailingPE="-"
ForwardPE="-"
PriceToSalesRatioTTM="-"
PriceToBookRatio="-"
EVToRevenue="-"
EVToEBITDA="-"
Beta="None"
num_52WeekHigh="0.15"
num_52WeekLow="0.0201"
num_50DayMovingAverage="0"
num_200DayMovingAverage="0"
SharesOutstanding="0"
DividendDate="None"
ExDividendDate="None"
symbol="CSLMR"
open="0.14"
high="0.14"
low="0.14"
price="0.14"
volume="1830.00"
latest_trading_day="2023-07-06"
previous_close="0.14"
change="0.00"
change_percent="0.0000%"
aroon_positive_momentum_days="76"
aroon_negative_momentum_days="0"
trend_strength="Absent or Weak Trend"
buying_signal="Weak Buy Signal"
volume_analysis="Target Volume"
value_analysis="Expected Range"
Aroon_change="FALSE"
Aroon_momentum="76"
Volume_recent_avg="11308"
Change_recent_avg="0.01"
Delta_recent_avg="0.01"
Variance_recent_avg="0.01"
Change_ratio_recent_avg="-0.78"
RSI_change="FALSE"
ADX_change="FALSE"

event="aroon_milestone_positive_45"
Aroon_signal="positive"
Aroon_change="FALSE"
Aroon_momentum_positive="76"
Aroon_momentum_negative="24"
image_negative_thumbnail_id_1="490"
image_negative_url_1="https://hehge.com/wp-content/uploads/sites/16/2023/06/MI_Finance_Negative_Landscape_0115.jpeg"
image_negative_thumbnail_id_2="515"
image_negative_url_2="https://hehge.com/wp-content/uploads/sites/16/2023/06/MI_Finance_Negative_Landscape_0090.jpeg"
image_neutral_thumbnail_id_1="565"
image_neutral_url_1="https://hehge.com/wp-content/uploads/sites/16/2023/06/MI_Finance_Neutral_Landscape_0034.jpeg"
image_neutral_thumbnail_id_2="560"
image_neutral_url_2="https://hehge.com/wp-content/uploads/sites/16/2023/06/MI_Finance_Neutral_Landscape_0039.jpeg"
image_positive_thumbnail_id_1="663"
image_positive_url_1="https://hehge.com/wp-content/uploads/sites/16/2023/06/MI_Finance_Positive_Landscape_0045.jpeg"
image_positive_thumbnail_id_2="628"
image_positive_url_2="https://hehge.com/wp-content/uploads/sites/16/2023/06/MI_Finance_Positive_Landscape_0080.jpeg"
image_professor_thumbnail_id_1="1184"
image_professor_url_1="https://hehge.com/wp-content/uploads/sites/16/2023/06/MI_Finance_Professor_Landscape_0018.jpeg"
image_professor_thumbnail_id_2="1177"
image_professor_url_2="https://hehge.com/wp-content/uploads/sites/16/2023/06/MI_Finance_Professor_Landscape_0011.jpeg"
