Symbol="CBRE"
AssetType="Common Stock"
Name="CBRE Group Inc Class A"
Description="CBRE Group, Inc. is an American commercial real estate services and investment firm. The abbreviation CBRE stands for Coldwell Banker Richard Ellis. It is the largest commercial real estate services company in the world."
CIK="1138118"
Exchange="NYSE"
Currency="USD"
Country="USA"
Sector="REAL ESTATE & CONSTRUCTION"
Industry="REAL ESTATE"
Address="400 SOUTH HOPE STREET, 25TH FLOOR, LOS ANGELES, CA, US"
FiscalYearEnd="December"
LatestQuarter="2023-03-31"
MarketCapitalization="25612556000"
EBITDA="1912512000"
PERatio="23.34"
PEGRatio="2.447"
BookValue="25.91"
DividendPerShare="0"
DividendYield="0"
EPS="3.53"
RevenuePerShareTTM="97.36"
ProfitMargin="0.0366"
OperatingMarginTTM="0.0411"
ReturnOnAssetsTTM="0.0376"
ReturnOnEquityTTM="0.129"
RevenueTTM="30906427000"
GrossProfitTTM="6622158000"
DilutedEPSTTM="3.53"
QuarterlyEarningsGrowthYOY="-0.681"
QuarterlyRevenueGrowthYOY="0.011"
AnalystTargetPrice="94.17"
TrailingPE="23.34"
ForwardPE="14.97"
PriceToSalesRatioTTM="0.785"
PriceToBookRatio="3.019"
EVToRevenue="0.868"
EVToEBITDA="8.47"
Beta="1.362"
num_52WeekHigh="89.58"
num_52WeekLow="66.31"
num_50DayMovingAverage="80.21"
num_200DayMovingAverage="77.74"
SharesOutstanding="310832000"
DividendDate="None"
ExDividendDate="2023-01-20"
symbol="CBRE"
open="83.79"
high="84.49"
low="82.32"
price="82.40"
volume="1916154.00"
latest_trading_day="2023-07-28"
previous_close="83.25"
change="-0.85"
change_percent="-1.0210%"
aroon_positive_momentum_days="42"
aroon_negative_momentum_days="0"
trend_strength="Absent or Weak Trend"
buying_signal="Strong Buy Signal"
volume_analysis="Target Volume"
value_analysis="Expected Range"
Aroon_change="FALSE"
Aroon_momentum="42"
Volume_recent_avg="1882854"
Change_recent_avg="-0.05"
Delta_recent_avg="1.83"
Variance_recent_avg="0.92"
Change_ratio_recent_avg="-0.08"
RSI_change="FALSE"
ADX_change="FALSE"

event="FALSE"
Aroon_signal="positive"
Aroon_change="FALSE"
Aroon_momentum_positive="42"
Aroon_momentum_negative="58"
image_negative_thumbnail_id_1="502"
image_negative_url_1="https://hehge.com/wp-content/uploads/sites/16/2023/06/MI_Finance_Negative_Landscape_0103.jpeg"
image_negative_thumbnail_id_2="175"
image_negative_url_2="https://hehge.com/wp-content/uploads/sites/16/2023/05/MI_Finance_Negative_Landscape_0001.jpeg"
image_neutral_thumbnail_id_1="545"
image_neutral_url_1="https://hehge.com/wp-content/uploads/sites/16/2023/06/MI_Finance_Neutral_Landscape_0054.jpeg"
image_neutral_thumbnail_id_2="580"
image_neutral_url_2="https://hehge.com/wp-content/uploads/sites/16/2023/06/MI_Finance_Neutral_Landscape_0019.jpeg"
image_positive_thumbnail_id_1="989"
image_positive_url_1="https://hehge.com/wp-content/uploads/sites/16/2023/06/MI_Finance_Positive_Landscape_0151.jpeg"
image_positive_thumbnail_id_2="1014"
image_positive_url_2="https://hehge.com/wp-content/uploads/sites/16/2023/06/MI_Finance_Positive_Landscape_0176.jpeg"
image_professor_thumbnail_id_1="1198"
image_professor_url_1="https://hehge.com/wp-content/uploads/sites/16/2023/06/MI_Finance_Professor_Landscape_0032.jpeg"
image_professor_thumbnail_id_2="1174"
image_professor_url_2="https://hehge.com/wp-content/uploads/sites/16/2023/06/MI_Finance_Professor_Landscape_0008.jpeg"
