Symbol="CUZ"
AssetType="Common Stock"
Name="Cousins Properties Incorporated"
Description="Cousins Properties is a fully integrated, self-managed and self-managed Real Estate Investment Trust (REIT). "
CIK="25232"
Exchange="NYSE"
Currency="USD"
Country="USA"
Sector="REAL ESTATE & CONSTRUCTION"
Industry="REAL ESTATE INVESTMENT TRUSTS"
Address="191 PEACHTREE STREET N.E., SUITE 500, ATLANTA, GA, US"
FiscalYearEnd="December"
LatestQuarter="2023-06-30"
MarketCapitalization="3331988000"
EBITDA="498845000"
PERatio="22.4"
PEGRatio="0"
BookValue="30.18"
DividendPerShare="1.28"
DividendYield="0.0584"
EPS="0.98"
RevenuePerShareTTM="5.28"
ProfitMargin="0.187"
OperatingMarginTTM="0.235"
ReturnOnAssetsTTM="0.0157"
ReturnOnEquityTTM="0.0326"
RevenueTTM="799507000"
GrossProfitTTM="507060000"
DilutedEPSTTM="0.98"
QuarterlyEarningsGrowthYOY="-0.349"
QuarterlyRevenueGrowthYOY="0.1"
AnalystTargetPrice="25.78"
TrailingPE="22.4"
ForwardPE="-"
PriceToSalesRatioTTM="5.08"
PriceToBookRatio="0.845"
EVToRevenue="8.26"
EVToEBITDA="9.34"
Beta="1.141"
num_52WeekHigh="27.84"
num_52WeekLow="17.54"
num_50DayMovingAverage="22.94"
num_200DayMovingAverage="23.28"
SharesOutstanding="151774000"
DividendDate="2023-07-17"
ExDividendDate="2023-07-05"
symbol="CUZ"
open="22.04"
high="22.16"
low="21.82"
price="22.00"
volume="1667076.00"
latest_trading_day="2023-08-22"
previous_close="21.95"
change="0.06"
change_percent="0.2506%"
aroon_positive_momentum_days="52"
aroon_negative_momentum_days="0"
trend_strength="Absent or Weak Trend"
buying_signal="Weak Buy Signal"
volume_analysis="Target Volume"
value_analysis="Expected Range"
Aroon_change="FALSE"
Aroon_momentum="52"
Volume_recent_avg="1553377"
Change_recent_avg="0.01"
Delta_recent_avg="0.61"
Variance_recent_avg="0.31"
Change_ratio_recent_avg="0.01"
RSI_change="FALSE"
ADX_change="FALSE"

event="FALSE"
Aroon_signal="positive"
Aroon_change="FALSE"
Aroon_momentum_positive="52"
Aroon_momentum_negative="48"
image_negative_thumbnail_id_1="520"
image_negative_url_1="https://hehge.com/wp-content/uploads/sites/16/2023/06/MI_Finance_Negative_Landscape_0085.jpeg"
image_negative_thumbnail_id_2="99"
image_negative_url_2="https://hehge.com/wp-content/uploads/sites/16/2023/05/MI_Finance_Negative_Landscape_0077.jpeg"
image_neutral_thumbnail_id_1="432"
image_neutral_url_1="https://hehge.com/wp-content/uploads/sites/16/2023/05/MI_Finance_Neutral_Landscape_0019.jpeg"
image_neutral_thumbnail_id_2="562"
image_neutral_url_2="https://hehge.com/wp-content/uploads/sites/16/2023/06/MI_Finance_Neutral_Landscape_0037.jpeg"
image_positive_thumbnail_id_1="968"
image_positive_url_1="https://hehge.com/wp-content/uploads/sites/16/2023/06/MI_Finance_Positive_Landscape_0130.jpeg"
image_positive_thumbnail_id_2="655"
image_positive_url_2="https://hehge.com/wp-content/uploads/sites/16/2023/06/MI_Finance_Positive_Landscape_0053.jpeg"
image_professor_thumbnail_id_1="1182"
image_professor_url_1="https://hehge.com/wp-content/uploads/sites/16/2023/06/MI_Finance_Professor_Landscape_0016.jpeg"
image_professor_thumbnail_id_2="1203"
image_professor_url_2="https://hehge.com/wp-content/uploads/sites/16/2023/06/MI_Finance_Professor_Landscape_0037.jpeg"
