Symbol="SNRHU"
AssetType="Common Stock"
Name="Senior Connect Acquisition Corp I"
Description="Senior Connect Acquisition Corp. The company is headquartered in Scottsdale, Arizona."
CIK="1823854"
Exchange="NASDAQ"
Currency="USD"
Country="USA"
Sector="REAL ESTATE & CONSTRUCTION"
Industry="BLANK CHECKS"
Address="7114 EAST STETSON DRIVE, SUITE 400, SCOTTSDALE, AZ, US"
FiscalYearEnd="December"
LatestQuarter="2023-03-31"
MarketCapitalization="505598000"
EBITDA="None"
PERatio="35.41"
PEGRatio="None"
BookValue="-0.393"
DividendPerShare="0"
DividendYield="0"
EPS="0.283"
RevenuePerShareTTM="0"
ProfitMargin="0"
OperatingMarginTTM="0"
ReturnOnAssetsTTM="-0.0075"
ReturnOnEquityTTM="0"
RevenueTTM="0"
GrossProfitTTM="0"
DilutedEPSTTM="0.283"
QuarterlyEarningsGrowthYOY="-0.881"
QuarterlyRevenueGrowthYOY="0"
AnalystTargetPrice="None"
TrailingPE="35.41"
ForwardPE="-"
PriceToSalesRatioTTM="-"
PriceToBookRatio="-"
EVToRevenue="-"
EVToEBITDA="-"
Beta="0.0263"
num_52WeekHigh="10.5"
num_52WeekLow="9.27"
num_50DayMovingAverage="10.02"
num_200DayMovingAverage="10.01"
SharesOutstanding="0"
DividendDate="None"
ExDividendDate="None"
symbol="SNRHU"
open="10.02"
high="10.02"
low="10.02"
price="10.02"
volume="0.00"
latest_trading_day="2023-06-09"
previous_close="10.02"
change="0.00"
change_percent="0.0000%"
aroon_positive_momentum_days="0"
aroon_negative_momentum_days="29"
trend_strength="Absent or Weak Trend"
buying_signal="Weak Sell Signal"
volume_analysis="Target Volume"
value_analysis="Expected Range"
Aroon_change="FALSE"
Aroon_momentum="71"
Volume_recent_avg="2753"
Change_recent_avg="0.01"
Delta_recent_avg="0.02"
Variance_recent_avg="0.01"
Change_ratio_recent_avg="0.12"
RSI_change="FALSE"
ADX_change="FALSE"

event="FALSE"
Aroon_signal="negative"
Aroon_change="FALSE"
Aroon_momentum_positive="71"
Aroon_momentum_negative="29"
image_negative_thumbnail_id_1="1114"
image_negative_url_1="https://hehge.com/wp-content/uploads/sites/16/2023/06/MI_Finance_Negative_Landscape_0147.jpeg"
image_negative_thumbnail_id_2="1131"
image_negative_url_2="https://hehge.com/wp-content/uploads/sites/16/2023/06/MI_Finance_Negative_Landscape_0164.jpeg"
image_neutral_thumbnail_id_1="535"
image_neutral_url_1="https://hehge.com/wp-content/uploads/sites/16/2023/06/MI_Finance_Neutral_Landscape_0064.jpeg"
image_neutral_thumbnail_id_2="582"
image_neutral_url_2="https://hehge.com/wp-content/uploads/sites/16/2023/06/MI_Finance_Neutral_Landscape_0017.jpeg"
image_positive_thumbnail_id_1="970"
image_positive_url_1="https://hehge.com/wp-content/uploads/sites/16/2023/06/MI_Finance_Positive_Landscape_0132.jpeg"
image_positive_thumbnail_id_2="603"
image_positive_url_2="https://hehge.com/wp-content/uploads/sites/16/2023/06/MI_Finance_Positive_Landscape_0105.jpeg"
image_professor_thumbnail_id_1="1185"
image_professor_url_1="https://hehge.com/wp-content/uploads/sites/16/2023/06/MI_Finance_Professor_Landscape_0019.jpeg"
image_professor_thumbnail_id_2="1183"
image_professor_url_2="https://hehge.com/wp-content/uploads/sites/16/2023/06/MI_Finance_Professor_Landscape_0017.jpeg"
