Symbol="HLMN"
AssetType="Common Stock"
Name="Hillman Solutions Corp"
Description="None"
CIK="1822492"
Exchange="NASDAQ"
Currency="USD"
Country="USA"
Sector="REAL ESTATE & CONSTRUCTION"
Industry="BLANK CHECKS"
Address="1510 WEST LOOP SOUTH, HOUSTON, TX, US"
FiscalYearEnd="December"
LatestQuarter="2023-03-31"
MarketCapitalization="1915061000"
EBITDA="190473000"
PERatio="None"
PEGRatio="None"
BookValue="5.89"
DividendPerShare="0"
DividendYield="0"
EPS="-0.12"
RevenuePerShareTTM="7.58"
ProfitMargin="-0.0161"
OperatingMarginTTM="0.0455"
ReturnOnAssetsTTM="0.0164"
ReturnOnEquityTTM="-0.0205"
RevenueTTM="1473022000"
GrossProfitTTM="639777000"
DilutedEPSTTM="-0.12"
QuarterlyEarningsGrowthYOY="0"
QuarterlyRevenueGrowthYOY="-0.037"
AnalystTargetPrice="10.82"
TrailingPE="-"
ForwardPE="21.64"
PriceToSalesRatioTTM="0.955"
PriceToBookRatio="1.263"
EVToRevenue="1.66"
EVToEBITDA="14.42"
Beta="1.533"
num_52WeekHigh="10.65"
num_52WeekLow="6.59"
num_50DayMovingAverage="8.85"
num_200DayMovingAverage="8.31"
SharesOutstanding="194620000"
DividendDate="None"
ExDividendDate="None"
symbol="HLMN"
open="9.75"
high="9.96"
low="9.75"
price="9.84"
volume="872522.00"
latest_trading_day="2023-07-31"
previous_close="9.74"
change="0.10"
change_percent="1.0267%"
aroon_positive_momentum_days="58"
aroon_negative_momentum_days="0"
trend_strength="Absent or Weak Trend"
buying_signal="Strong Buy Signal"
volume_analysis="Target Volume"
value_analysis="Expected Range"
Aroon_change="FALSE"
Aroon_momentum="58"
Volume_recent_avg="1337154"
Change_recent_avg="0.01"
Delta_recent_avg="0.29"
Variance_recent_avg="0.15"
Change_ratio_recent_avg="-0.02"
RSI_change="FALSE"
ADX_change="FALSE"

event="FALSE"
Aroon_signal="positive"
Aroon_change="FALSE"
Aroon_momentum_positive="58"
Aroon_momentum_negative="42"
image_negative_thumbnail_id_1="1092"
image_negative_url_1="https://hehge.com/wp-content/uploads/sites/16/2023/06/MI_Finance_Negative_Landscape_0125.jpeg"
image_negative_thumbnail_id_2="1146"
image_negative_url_2="https://hehge.com/wp-content/uploads/sites/16/2023/06/MI_Finance_Negative_Landscape_0179.jpeg"
image_neutral_thumbnail_id_1="549"
image_neutral_url_1="https://hehge.com/wp-content/uploads/sites/16/2023/06/MI_Finance_Neutral_Landscape_0050.jpeg"
image_neutral_thumbnail_id_2="577"
image_neutral_url_2="https://hehge.com/wp-content/uploads/sites/16/2023/06/MI_Finance_Neutral_Landscape_0022.jpeg"
image_positive_thumbnail_id_1="600"
image_positive_url_1="https://hehge.com/wp-content/uploads/sites/16/2023/06/MI_Finance_Positive_Landscape_0108.jpeg"
image_positive_thumbnail_id_2="956"
image_positive_url_2="https://hehge.com/wp-content/uploads/sites/16/2023/06/MI_Finance_Positive_Landscape_0118.jpeg"
image_professor_thumbnail_id_1="1188"
image_professor_url_1="https://hehge.com/wp-content/uploads/sites/16/2023/06/MI_Finance_Professor_Landscape_0022.jpeg"
image_professor_thumbnail_id_2="1179"
image_professor_url_2="https://hehge.com/wp-content/uploads/sites/16/2023/06/MI_Finance_Professor_Landscape_0013.jpeg"
