Symbol="DFLI"
AssetType="Common Stock"
Name="Chardan NexTech Acquisition 2 Corp"
Description="Dragonfly Energy Holdings Corp. The company is headquartered in Reno, Nevada."
CIK="1847986"
Exchange="NASDAQ"
Currency="USD"
Country="USA"
Sector="REAL ESTATE & CONSTRUCTION"
Industry="BLANK CHECKS"
Address="17 STATE STREET, 21ST FLOOR, NEW YORK, NY, US"
FiscalYearEnd="December"
LatestQuarter="2023-03-31"
MarketCapitalization="87082000"
EBITDA="-41255000"
PERatio="None"
PEGRatio="None"
BookValue="0.706"
DividendPerShare="0"
DividendYield="0"
EPS="-0.7"
RevenuePerShareTTM="2.131"
ProfitMargin="-0.373"
OperatingMarginTTM="-0.487"
ReturnOnAssetsTTM="-0.328"
ReturnOnEquityTTM="-1.393"
RevenueTTM="86739000"
GrossProfitTTM="24004000"
DilutedEPSTTM="-0.7"
QuarterlyEarningsGrowthYOY="0"
QuarterlyRevenueGrowthYOY="0.027"
AnalystTargetPrice="8.83"
TrailingPE="-"
ForwardPE="-"
PriceToSalesRatioTTM="6.59"
PriceToBookRatio="42.44"
EVToRevenue="6.59"
EVToEBITDA="-5203.16"
Beta="None"
num_52WeekHigh="28.75"
num_52WeekLow="1.38"
num_50DayMovingAverage="2.849"
num_200DayMovingAverage="6.7"
SharesOutstanding="57290000"
DividendDate="None"
ExDividendDate="None"
symbol="DFLI"
open="1.77"
high="1.90"
low="1.67"
price="1.75"
volume="17900026.00"
latest_trading_day="2023-07-13"
previous_close="1.61"
change="0.14"
change_percent="8.6957%"
aroon_positive_momentum_days="0"
aroon_negative_momentum_days="91"
trend_strength="Absent or Weak Trend"
buying_signal="Strong Sell Signal"
volume_analysis="Target Volume"
value_analysis="Expected Range"
Aroon_change="FALSE"
Aroon_momentum="9"
Volume_recent_avg="1325729"
Change_recent_avg="-0.07"
Delta_recent_avg="0.4"
Variance_recent_avg="0.2"
Change_ratio_recent_avg="-2.07"
RSI_change="FALSE"
ADX_change="FALSE"

event="FALSE"
Aroon_signal="negative"
Aroon_change="FALSE"
Aroon_momentum_positive="9"
Aroon_momentum_negative="91"
image_negative_thumbnail_id_1="1137"
image_negative_url_1="https://hehge.com/wp-content/uploads/sites/16/2023/06/MI_Finance_Negative_Landscape_0170.jpeg"
image_negative_thumbnail_id_2="517"
image_negative_url_2="https://hehge.com/wp-content/uploads/sites/16/2023/06/MI_Finance_Negative_Landscape_0088.jpeg"
image_neutral_thumbnail_id_1="585"
image_neutral_url_1="https://hehge.com/wp-content/uploads/sites/16/2023/06/MI_Finance_Neutral_Landscape_0014.jpeg"
image_neutral_thumbnail_id_2="527"
image_neutral_url_2="https://hehge.com/wp-content/uploads/sites/16/2023/06/MI_Finance_Neutral_Landscape_0072.jpeg"
image_positive_thumbnail_id_1="979"
image_positive_url_1="https://hehge.com/wp-content/uploads/sites/16/2023/06/MI_Finance_Positive_Landscape_0141.jpeg"
image_positive_thumbnail_id_2="655"
image_positive_url_2="https://hehge.com/wp-content/uploads/sites/16/2023/06/MI_Finance_Positive_Landscape_0053.jpeg"
image_professor_thumbnail_id_1="1199"
image_professor_url_1="https://hehge.com/wp-content/uploads/sites/16/2023/06/MI_Finance_Professor_Landscape_0033.jpeg"
image_professor_thumbnail_id_2="1202"
image_professor_url_2="https://hehge.com/wp-content/uploads/sites/16/2023/06/MI_Finance_Professor_Landscape_0036.jpeg"
