Symbol="KPLTW"
AssetType="Common Stock"
Name="Katapult Holdings Equity Warrants Exp 09 June 2026"
Description="None"
CIK="1785424"
Exchange="NASDAQ"
Currency="USD"
Country="USA"
Sector="REAL ESTATE & CONSTRUCTION"
Industry="BLANK CHECKS"
Address="1345 AVENUE OF THE AMERICAS 11TH FL, NEW YORK, NY, US"
FiscalYearEnd="December"
LatestQuarter="2023-03-31"
MarketCapitalization="327129000"
EBITDA="48528000"
PERatio="None"
PEGRatio="None"
BookValue="None"
DividendPerShare="None"
DividendYield="0"
EPS="None"
RevenuePerShareTTM="23.67"
ProfitMargin="0.0781"
OperatingMarginTTM="0.235"
ReturnOnAssetsTTM="0"
ReturnOnEquityTTM="-14.62"
RevenueTTM="206240000"
GrossProfitTTM="0"
DilutedEPSTTM="0"
QuarterlyEarningsGrowthYOY="0"
QuarterlyRevenueGrowthYOY="0"
AnalystTargetPrice="None"
TrailingPE="-"
ForwardPE="-"
PriceToSalesRatioTTM="-"
PriceToBookRatio="-"
EVToRevenue="-"
EVToEBITDA="-"
Beta="None"
num_52WeekHigh="0.299"
num_52WeekLow="0.0004"
num_50DayMovingAverage="0"
num_200DayMovingAverage="0"
SharesOutstanding="0"
DividendDate="None"
ExDividendDate="None"
symbol="KPLTW"
open="0.03"
high="0.04"
low="0.03"
price="0.03"
volume="16460.00"
latest_trading_day="2023-07-21"
previous_close="0.04"
change="-0.01"
change_percent="-19.7500%"
aroon_positive_momentum_days="0"
aroon_negative_momentum_days="93"
trend_strength="Absent or Weak Trend"
buying_signal="Strong Sell Signal"
volume_analysis="Target Volume"
value_analysis="Expected Range"
Aroon_change="FALSE"
Aroon_momentum="7"
Volume_recent_avg="24398"
Change_recent_avg="0.01"
Delta_recent_avg="0.01"
Variance_recent_avg="0.01"
Change_ratio_recent_avg="-1.38"
RSI_change="FALSE"
ADX_change="FALSE"

event="FALSE"
Aroon_signal="negative"
Aroon_change="FALSE"
Aroon_momentum_positive="7"
Aroon_momentum_negative="93"
image_negative_thumbnail_id_1="1087"
image_negative_url_1="https://hehge.com/wp-content/uploads/sites/16/2023/06/MI_Finance_Negative_Landscape_0120.jpeg"
image_negative_thumbnail_id_2="1111"
image_negative_url_2="https://hehge.com/wp-content/uploads/sites/16/2023/06/MI_Finance_Negative_Landscape_0144.jpeg"
image_neutral_thumbnail_id_1="561"
image_neutral_url_1="https://hehge.com/wp-content/uploads/sites/16/2023/06/MI_Finance_Neutral_Landscape_0038.jpeg"
image_neutral_thumbnail_id_2="521"
image_neutral_url_2="https://hehge.com/wp-content/uploads/sites/16/2023/06/MI_Finance_Neutral_Landscape_0078.jpeg"
image_positive_thumbnail_id_1="1002"
image_positive_url_1="https://hehge.com/wp-content/uploads/sites/16/2023/06/MI_Finance_Positive_Landscape_0164.jpeg"
image_positive_thumbnail_id_2="615"
image_positive_url_2="https://hehge.com/wp-content/uploads/sites/16/2023/06/MI_Finance_Positive_Landscape_0093.jpeg"
image_professor_thumbnail_id_1="1190"
image_professor_url_1="https://hehge.com/wp-content/uploads/sites/16/2023/06/MI_Finance_Professor_Landscape_0024.jpeg"
image_professor_thumbnail_id_2="1167"
image_professor_url_2="https://hehge.com/wp-content/uploads/sites/16/2023/06/MI_Finance_Professor_Landscape_0001.jpeg"
