Symbol="CTO"
AssetType="Common Stock"
Name="CTO Realty Growth Inc"
Description="CTO Realty Growth, Inc. is a Florida-based publicly traded real estate company owning approximately 2 income properties. "
CIK="23795"
Exchange="NYSE"
Currency="USD"
Country="USA"
Sector="REAL ESTATE & CONSTRUCTION"
Industry="REAL ESTATE INVESTMENT TRUSTS"
Address="1140 NORTH WILLIAMSON BLVD., STE. 140, DAYTONA BEACH, FL, US"
FiscalYearEnd="December"
LatestQuarter="2023-03-31"
MarketCapitalization="395459000"
EBITDA="52096000"
PERatio="109.13"
PEGRatio="0"
BookValue="21.07"
DividendPerShare="1.51"
DividendYield="0.0894"
EPS="-0.362"
RevenuePerShareTTM="4.548"
ProfitMargin="-0.0338"
OperatingMarginTTM="0.189"
ReturnOnAssetsTTM="0.0122"
ReturnOnEquityTTM="-1.72"
RevenueTTM="89827000"
GrossProfitTTM="59463000"
DilutedEPSTTM="-0.37"
QuarterlyEarningsGrowthYOY="-0.85"
QuarterlyRevenueGrowthYOY="0.436"
AnalystTargetPrice="20.79"
TrailingPE="-"
ForwardPE="74.63"
PriceToSalesRatioTTM="4.99"
PriceToBookRatio="0.824"
EVToRevenue="8.38"
EVToEBITDA="10.93"
Beta="0.67"
num_52WeekHigh="21.23"
num_52WeekLow="15.35"
num_50DayMovingAverage="16.54"
num_200DayMovingAverage="18.01"
SharesOutstanding="22701400"
DividendDate="2023-06-30"
ExDividendDate="2023-06-07"
symbol="CTO"
open="17.34"
high="17.66"
low="17.27"
price="17.36"
volume="109156.00"
latest_trading_day="2023-07-07"
previous_close="17.34"
change="0.02"
change_percent="0.1153%"
aroon_positive_momentum_days="21"
aroon_negative_momentum_days="0"
trend_strength="Absent or Weak Trend"
buying_signal="Weak Buy Signal"
volume_analysis="Target Volume"
value_analysis="Expected Range"
Aroon_change="FALSE"
Aroon_momentum="21"
Volume_recent_avg="194381"
Change_recent_avg="0.01"
Delta_recent_avg="0.36"
Variance_recent_avg="0.18"
Change_ratio_recent_avg="0.01"
RSI_change="FALSE"
ADX_change="FALSE"

event="FALSE"
Aroon_signal="positive"
Aroon_change="FALSE"
Aroon_momentum_positive="21"
Aroon_momentum_negative="79"
image_negative_thumbnail_id_1="497"
image_negative_url_1="https://hehge.com/wp-content/uploads/sites/16/2023/06/MI_Finance_Negative_Landscape_0108.jpeg"
image_negative_thumbnail_id_2="1109"
image_negative_url_2="https://hehge.com/wp-content/uploads/sites/16/2023/06/MI_Finance_Negative_Landscape_0142.jpeg"
image_neutral_thumbnail_id_1="534"
image_neutral_url_1="https://hehge.com/wp-content/uploads/sites/16/2023/06/MI_Finance_Neutral_Landscape_0065.jpeg"
image_neutral_thumbnail_id_2="537"
image_neutral_url_2="https://hehge.com/wp-content/uploads/sites/16/2023/06/MI_Finance_Neutral_Landscape_0062.jpeg"
image_positive_thumbnail_id_1="987"
image_positive_url_1="https://hehge.com/wp-content/uploads/sites/16/2023/06/MI_Finance_Positive_Landscape_0149.jpeg"
image_positive_thumbnail_id_2="629"
image_positive_url_2="https://hehge.com/wp-content/uploads/sites/16/2023/06/MI_Finance_Positive_Landscape_0079.jpeg"
image_professor_thumbnail_id_1="1173"
image_professor_url_1="https://hehge.com/wp-content/uploads/sites/16/2023/06/MI_Finance_Professor_Landscape_0007.jpeg"
image_professor_thumbnail_id_2="1175"
image_professor_url_2="https://hehge.com/wp-content/uploads/sites/16/2023/06/MI_Finance_Professor_Landscape_0009.jpeg"
