Symbol="MAPS"
AssetType="Common Stock"
Name="WM Technology Inc"
Description="None"
CIK="1779474"
Exchange="NASDAQ"
Currency="USD"
Country="USA"
Sector="REAL ESTATE & CONSTRUCTION"
Industry="BLANK CHECKS"
Address="MAPLES CORPORATE SERVICES LIMITED, PO BOX 309, UGLAND HOUSE, GRAND CAYMAN, KY"
FiscalYearEnd="December"
LatestQuarter="2023-06-30"
MarketCapitalization="173101000"
EBITDA="-19449000"
PERatio="None"
PEGRatio="None"
BookValue="0.219"
DividendPerShare="0"
DividendYield="0"
EPS="-1.16"
RevenuePerShareTTM="2.169"
ProfitMargin="-0.579"
OperatingMarginTTM="-0.148"
ReturnOnAssetsTTM="-0.0607"
ReturnOnEquityTTM="-0.491"
RevenueTTM="198644000"
GrossProfitTTM="200124000"
DilutedEPSTTM="-1.16"
QuarterlyEarningsGrowthYOY="-0.923"
QuarterlyRevenueGrowthYOY="-0.128"
AnalystTargetPrice="2.48"
TrailingPE="-"
ForwardPE="34.25"
PriceToSalesRatioTTM="0.807"
PriceToBookRatio="0.812"
EVToRevenue="0.455"
EVToEBITDA="-2.42"
Beta="0.948"
num_52WeekHigh="3.04"
num_52WeekLow="0.596"
num_50DayMovingAverage="0.966"
num_200DayMovingAverage="1.028"
SharesOutstanding="92574000"
DividendDate="None"
ExDividendDate="None"
symbol="MAPS"
open="1.02"
high="1.16"
low="1.02"
price="1.10"
volume="779545.00"
latest_trading_day="2023-08-17"
previous_close="1.00"
change="0.10"
change_percent="10.0000%"
aroon_positive_momentum_days="63"
aroon_negative_momentum_days="0"
trend_strength="Absent or Weak Trend"
buying_signal="Weak Buy Signal"
volume_analysis="Target Volume"
value_analysis="Expected Range"
Aroon_change="FALSE"
Aroon_momentum="63"
Volume_recent_avg="488933"
Change_recent_avg="0.01"
Delta_recent_avg="0.09"
Variance_recent_avg="0.04"
Change_ratio_recent_avg="-0.08"
RSI_change="FALSE"
ADX_change="FALSE"

event="FALSE"
Aroon_signal="positive"
Aroon_change="FALSE"
Aroon_momentum_positive="63"
Aroon_momentum_negative="37"
image_negative_thumbnail_id_1="148"
image_negative_url_1="https://hehge.com/wp-content/uploads/sites/16/2023/05/MI_Finance_Negative_Landscape_0028.jpeg"
image_negative_thumbnail_id_2="1112"
image_negative_url_2="https://hehge.com/wp-content/uploads/sites/16/2023/06/MI_Finance_Negative_Landscape_0145.jpeg"
image_neutral_thumbnail_id_1="562"
image_neutral_url_1="https://hehge.com/wp-content/uploads/sites/16/2023/06/MI_Finance_Neutral_Landscape_0037.jpeg"
image_neutral_thumbnail_id_2="561"
image_neutral_url_2="https://hehge.com/wp-content/uploads/sites/16/2023/06/MI_Finance_Neutral_Landscape_0038.jpeg"
image_positive_thumbnail_id_1="957"
image_positive_url_1="https://hehge.com/wp-content/uploads/sites/16/2023/06/MI_Finance_Positive_Landscape_0119.jpeg"
image_positive_thumbnail_id_2="982"
image_positive_url_2="https://hehge.com/wp-content/uploads/sites/16/2023/06/MI_Finance_Positive_Landscape_0144.jpeg"
image_professor_thumbnail_id_1="1170"
image_professor_url_1="https://hehge.com/wp-content/uploads/sites/16/2023/06/MI_Finance_Professor_Landscape_0004.jpeg"
image_professor_thumbnail_id_2="1200"
image_professor_url_2="https://hehge.com/wp-content/uploads/sites/16/2023/06/MI_Finance_Professor_Landscape_0034.jpeg"
