Symbol="MAPS"
AssetType="Common Stock"
Name="WM Technology Inc"
Description="None"
CIK="1779474"
Exchange="NASDAQ"
Currency="USD"
Country="USA"
Sector="REAL ESTATE & CONSTRUCTION"
Industry="BLANK CHECKS"
Address="MAPLES CORPORATE SERVICES LIMITED, PO BOX 309, UGLAND HOUSE, GRAND CAYMAN, KY"
FiscalYearEnd="December"
LatestQuarter="2023-03-31"
MarketCapitalization="207721000"
EBITDA="-36297000"
PERatio="None"
PEGRatio="None"
BookValue="0.166"
DividendPerShare="0"
DividendYield="0"
EPS="-1.16"
RevenuePerShareTTM="2.29"
ProfitMargin="-0.507"
OperatingMarginTTM="-0.223"
ReturnOnAssetsTTM="-0.0963"
ReturnOnEquityTTM="-0.419"
RevenueTTM="206086000"
GrossProfitTTM="200124000"
DilutedEPSTTM="-1.16"
QuarterlyEarningsGrowthYOY="-0.941"
QuarterlyRevenueGrowthYOY="-0.164"
AnalystTargetPrice="2.42"
TrailingPE="-"
ForwardPE="34.25"
PriceToSalesRatioTTM="0.807"
PriceToBookRatio="0.812"
EVToRevenue="0.455"
EVToEBITDA="-2.42"
Beta="0.948"
num_52WeekHigh="3.34"
num_52WeekLow="0.596"
num_50DayMovingAverage="0.946"
num_200DayMovingAverage="1.053"
SharesOutstanding="92574000"
DividendDate="None"
ExDividendDate="None"
symbol="MAPS"
open="1.21"
high="1.24"
low="1.07"
price="1.14"
volume="359227.00"
latest_trading_day="2023-08-09"
previous_close="1.20"
change="-0.06"
change_percent="-5.0000%"
aroon_positive_momentum_days="57"
aroon_negative_momentum_days="0"
trend_strength="Absent or Weak Trend"
buying_signal="Weak Buy Signal"
volume_analysis="Target Volume"
value_analysis="Expected Range"
Aroon_change="FALSE"
Aroon_momentum="57"
Volume_recent_avg="490255"
Change_recent_avg="0.01"
Delta_recent_avg="0.08"
Variance_recent_avg="0.04"
Change_ratio_recent_avg="0.02"
RSI_change="FALSE"
ADX_change="FALSE"

event="FALSE"
Aroon_signal="positive"
Aroon_change="FALSE"
Aroon_momentum_positive="57"
Aroon_momentum_negative="43"
image_negative_thumbnail_id_1="148"
image_negative_url_1="https://hehge.com/wp-content/uploads/sites/16/2023/05/MI_Finance_Negative_Landscape_0028.jpeg"
image_negative_thumbnail_id_2="107"
image_negative_url_2="https://hehge.com/wp-content/uploads/sites/16/2023/05/MI_Finance_Negative_Landscape_0069.jpeg"
image_neutral_thumbnail_id_1="526"
image_neutral_url_1="https://hehge.com/wp-content/uploads/sites/16/2023/06/MI_Finance_Neutral_Landscape_0073.jpeg"
image_neutral_thumbnail_id_2="540"
image_neutral_url_2="https://hehge.com/wp-content/uploads/sites/16/2023/06/MI_Finance_Neutral_Landscape_0059.jpeg"
image_positive_thumbnail_id_1="700"
image_positive_url_1="https://hehge.com/wp-content/uploads/sites/16/2023/06/MI_Finance_Positive_Landscape_0008.jpeg"
image_positive_thumbnail_id_2="605"
image_positive_url_2="https://hehge.com/wp-content/uploads/sites/16/2023/06/MI_Finance_Positive_Landscape_0103.jpeg"
image_professor_thumbnail_id_1="1168"
image_professor_url_1="https://hehge.com/wp-content/uploads/sites/16/2023/06/MI_Finance_Professor_Landscape_0002.jpeg"
image_professor_thumbnail_id_2="1184"
image_professor_url_2="https://hehge.com/wp-content/uploads/sites/16/2023/06/MI_Finance_Professor_Landscape_0018.jpeg"
