Symbol="WY"
AssetType="Common Stock"
Name="Weyerhaeuser Company"
Description="Weyerhaeuser Company is an American timberland company which owns nearly 12,400,000 acres of timberlands in the U.S. and manages an additional 14,000,000 acres timberlands under long-term licenses in Canada. The company also manufactures wood products. Weyerhaeuser is a real estate investment trust."
CIK="106535"
Exchange="NYSE"
Currency="USD"
Country="USA"
Sector="REAL ESTATE & CONSTRUCTION"
Industry="REAL ESTATE INVESTMENT TRUSTS"
Address="220 OCCIDENTAL AVENUE SOUTH, SEATTLE, WA, US"
FiscalYearEnd="December"
LatestQuarter="2023-03-31"
MarketCapitalization="25110430000"
EBITDA="2412000000"
PERatio="10.8"
PEGRatio="5.4"
BookValue="13.76"
DividendPerShare="0.73"
DividendYield="0.0221"
EPS="1.696"
RevenuePerShareTTM="12.13"
ProfitMargin="0.141"
OperatingMarginTTM="0.215"
ReturnOnAssetsTTM="0.0715"
ReturnOnEquityTTM="12.41"
RevenueTTM="8953000000"
GrossProfitTTM="3620000000"
DilutedEPSTTM="1.71"
QuarterlyEarningsGrowthYOY="-0.8"
QuarterlyRevenueGrowthYOY="-0.396"
AnalystTargetPrice="38"
TrailingPE="20.11"
ForwardPE="24.75"
PriceToSalesRatioTTM="2.212"
PriceToBookRatio="2.218"
EVToRevenue="2.574"
EVToEBITDA="7.49"
Beta="1.536"
num_52WeekHigh="35.55"
num_52WeekLow="26.17"
num_50DayMovingAverage="31.29"
num_200DayMovingAverage="31.14"
SharesOutstanding="732296000"
DividendDate="2023-06-16"
ExDividendDate="2023-06-01"
symbol="WY"
open="34.66"
high="34.74"
low="33.96"
price="34.11"
volume="3328942.00"
latest_trading_day="2023-07-27"
previous_close="34.38"
change="-0.27"
change_percent="-0.7853%"
aroon_positive_momentum_days="45"
aroon_negative_momentum_days="0"
trend_strength="Absent or Weak Trend"
buying_signal="Weak Buy Signal"
volume_analysis="Target Volume"
value_analysis="Expected Range"
Aroon_change="FALSE"
Aroon_momentum="45"
Volume_recent_avg="4041677"
Change_recent_avg="0.01"
Delta_recent_avg="0.63"
Variance_recent_avg="0.31"
Change_ratio_recent_avg="-0.01"
RSI_change="FALSE"
ADX_change="FALSE"

event="FALSE"
Aroon_signal="positive"
Aroon_change="FALSE"
Aroon_momentum_positive="45"
Aroon_momentum_negative="55"
image_negative_thumbnail_id_1="1115"
image_negative_url_1="https://hehge.com/wp-content/uploads/sites/16/2023/06/MI_Finance_Negative_Landscape_0148.jpeg"
image_negative_thumbnail_id_2="165"
image_negative_url_2="https://hehge.com/wp-content/uploads/sites/16/2023/05/MI_Finance_Negative_Landscape_0011.jpeg"
image_neutral_thumbnail_id_1="577"
image_neutral_url_1="https://hehge.com/wp-content/uploads/sites/16/2023/06/MI_Finance_Neutral_Landscape_0022.jpeg"
image_neutral_thumbnail_id_2="544"
image_neutral_url_2="https://hehge.com/wp-content/uploads/sites/16/2023/06/MI_Finance_Neutral_Landscape_0055.jpeg"
image_positive_thumbnail_id_1="654"
image_positive_url_1="https://hehge.com/wp-content/uploads/sites/16/2023/06/MI_Finance_Positive_Landscape_0054.jpeg"
image_positive_thumbnail_id_2="625"
image_positive_url_2="https://hehge.com/wp-content/uploads/sites/16/2023/06/MI_Finance_Positive_Landscape_0083.jpeg"
image_professor_thumbnail_id_1="1186"
image_professor_url_1="https://hehge.com/wp-content/uploads/sites/16/2023/06/MI_Finance_Professor_Landscape_0020.jpeg"
image_professor_thumbnail_id_2="1190"
image_professor_url_2="https://hehge.com/wp-content/uploads/sites/16/2023/06/MI_Finance_Professor_Landscape_0024.jpeg"
