Symbol="SKIL"
AssetType="Common Stock"
Name="Skillsoft Corp."
Description="SkillSoft Corp. The company is headquartered in Nashua, New Hampshire."
CIK="1774675"
Exchange="NYSE"
Currency="USD"
Country="USA"
Sector="REAL ESTATE & CONSTRUCTION"
Industry="BLANK CHECKS"
Address="640 FIFTH AVENUE, 12TH FL, NEW YORK, NY, US"
FiscalYearEnd="December"
LatestQuarter="2023-03-31"
MarketCapitalization="212134000"
EBITDA="58690000"
PERatio="None"
PEGRatio="None"
BookValue="3.066"
DividendPerShare="0"
DividendYield="0"
EPS="-9.85"
RevenuePerShareTTM="3.387"
ProfitMargin="-1.345"
OperatingMarginTTM="-0.217"
ReturnOnAssetsTTM="-0.0388"
ReturnOnEquityTTM="-0.993"
RevenueTTM="555840000"
GrossProfitTTM="452010000"
DilutedEPSTTM="-9.85"
QuarterlyEarningsGrowthYOY="0"
QuarterlyRevenueGrowthYOY="0.005"
AnalystTargetPrice="3.15"
TrailingPE="-"
ForwardPE="-"
PriceToSalesRatioTTM="0.229"
PriceToBookRatio="0.395"
EVToRevenue="-"
EVToEBITDA="-319.28"
Beta="1.214"
num_52WeekHigh="3.95"
num_52WeekLow="1.03"
num_50DayMovingAverage="1.334"
num_200DayMovingAverage="1.573"
SharesOutstanding="164445000"
DividendDate="None"
ExDividendDate="None"
symbol="SKIL"
open="1.28"
high="1.31"
low="1.25"
price="1.29"
volume="73322.00"
latest_trading_day="2023-08-25"
previous_close="1.29"
change="0.00"
change_percent="0.0000%"
aroon_positive_momentum_days="0"
aroon_negative_momentum_days="75"
trend_strength="Absent or Weak Trend"
buying_signal="Weak Sell Signal"
volume_analysis="Target Volume"
value_analysis="Expected Range"
Aroon_change="FALSE"
Aroon_momentum="25"
Volume_recent_avg="237303"
Change_recent_avg="-0.01"
Delta_recent_avg="0.1"
Variance_recent_avg="0.05"
Change_ratio_recent_avg="-0.58"
RSI_change="FALSE"
ADX_change="FALSE"

event="FALSE"
Aroon_signal="negative"
Aroon_change="FALSE"
Aroon_momentum_positive="25"
Aroon_momentum_negative="75"
image_negative_thumbnail_id_1="1097"
image_negative_url_1="https://hehge.com/wp-content/uploads/sites/16/2023/06/MI_Finance_Negative_Landscape_0130.jpeg"
image_negative_thumbnail_id_2="1163"
image_negative_url_2="https://hehge.com/wp-content/uploads/sites/16/2023/06/MI_Finance_Negative_Landscape_0197.jpeg"
image_neutral_thumbnail_id_1="592"
image_neutral_url_1="https://hehge.com/wp-content/uploads/sites/16/2023/06/MI_Finance_Neutral_Landscape_0007.jpeg"
image_neutral_thumbnail_id_2="521"
image_neutral_url_2="https://hehge.com/wp-content/uploads/sites/16/2023/06/MI_Finance_Neutral_Landscape_0078.jpeg"
image_positive_thumbnail_id_1="984"
image_positive_url_1="https://hehge.com/wp-content/uploads/sites/16/2023/06/MI_Finance_Positive_Landscape_0146.jpeg"
image_positive_thumbnail_id_2="620"
image_positive_url_2="https://hehge.com/wp-content/uploads/sites/16/2023/06/MI_Finance_Positive_Landscape_0088.jpeg"
image_professor_thumbnail_id_1="1202"
image_professor_url_1="https://hehge.com/wp-content/uploads/sites/16/2023/06/MI_Finance_Professor_Landscape_0036.jpeg"
image_professor_thumbnail_id_2="1187"
image_professor_url_2="https://hehge.com/wp-content/uploads/sites/16/2023/06/MI_Finance_Professor_Landscape_0021.jpeg"
