Symbol="SKIL"
AssetType="Common Stock"
Name="Skillsoft Corp."
Description="SkillSoft Corp. The company is headquartered in Nashua, New Hampshire."
CIK="1774675"
Exchange="NYSE"
Currency="USD"
Country="USA"
Sector="REAL ESTATE & CONSTRUCTION"
Industry="BLANK CHECKS"
Address="640 FIFTH AVENUE, 12TH FL, NEW YORK, NY, US"
FiscalYearEnd="December"
LatestQuarter="2023-03-31"
MarketCapitalization="217067000"
EBITDA="58690000"
PERatio="None"
PEGRatio="None"
BookValue="3.066"
DividendPerShare="0"
DividendYield="0"
EPS="-9.38"
RevenuePerShareTTM="3.387"
ProfitMargin="-1.345"
OperatingMarginTTM="-0.217"
ReturnOnAssetsTTM="-0.0388"
ReturnOnEquityTTM="-0.993"
RevenueTTM="555840000"
GrossProfitTTM="452010000"
DilutedEPSTTM="-9.38"
QuarterlyEarningsGrowthYOY="0"
QuarterlyRevenueGrowthYOY="0.005"
AnalystTargetPrice="3.25"
TrailingPE="-"
ForwardPE="-"
PriceToSalesRatioTTM="0.229"
PriceToBookRatio="0.395"
EVToRevenue="-"
EVToEBITDA="-319.28"
Beta="1.214"
num_52WeekHigh="4.925"
num_52WeekLow="1.03"
num_50DayMovingAverage="1.378"
num_200DayMovingAverage="1.597"
SharesOutstanding="164445000"
DividendDate="None"
ExDividendDate="None"
symbol="SKIL"
open="1.30"
high="1.38"
low="1.30"
price="1.36"
volume="78284.00"
latest_trading_day="2023-08-11"
previous_close="1.32"
change="0.04"
change_percent="3.0303%"
aroon_positive_momentum_days="0"
aroon_negative_momentum_days="65"
trend_strength="Absent or Weak Trend"
buying_signal="Weak Sell Signal"
volume_analysis="Target Volume"
value_analysis="Expected Range"
Aroon_change="FALSE"
Aroon_momentum="35"
Volume_recent_avg="257713"
Change_recent_avg="-0.01"
Delta_recent_avg="0.1"
Variance_recent_avg="0.05"
Change_ratio_recent_avg="-0.59"
RSI_change="FALSE"
ADX_change="FALSE"

event="FALSE"
Aroon_signal="negative"
Aroon_change="FALSE"
Aroon_momentum_positive="35"
Aroon_momentum_negative="65"
image_negative_thumbnail_id_1="147"
image_negative_url_1="https://hehge.com/wp-content/uploads/sites/16/2023/05/MI_Finance_Negative_Landscape_0029.jpeg"
image_negative_thumbnail_id_2="129"
image_negative_url_2="https://hehge.com/wp-content/uploads/sites/16/2023/05/MI_Finance_Negative_Landscape_0047.jpeg"
image_neutral_thumbnail_id_1="526"
image_neutral_url_1="https://hehge.com/wp-content/uploads/sites/16/2023/06/MI_Finance_Neutral_Landscape_0073.jpeg"
image_neutral_thumbnail_id_2="545"
image_neutral_url_2="https://hehge.com/wp-content/uploads/sites/16/2023/06/MI_Finance_Neutral_Landscape_0054.jpeg"
image_positive_thumbnail_id_1="954"
image_positive_url_1="https://hehge.com/wp-content/uploads/sites/16/2023/06/MI_Finance_Positive_Landscape_0116.jpeg"
image_positive_thumbnail_id_2="662"
image_positive_url_2="https://hehge.com/wp-content/uploads/sites/16/2023/06/MI_Finance_Positive_Landscape_0046.jpeg"
image_professor_thumbnail_id_1="1203"
image_professor_url_1="https://hehge.com/wp-content/uploads/sites/16/2023/06/MI_Finance_Professor_Landscape_0037.jpeg"
image_professor_thumbnail_id_2="1172"
image_professor_url_2="https://hehge.com/wp-content/uploads/sites/16/2023/06/MI_Finance_Professor_Landscape_0006.jpeg"
