Symbol="CFIV"
AssetType="Common Stock"
Name="CF Acquisition IV Corp"
Description="CF Acquisition Corp. The company is headquartered in New York, New York."
CIK="1825249"
Exchange="NASDAQ"
Currency="USD"
Country="USA"
Sector="REAL ESTATE & CONSTRUCTION"
Industry="BLANK CHECKS"
Address="110 EAST 59TH STREET, NEW YORK, NY, US"
FiscalYearEnd="December"
LatestQuarter="2023-03-31"
MarketCapitalization="249152000"
EBITDA="None"
PERatio="80.69"
PEGRatio="None"
BookValue="-0.343"
DividendPerShare="0"
DividendYield="0"
EPS="0.13"
RevenuePerShareTTM="0"
ProfitMargin="0"
OperatingMarginTTM="0"
ReturnOnAssetsTTM="-0.0027"
ReturnOnEquityTTM="0"
RevenueTTM="0"
GrossProfitTTM="0"
DilutedEPSTTM="0.13"
QuarterlyEarningsGrowthYOY="-0.518"
QuarterlyRevenueGrowthYOY="0"
AnalystTargetPrice="None"
TrailingPE="80.69"
ForwardPE="-"
PriceToSalesRatioTTM="-"
PriceToBookRatio="1.281"
EVToRevenue="-"
EVToEBITDA="-402.45"
Beta="-0.0274"
num_52WeekHigh="11.01"
num_52WeekLow="9.84"
num_50DayMovingAverage="10.45"
num_200DayMovingAverage="10.21"
SharesOutstanding="11251400"
DividendDate="None"
ExDividendDate="None"
symbol="CFIV"
open="10.50"
high="10.50"
low="10.48"
price="10.49"
volume="43964.00"
latest_trading_day="2023-07-06"
previous_close="10.49"
change="0.00"
change_percent="0.0000%"
aroon_positive_momentum_days="97"
aroon_negative_momentum_days="0"
trend_strength="Very Strong Trend"
buying_signal="Weak Buy Signal"
volume_analysis="Target Volume"
value_analysis="Expected Range"
Aroon_change="FALSE"
Aroon_momentum="97"
Volume_recent_avg="56766"
Change_recent_avg="0.01"
Delta_recent_avg="0.02"
Variance_recent_avg="0.01"
Change_ratio_recent_avg="0.01"
RSI_change="FALSE"
ADX_change="FALSE"

event="FALSE"
Aroon_signal="positive"
Aroon_change="FALSE"
Aroon_momentum_positive="97"
Aroon_momentum_negative="3"
image_negative_thumbnail_id_1="167"
image_negative_url_1="https://hehge.com/wp-content/uploads/sites/16/2023/05/MI_Finance_Negative_Landscape_0009.jpeg"
image_negative_thumbnail_id_2="1094"
image_negative_url_2="https://hehge.com/wp-content/uploads/sites/16/2023/06/MI_Finance_Negative_Landscape_0127.jpeg"
image_neutral_thumbnail_id_1="545"
image_neutral_url_1="https://hehge.com/wp-content/uploads/sites/16/2023/06/MI_Finance_Neutral_Landscape_0054.jpeg"
image_neutral_thumbnail_id_2="581"
image_neutral_url_2="https://hehge.com/wp-content/uploads/sites/16/2023/06/MI_Finance_Neutral_Landscape_0018.jpeg"
image_positive_thumbnail_id_1="1003"
image_positive_url_1="https://hehge.com/wp-content/uploads/sites/16/2023/06/MI_Finance_Positive_Landscape_0165.jpeg"
image_positive_thumbnail_id_2="643"
image_positive_url_2="https://hehge.com/wp-content/uploads/sites/16/2023/06/MI_Finance_Positive_Landscape_0065.jpeg"
image_professor_thumbnail_id_1="1194"
image_professor_url_1="https://hehge.com/wp-content/uploads/sites/16/2023/06/MI_Finance_Professor_Landscape_0028.jpeg"
image_professor_thumbnail_id_2="1192"
image_professor_url_2="https://hehge.com/wp-content/uploads/sites/16/2023/06/MI_Finance_Professor_Landscape_0026.jpeg"
