Symbol="VRME"
AssetType="Common Stock"
Name="VerifyMe Inc"
Description="VerifyMe, Inc. provides technology solutions for brand protection and supply chain functions in the United States. The company is headquartered in Rochester, New York."
CIK="1104038"
Exchange="NASDAQ"
Currency="USD"
Country="USA"
Sector="REAL ESTATE & CONSTRUCTION"
Industry="PATENT OWNERS & LESSORS"
Address="12 WEST 21ST STREET, 8TH FLOOR, NEW YORK, NY, US"
FiscalYearEnd="December"
LatestQuarter="2023-06-30"
MarketCapitalization="10889700"
EBITDA="-2250000"
PERatio="None"
PEGRatio="0"
BookValue="1.256"
DividendPerShare="0"
DividendYield="0"
EPS="-0.18"
RevenuePerShareTTM="2.772"
ProfitMargin="-0.112"
OperatingMarginTTM="-0.128"
ReturnOnAssetsTTM="-0.114"
ReturnOnEquityTTM="-0.224"
RevenueTTM="25914000"
GrossProfitTTM="6488000"
DilutedEPSTTM="-0.18"
QuarterlyEarningsGrowthYOY="0"
QuarterlyRevenueGrowthYOY="0.186"
AnalystTargetPrice="2.85"
TrailingPE="-"
ForwardPE="14.88"
PriceToSalesRatioTTM="1.026"
PriceToBookRatio="0.791"
EVToRevenue="0.906"
EVToEBITDA="-2.051"
Beta="0.825"
num_52WeekHigh="2.27"
num_52WeekLow="1.01"
num_50DayMovingAverage="1.261"
num_200DayMovingAverage="1.49"
SharesOutstanding="9899800"
DividendDate="2020-06-18"
ExDividendDate="None"
symbol="VRME"
open="1.12"
high="1.12"
low="1.11"
price="1.11"
volume="1885.00"
latest_trading_day="2023-08-25"
previous_close="1.15"
change="-0.04"
change_percent="-3.4783%"
aroon_positive_momentum_days="0"
aroon_negative_momentum_days="89"
trend_strength="Absent or Weak Trend"
buying_signal="Strong Sell Signal"
volume_analysis="Target Volume"
value_analysis="Expected Range"
Aroon_change="FALSE"
Aroon_momentum="11"
Volume_recent_avg="21306"
Change_recent_avg="-0.01"
Delta_recent_avg="0.09"
Variance_recent_avg="0.05"
Change_ratio_recent_avg="-0.67"
RSI_change="FALSE"
ADX_change="FALSE"

event="FALSE"
Aroon_signal="negative"
Aroon_change="FALSE"
Aroon_momentum_positive="11"
Aroon_momentum_negative="89"
image_negative_thumbnail_id_1="141"
image_negative_url_1="https://hehge.com/wp-content/uploads/sites/16/2023/05/MI_Finance_Negative_Landscape_0035.jpeg"
image_negative_thumbnail_id_2="1100"
image_negative_url_2="https://hehge.com/wp-content/uploads/sites/16/2023/06/MI_Finance_Negative_Landscape_0133.jpeg"
image_neutral_thumbnail_id_1="528"
image_neutral_url_1="https://hehge.com/wp-content/uploads/sites/16/2023/06/MI_Finance_Neutral_Landscape_0071.jpeg"
image_neutral_thumbnail_id_2="581"
image_neutral_url_2="https://hehge.com/wp-content/uploads/sites/16/2023/06/MI_Finance_Neutral_Landscape_0018.jpeg"
image_positive_thumbnail_id_1="994"
image_positive_url_1="https://hehge.com/wp-content/uploads/sites/16/2023/06/MI_Finance_Positive_Landscape_0156.jpeg"
image_positive_thumbnail_id_2="677"
image_positive_url_2="https://hehge.com/wp-content/uploads/sites/16/2023/06/MI_Finance_Positive_Landscape_0031.jpeg"
image_professor_thumbnail_id_1="1186"
image_professor_url_1="https://hehge.com/wp-content/uploads/sites/16/2023/06/MI_Finance_Professor_Landscape_0020.jpeg"
image_professor_thumbnail_id_2="1172"
image_professor_url_2="https://hehge.com/wp-content/uploads/sites/16/2023/06/MI_Finance_Professor_Landscape_0006.jpeg"
