Symbol="MVST"
AssetType="Common Stock"
Name="Microvast Holdings Inc"
Description="None"
CIK="1760689"
Exchange="NASDAQ"
Currency="USD"
Country="USA"
Sector="REAL ESTATE & CONSTRUCTION"
Industry="BLANK CHECKS"
Address="135 E 57TH STREET, 18TH FLOOR, NEW YORK, NY, US"
FiscalYearEnd="December"
LatestQuarter="2023-03-31"
MarketCapitalization="888055000"
EBITDA="-129590000"
PERatio="None"
PEGRatio="None"
BookValue="1.962"
DividendPerShare="0"
DividendYield="0"
EPS="-0.44"
RevenuePerShareTTM="0.703"
ProfitMargin="-0.67"
OperatingMarginTTM="-0.697"
ReturnOnAssetsTTM="-0.0934"
ReturnOnEquityTTM="-0.228"
RevenueTTM="214800000"
GrossProfitTTM="9073000"
DilutedEPSTTM="-0.44"
QuarterlyEarningsGrowthYOY="0"
QuarterlyRevenueGrowthYOY="0.281"
AnalystTargetPrice="8"
TrailingPE="-"
ForwardPE="-"
PriceToSalesRatioTTM="2.786"
PriceToBookRatio="0.979"
EVToRevenue="2.488"
EVToEBITDA="-3.499"
Beta="1.339"
num_52WeekHigh="3.5"
num_52WeekLow="0.88"
num_50DayMovingAverage="1.876"
num_200DayMovingAverage="1.7"
SharesOutstanding="309427000"
DividendDate="None"
ExDividendDate="None"
symbol="MVST"
open="2.87"
high="2.91"
low="2.75"
price="2.81"
volume="5748918.00"
latest_trading_day="2023-08-01"
previous_close="2.87"
change="-0.06"
change_percent="-2.0906%"
aroon_positive_momentum_days="57"
aroon_negative_momentum_days="0"
trend_strength="Absent or Weak Trend"
buying_signal="Strong Buy Signal"
volume_analysis="Target Volume"
value_analysis="Expected Range"
Aroon_change="FALSE"
Aroon_momentum="57"
Volume_recent_avg="4135422"
Change_recent_avg="0.01"
Delta_recent_avg="0.17"
Variance_recent_avg="0.08"
Change_ratio_recent_avg="-0.26"
RSI_change="FALSE"
ADX_change="FALSE"

event="FALSE"
Aroon_signal="positive"
Aroon_change="FALSE"
Aroon_momentum_positive="57"
Aroon_momentum_negative="43"
image_negative_thumbnail_id_1="509"
image_negative_url_1="https://hehge.com/wp-content/uploads/sites/16/2023/06/MI_Finance_Negative_Landscape_0096.jpeg"
image_negative_thumbnail_id_2="143"
image_negative_url_2="https://hehge.com/wp-content/uploads/sites/16/2023/05/MI_Finance_Negative_Landscape_0033.jpeg"
image_neutral_thumbnail_id_1="540"
image_neutral_url_1="https://hehge.com/wp-content/uploads/sites/16/2023/06/MI_Finance_Neutral_Landscape_0059.jpeg"
image_neutral_thumbnail_id_2="554"
image_neutral_url_2="https://hehge.com/wp-content/uploads/sites/16/2023/06/MI_Finance_Neutral_Landscape_0045.jpeg"
image_positive_thumbnail_id_1="638"
image_positive_url_1="https://hehge.com/wp-content/uploads/sites/16/2023/06/MI_Finance_Positive_Landscape_0070.jpeg"
image_positive_thumbnail_id_2="659"
image_positive_url_2="https://hehge.com/wp-content/uploads/sites/16/2023/06/MI_Finance_Positive_Landscape_0049.jpeg"
image_professor_thumbnail_id_1="1174"
image_professor_url_1="https://hehge.com/wp-content/uploads/sites/16/2023/06/MI_Finance_Professor_Landscape_0008.jpeg"
image_professor_thumbnail_id_2="1193"
image_professor_url_2="https://hehge.com/wp-content/uploads/sites/16/2023/06/MI_Finance_Professor_Landscape_0027.jpeg"
