symbol="NDACU"
open="10.01"
high="10.06"
low="10.01"
price="10.06"
volume="11868.00"
latest_trading_day="2022-12-02"
previous_close="10.00"
change="0.06"
change_percent="0.6000%"
aroon_positive_momentum_days="0"
aroon_negative_momentum_days="48"
trend_strength="Absent or Weak Trend"
buying_signal="High Volatility / Hold Signal"
volume_analysis="Target Volume"
value_analysis="Expected Range"
Aroon_change="FALSE"
Aroon_momentum="52"
Volume_recent_avg="5957"
Change_recent_avg="0.01"
Delta_recent_avg="0.03"
Variance_recent_avg="0.01"
Change_ratio_recent_avg="0.09"
RSI_change="FALSE"
ADX_change="FALSE"

event="FALSE"
Aroon_signal="negative"
Aroon_change="FALSE"
Aroon_momentum_positive="52"
Aroon_momentum_negative="48"
image_negative_thumbnail_id_1="1102"
image_negative_url_1="https://hehge.com/wp-content/uploads/sites/16/2023/06/MI_Finance_Negative_Landscape_0135.jpeg"
image_negative_thumbnail_id_2="1114"
image_negative_url_2="https://hehge.com/wp-content/uploads/sites/16/2023/06/MI_Finance_Negative_Landscape_0147.jpeg"
image_neutral_thumbnail_id_1="557"
image_neutral_url_1="https://hehge.com/wp-content/uploads/sites/16/2023/06/MI_Finance_Neutral_Landscape_0042.jpeg"
image_neutral_thumbnail_id_2="587"
image_neutral_url_2="https://hehge.com/wp-content/uploads/sites/16/2023/06/MI_Finance_Neutral_Landscape_0012.jpeg"
image_positive_thumbnail_id_1="665"
image_positive_url_1="https://hehge.com/wp-content/uploads/sites/16/2023/06/MI_Finance_Positive_Landscape_0043.jpeg"
image_positive_thumbnail_id_2="950"
image_positive_url_2="https://hehge.com/wp-content/uploads/sites/16/2023/06/MI_Finance_Positive_Landscape_0112.jpeg"
image_professor_thumbnail_id_1="1198"
image_professor_url_1="https://hehge.com/wp-content/uploads/sites/16/2023/06/MI_Finance_Professor_Landscape_0032.jpeg"
image_professor_thumbnail_id_2="1183"
image_professor_url_2="https://hehge.com/wp-content/uploads/sites/16/2023/06/MI_Finance_Professor_Landscape_0017.jpeg"
