Symbol="WLGS"
AssetType="Common Stock"
Name="Wang & Lee Group Inc. Ordinary Shares"
Description="None"
CIK="1899658"
Exchange="NASDAQ"
Currency="USD"
Country="USA"
Sector="REAL ESTATE & CONSTRUCTION"
Industry="CONSTRUCTION - SPECIAL TRADE CONTRACTORS"
Address="5-6/F WING TAI FACTORY BUILDING, 3 TAI YIP STREET, KWUN TONG, HK"
FiscalYearEnd="December"
LatestQuarter="2022-12-31"
MarketCapitalization="15700200"
EBITDA="-638849"
PERatio="None"
PEGRatio="None"
BookValue="-0.143"
DividendPerShare="0"
DividendYield="0"
EPS="-0.04"
RevenuePerShareTTM="0.347"
ProfitMargin="-0.143"
OperatingMarginTTM="-0.154"
ReturnOnAssetsTTM="-0.145"
ReturnOnEquityTTM="0"
RevenueTTM="4169900"
GrossProfitTTM="785700"
DilutedEPSTTM="-0.04"
QuarterlyEarningsGrowthYOY="0"
QuarterlyRevenueGrowthYOY="0.368"
AnalystTargetPrice="None"
TrailingPE="-"
ForwardPE="-"
PriceToSalesRatioTTM="-"
PriceToBookRatio="-"
EVToRevenue="-"
EVToEBITDA="-"
Beta="None"
num_52WeekHigh="5.9"
num_52WeekLow="1.02"
num_50DayMovingAverage="1.491"
num_200DayMovingAverage="1.646"
SharesOutstanding="15096300"
DividendDate="None"
ExDividendDate="None"
symbol="WLGS"
open="1.15"
high="1.15"
low="1.02"
price="1.04"
volume="71593.00"
latest_trading_day="2023-07-27"
previous_close="1.10"
change="-0.06"
change_percent="-5.4545%"
aroon_positive_momentum_days="0"
aroon_negative_momentum_days="8"
trend_strength="nan"
buying_signal="Strong Sell Signal"
volume_analysis="Trending High"
value_analysis="Bullish Trend"
Aroon_change="FALSE"
Aroon_momentum="0"
Volume_recent_avg="1266072"
Change_recent_avg="-0.07"
Delta_recent_avg="0.3"
Variance_recent_avg="0.15"
Change_ratio_recent_avg="-3.48"
RSI_change="FALSE"
ADX_change="FALSE"

event="FALSE"
Aroon_signal="negative"
Aroon_change="FALSE"
Aroon_momentum_positive="0"
Aroon_momentum_negative="8"
image_negative_thumbnail_id_1="498"
image_negative_url_1="https://hehge.com/wp-content/uploads/sites/16/2023/06/MI_Finance_Negative_Landscape_0107.jpeg"
image_negative_thumbnail_id_2="129"
image_negative_url_2="https://hehge.com/wp-content/uploads/sites/16/2023/05/MI_Finance_Negative_Landscape_0047.jpeg"
image_neutral_thumbnail_id_1="541"
image_neutral_url_1="https://hehge.com/wp-content/uploads/sites/16/2023/06/MI_Finance_Neutral_Landscape_0058.jpeg"
image_neutral_thumbnail_id_2="532"
image_neutral_url_2="https://hehge.com/wp-content/uploads/sites/16/2023/06/MI_Finance_Neutral_Landscape_0067.jpeg"
image_positive_thumbnail_id_1="666"
image_positive_url_1="https://hehge.com/wp-content/uploads/sites/16/2023/06/MI_Finance_Positive_Landscape_0042.jpeg"
image_positive_thumbnail_id_2="634"
image_positive_url_2="https://hehge.com/wp-content/uploads/sites/16/2023/06/MI_Finance_Positive_Landscape_0074.jpeg"
image_professor_thumbnail_id_1="1197"
image_professor_url_1="https://hehge.com/wp-content/uploads/sites/16/2023/06/MI_Finance_Professor_Landscape_0031.jpeg"
image_professor_thumbnail_id_2="1189"
image_professor_url_2="https://hehge.com/wp-content/uploads/sites/16/2023/06/MI_Finance_Professor_Landscape_0023.jpeg"
