Symbol="OPINL"
AssetType="Common Stock"
Name="Office Properties Income Trust"
Description="OPI is a REIT focused on owning, operating and leasing properties primarily leased to individual tenants and those with high credit quality characteristics, such as government entities. The company is headquartered in Newton, Massachusetts."
CIK="1456772"
Exchange="NASDAQ"
Currency="USD"
Country="USA"
Sector="REAL ESTATE & CONSTRUCTION"
Industry="REAL ESTATE"
Address="C/O THE RMR GROUP, TWO NEWTON PL., 255 WASH. ST., STE. 300, NEWTON, MA, US"
FiscalYearEnd="December"
LatestQuarter="2023-03-31"
MarketCapitalization="1206951000"
EBITDA="399207000"
PERatio="None"
PEGRatio="None"
BookValue="None"
DividendPerShare="None"
DividendYield="0"
EPS="None"
RevenuePerShareTTM="13.59"
ProfitMargin="0.011"
OperatingMarginTTM="0.193"
ReturnOnAssetsTTM="0.0176"
ReturnOnEquityTTM="0"
RevenueTTM="653512000"
GrossProfitTTM="570385000"
DilutedEPSTTM="0"
QuarterlyEarningsGrowthYOY="-0.682"
QuarterlyRevenueGrowthYOY="-0.142"
AnalystTargetPrice="None"
TrailingPE="-"
ForwardPE="-"
PriceToSalesRatioTTM="-"
PriceToBookRatio="-"
EVToRevenue="-"
EVToEBITDA="-"
Beta="1.198"
num_52WeekHigh="23.13"
num_52WeekLow="10.87"
num_50DayMovingAverage="12.76"
num_200DayMovingAverage="16.55"
SharesOutstanding="0"
DividendDate="2023-12-01"
ExDividendDate="None"
symbol="OPINL"
open="13.20"
high="13.31"
low="13.01"
price="13.10"
volume="19563.00"
latest_trading_day="2023-07-14"
previous_close="13.08"
change="0.02"
change_percent="0.1529%"
aroon_positive_momentum_days="23"
aroon_negative_momentum_days="0"
trend_strength="Absent or Weak Trend"
buying_signal="Weak Buy Signal"
volume_analysis="Target Volume"
value_analysis="Expected Range"
Aroon_change="FALSE"
Aroon_momentum="23"
Volume_recent_avg="20882"
Change_recent_avg="-0.02"
Delta_recent_avg="0.56"
Variance_recent_avg="0.28"
Change_ratio_recent_avg="-0.1"
RSI_change="FALSE"
ADX_change="FALSE"

event="FALSE"
Aroon_signal="positive"
Aroon_change="FALSE"
Aroon_momentum_positive="23"
Aroon_momentum_negative="77"
image_negative_thumbnail_id_1="1093"
image_negative_url_1="https://hehge.com/wp-content/uploads/sites/16/2023/06/MI_Finance_Negative_Landscape_0126.jpeg"
image_negative_thumbnail_id_2="1095"
image_negative_url_2="https://hehge.com/wp-content/uploads/sites/16/2023/06/MI_Finance_Negative_Landscape_0128.jpeg"
image_neutral_thumbnail_id_1="535"
image_neutral_url_1="https://hehge.com/wp-content/uploads/sites/16/2023/06/MI_Finance_Neutral_Landscape_0064.jpeg"
image_neutral_thumbnail_id_2="531"
image_neutral_url_2="https://hehge.com/wp-content/uploads/sites/16/2023/06/MI_Finance_Neutral_Landscape_0068.jpeg"
image_positive_thumbnail_id_1="1009"
image_positive_url_1="https://hehge.com/wp-content/uploads/sites/16/2023/06/MI_Finance_Positive_Landscape_0171.jpeg"
image_positive_thumbnail_id_2="633"
image_positive_url_2="https://hehge.com/wp-content/uploads/sites/16/2023/06/MI_Finance_Positive_Landscape_0075.jpeg"
image_professor_thumbnail_id_1="1194"
image_professor_url_1="https://hehge.com/wp-content/uploads/sites/16/2023/06/MI_Finance_Professor_Landscape_0028.jpeg"
image_professor_thumbnail_id_2="1199"
image_professor_url_2="https://hehge.com/wp-content/uploads/sites/16/2023/06/MI_Finance_Professor_Landscape_0033.jpeg"
