Symbol="TRTL"
AssetType="Common Stock"
Name="TortoiseEcofin Acquisition III Corp"
Description="None"
CIK="1847112"
Exchange="NYSE"
Currency="USD"
Country="USA"
Sector="REAL ESTATE & CONSTRUCTION"
Industry="BLANK CHECKS"
Address="5100 W. 115TH PLACE, LEAWOOD, KS, US"
FiscalYearEnd="December"
LatestQuarter="2023-03-31"
MarketCapitalization="448500000"
EBITDA="None"
PERatio="33.55"
PEGRatio="None"
BookValue="-0.318"
DividendPerShare="0"
DividendYield="0"
EPS="0.31"
RevenuePerShareTTM="0"
ProfitMargin="0"
OperatingMarginTTM="0"
ReturnOnAssetsTTM="-0.0028"
ReturnOnEquityTTM="0"
RevenueTTM="0"
GrossProfitTTM="0"
DilutedEPSTTM="0.31"
QuarterlyEarningsGrowthYOY="-0.155"
QuarterlyRevenueGrowthYOY="0"
AnalystTargetPrice="None"
TrailingPE="33.55"
ForwardPE="-"
PriceToSalesRatioTTM="-"
PriceToBookRatio="1.289"
EVToRevenue="-"
EVToEBITDA="-"
Beta="None"
num_52WeekHigh="10.4"
num_52WeekLow="9.66"
num_50DayMovingAverage="10.33"
num_200DayMovingAverage="10.11"
SharesOutstanding="34500000"
DividendDate="None"
ExDividendDate="None"
symbol="TRTL"
open="10.38"
high="10.40"
low="10.38"
price="10.40"
volume="25558.00"
latest_trading_day="2023-07-18"
previous_close="10.39"
change="0.01"
change_percent="0.0962%"
aroon_positive_momentum_days="97"
aroon_negative_momentum_days="0"
trend_strength="Very Strong Trend"
buying_signal="Strong Buy Signal"
volume_analysis="Target Volume"
value_analysis="Expected Range"
Aroon_change="FALSE"
Aroon_momentum="97"
Volume_recent_avg="84668"
Change_recent_avg="-0.01"
Delta_recent_avg="0.03"
Variance_recent_avg="0.01"
Change_ratio_recent_avg="-0.07"
RSI_change="FALSE"
ADX_change="FALSE"

event="FALSE"
Aroon_signal="positive"
Aroon_change="FALSE"
Aroon_momentum_positive="97"
Aroon_momentum_negative="3"
image_negative_thumbnail_id_1="1097"
image_negative_url_1="https://hehge.com/wp-content/uploads/sites/16/2023/06/MI_Finance_Negative_Landscape_0130.jpeg"
image_negative_thumbnail_id_2="1145"
image_negative_url_2="https://hehge.com/wp-content/uploads/sites/16/2023/06/MI_Finance_Negative_Landscape_0178.jpeg"
image_neutral_thumbnail_id_1="563"
image_neutral_url_1="https://hehge.com/wp-content/uploads/sites/16/2023/06/MI_Finance_Neutral_Landscape_0036.jpeg"
image_neutral_thumbnail_id_2="591"
image_neutral_url_2="https://hehge.com/wp-content/uploads/sites/16/2023/06/MI_Finance_Neutral_Landscape_0008.jpeg"
image_positive_thumbnail_id_1="1002"
image_positive_url_1="https://hehge.com/wp-content/uploads/sites/16/2023/06/MI_Finance_Positive_Landscape_0164.jpeg"
image_positive_thumbnail_id_2="615"
image_positive_url_2="https://hehge.com/wp-content/uploads/sites/16/2023/06/MI_Finance_Positive_Landscape_0093.jpeg"
image_professor_thumbnail_id_1="1170"
image_professor_url_1="https://hehge.com/wp-content/uploads/sites/16/2023/06/MI_Finance_Professor_Landscape_0004.jpeg"
image_professor_thumbnail_id_2="1179"
image_professor_url_2="https://hehge.com/wp-content/uploads/sites/16/2023/06/MI_Finance_Professor_Landscape_0013.jpeg"
