Symbol="UHT"
AssetType="Common Stock"
Name="Universal Health Realty Income Trust"
Description="Universal Health Realty Income Trust, a real estate investment trust, invests in healthcare and human service related facilities including intensive care hospitals, rehabilitation hospitals, subacute care facilities, medical / office buildings, emergency departments independent and child care centers. "
CIK="798783"
Exchange="NYSE"
Currency="USD"
Country="USA"
Sector="REAL ESTATE & CONSTRUCTION"
Industry="REAL ESTATE INVESTMENT TRUSTS"
Address="UNIVERSAL CORPORATE CTR, 367 S GULPH RD, KING OF PRUSSIA, PA, US"
FiscalYearEnd="December"
LatestQuarter="2023-03-31"
MarketCapitalization="664943000"
EBITDA="58709000"
PERatio="32.99"
PEGRatio="0"
BookValue="16.09"
DividendPerShare="2.85"
DividendYield="0.0594"
EPS="1.46"
RevenuePerShareTTM="6.75"
ProfitMargin="0.217"
OperatingMarginTTM="0.348"
ReturnOnAssetsTTM="0.0336"
ReturnOnEquityTTM="0.0878"
RevenueTTM="92986000"
GrossProfitTTM="86719000"
DilutedEPSTTM="1.46"
QuarterlyEarningsGrowthYOY="-0.179"
QuarterlyRevenueGrowthYOY="0.052"
AnalystTargetPrice="33"
TrailingPE="32.99"
ForwardPE="-"
PriceToSalesRatioTTM="7.61"
PriceToBookRatio="3.044"
EVToRevenue="12.0"
EVToEBITDA="7.32"
Beta="0.902"
num_52WeekHigh="55.86"
num_52WeekLow="39.19"
num_50DayMovingAverage="46.39"
num_200DayMovingAverage="48.5"
SharesOutstanding="13804100"
DividendDate="2023-06-30"
ExDividendDate="2023-06-16"
symbol="UHT"
open="48.02"
high="48.29"
low="47.50"
price="48.17"
volume="25712.00"
latest_trading_day="2023-07-18"
previous_close="48.06"
change="0.11"
change_percent="0.2289%"
aroon_positive_momentum_days="42"
aroon_negative_momentum_days="0"
trend_strength="Absent or Weak Trend"
buying_signal="Weak Buy Signal"
volume_analysis="Target Volume"
value_analysis="Expected Range"
Aroon_change="FALSE"
Aroon_momentum="42"
Volume_recent_avg="50231"
Change_recent_avg="-0.05"
Delta_recent_avg="1.14"
Variance_recent_avg="0.57"
Change_ratio_recent_avg="-0.1"
RSI_change="FALSE"
ADX_change="FALSE"

event="FALSE"
Aroon_signal="positive"
Aroon_change="FALSE"
Aroon_momentum_positive="42"
Aroon_momentum_negative="58"
image_negative_thumbnail_id_1="513"
image_negative_url_1="https://hehge.com/wp-content/uploads/sites/16/2023/06/MI_Finance_Negative_Landscape_0092.jpeg"
image_negative_thumbnail_id_2="1129"
image_negative_url_2="https://hehge.com/wp-content/uploads/sites/16/2023/06/MI_Finance_Negative_Landscape_0162.jpeg"
image_neutral_thumbnail_id_1="548"
image_neutral_url_1="https://hehge.com/wp-content/uploads/sites/16/2023/06/MI_Finance_Neutral_Landscape_0051.jpeg"
image_neutral_thumbnail_id_2="539"
image_neutral_url_2="https://hehge.com/wp-content/uploads/sites/16/2023/06/MI_Finance_Neutral_Landscape_0060.jpeg"
image_positive_thumbnail_id_1="630"
image_positive_url_1="https://hehge.com/wp-content/uploads/sites/16/2023/06/MI_Finance_Positive_Landscape_0078.jpeg"
image_positive_thumbnail_id_2="980"
image_positive_url_2="https://hehge.com/wp-content/uploads/sites/16/2023/06/MI_Finance_Positive_Landscape_0142.jpeg"
image_professor_thumbnail_id_1="1193"
image_professor_url_1="https://hehge.com/wp-content/uploads/sites/16/2023/06/MI_Finance_Professor_Landscape_0027.jpeg"
image_professor_thumbnail_id_2="1203"
image_professor_url_2="https://hehge.com/wp-content/uploads/sites/16/2023/06/MI_Finance_Professor_Landscape_0037.jpeg"
