Symbol="CONX"
AssetType="Common Stock"
Name="CONX Corp"
Description="CONX Corp. The company is headquartered in Littleton, Colorado."
CIK="1823000"
Exchange="NASDAQ"
Currency="USD"
Country="USA"
Sector="REAL ESTATE & CONSTRUCTION"
Industry="BLANK CHECKS"
Address="5701 S. SANTA FE DR., LITTLETON, CO, US"
FiscalYearEnd="December"
LatestQuarter="2023-03-31"
MarketCapitalization="279151000"
EBITDA="None"
PERatio="85.75"
PEGRatio="None"
BookValue="-1.218"
DividendPerShare="0"
DividendYield="0"
EPS="0.12"
RevenuePerShareTTM="0"
ProfitMargin="0"
OperatingMarginTTM="0"
ReturnOnAssetsTTM="-0.0014"
ReturnOnEquityTTM="0"
RevenueTTM="0"
GrossProfitTTM="0"
DilutedEPSTTM="0.12"
QuarterlyEarningsGrowthYOY="-0.305"
QuarterlyRevenueGrowthYOY="0"
AnalystTargetPrice="None"
TrailingPE="85.75"
ForwardPE="-"
PriceToSalesRatioTTM="-"
PriceToBookRatio="1.295"
EVToRevenue="-"
EVToEBITDA="-1302.19"
Beta="-0.0073"
num_52WeekHigh="10.88"
num_52WeekLow="9.92"
num_50DayMovingAverage="10.3"
num_200DayMovingAverage="10.15"
SharesOutstanding="8378400"
DividendDate="None"
ExDividendDate="None"
symbol="CONX"
open="10.31"
high="10.31"
low="10.31"
price="10.31"
volume="5.00"
latest_trading_day="2023-08-04"
previous_close="10.31"
change="0.00"
change_percent="0.0000%"
aroon_positive_momentum_days="83"
aroon_negative_momentum_days="0"
trend_strength="Absent or Weak Trend"
buying_signal="Weak Buy Signal"
volume_analysis="Target Volume"
value_analysis="Expected Range"
Aroon_change="FALSE"
Aroon_momentum="83"
Volume_recent_avg="4010"
Change_recent_avg="0.01"
Delta_recent_avg="0.03"
Variance_recent_avg="0.02"
Change_ratio_recent_avg="0.02"
RSI_change="FALSE"
ADX_change="FALSE"

event="FALSE"
Aroon_signal="positive"
Aroon_change="FALSE"
Aroon_momentum_positive="83"
Aroon_momentum_negative="17"
image_negative_thumbnail_id_1="133"
image_negative_url_1="https://hehge.com/wp-content/uploads/sites/16/2023/05/MI_Finance_Negative_Landscape_0043.jpeg"
image_negative_thumbnail_id_2="1092"
image_negative_url_2="https://hehge.com/wp-content/uploads/sites/16/2023/06/MI_Finance_Negative_Landscape_0125.jpeg"
image_neutral_thumbnail_id_1="551"
image_neutral_url_1="https://hehge.com/wp-content/uploads/sites/16/2023/06/MI_Finance_Neutral_Landscape_0048.jpeg"
image_neutral_thumbnail_id_2="576"
image_neutral_url_2="https://hehge.com/wp-content/uploads/sites/16/2023/06/MI_Finance_Neutral_Landscape_0023.jpeg"
image_positive_thumbnail_id_1="644"
image_positive_url_1="https://hehge.com/wp-content/uploads/sites/16/2023/06/MI_Finance_Positive_Landscape_0064.jpeg"
image_positive_thumbnail_id_2="954"
image_positive_url_2="https://hehge.com/wp-content/uploads/sites/16/2023/06/MI_Finance_Positive_Landscape_0116.jpeg"
image_professor_thumbnail_id_1="1179"
image_professor_url_1="https://hehge.com/wp-content/uploads/sites/16/2023/06/MI_Finance_Professor_Landscape_0013.jpeg"
image_professor_thumbnail_id_2="1203"
image_professor_url_2="https://hehge.com/wp-content/uploads/sites/16/2023/06/MI_Finance_Professor_Landscape_0037.jpeg"
