Symbol="ACHR"
AssetType="Common Stock"
Name="Archer Aviation Inc"
Description="None"
CIK="1824502"
Exchange="NYSE"
Currency="USD"
Country="USA"
Sector="REAL ESTATE & CONSTRUCTION"
Industry="BLANK CHECKS"
Address="399 PARK AVENUE, NEW YORK, NY, US"
FiscalYearEnd="December"
LatestQuarter="2023-03-31"
MarketCapitalization="1136952000"
EBITDA="-376400000"
PERatio="None"
PEGRatio="None"
BookValue="1.684"
DividendPerShare="0"
DividendYield="0"
EPS="-1.78"
RevenuePerShareTTM="0"
ProfitMargin="0"
OperatingMarginTTM="0"
ReturnOnAssetsTTM="-0.383"
ReturnOnEquityTTM="-0.691"
RevenueTTM="0"
GrossProfitTTM="0"
DilutedEPSTTM="-1.78"
QuarterlyEarningsGrowthYOY="0"
QuarterlyRevenueGrowthYOY="0"
AnalystTargetPrice="8.08"
TrailingPE="-"
ForwardPE="-"
PriceToSalesRatioTTM="-"
PriceToBookRatio="0.934"
EVToRevenue="-"
EVToEBITDA="0.145"
Beta="2.272"
num_52WeekHigh="5"
num_52WeekLow="1.62"
num_50DayMovingAverage="3.248"
num_200DayMovingAverage="2.722"
SharesOutstanding="191130000"
DividendDate="None"
ExDividendDate="None"
symbol="ACHR"
open="4.88"
high="4.90"
low="4.37"
price="4.48"
volume="6411239.00"
latest_trading_day="2023-07-11"
previous_close="4.83"
change="-0.35"
change_percent="-7.2464%"
aroon_positive_momentum_days="73"
aroon_negative_momentum_days="0"
trend_strength="Absent or Weak Trend"
buying_signal="Strong Buy Signal"
volume_analysis="Target Volume"
value_analysis="Expected Range"
Aroon_change="FALSE"
Aroon_momentum="73"
Volume_recent_avg="2890487"
Change_recent_avg="-0.01"
Delta_recent_avg="0.24"
Variance_recent_avg="0.12"
Change_ratio_recent_avg="-0.43"
RSI_change="FALSE"
ADX_change="FALSE"

event="FALSE"
Aroon_signal="positive"
Aroon_change="FALSE"
Aroon_momentum_positive="73"
Aroon_momentum_negative="27"
image_negative_thumbnail_id_1="1111"
image_negative_url_1="https://hehge.com/wp-content/uploads/sites/16/2023/06/MI_Finance_Negative_Landscape_0144.jpeg"
image_negative_thumbnail_id_2="123"
image_negative_url_2="https://hehge.com/wp-content/uploads/sites/16/2023/05/MI_Finance_Negative_Landscape_0053.jpeg"
image_neutral_thumbnail_id_1="530"
image_neutral_url_1="https://hehge.com/wp-content/uploads/sites/16/2023/06/MI_Finance_Neutral_Landscape_0069.jpeg"
image_neutral_thumbnail_id_2="547"
image_neutral_url_2="https://hehge.com/wp-content/uploads/sites/16/2023/06/MI_Finance_Neutral_Landscape_0052.jpeg"
image_positive_thumbnail_id_1="956"
image_positive_url_1="https://hehge.com/wp-content/uploads/sites/16/2023/06/MI_Finance_Positive_Landscape_0118.jpeg"
image_positive_thumbnail_id_2="992"
image_positive_url_2="https://hehge.com/wp-content/uploads/sites/16/2023/06/MI_Finance_Positive_Landscape_0154.jpeg"
image_professor_thumbnail_id_1="1182"
image_professor_url_1="https://hehge.com/wp-content/uploads/sites/16/2023/06/MI_Finance_Professor_Landscape_0016.jpeg"
image_professor_thumbnail_id_2="1180"
image_professor_url_2="https://hehge.com/wp-content/uploads/sites/16/2023/06/MI_Finance_Professor_Landscape_0014.jpeg"
