Symbol="BOCN"
AssetType="Common Stock"
Name="Blue Ocean Acquisition Corp"
Description="Blue Ocean Acquisition Corp is focused on conducting a merger, stock exchange, asset acquisition, stock purchase, reorganization, or similar business combination with one or more companies or entities. The company is headquartered in Chevy Chase, Maryland."
CIK="1856961"
Exchange="NASDAQ"
Currency="USD"
Country="USA"
Sector="REAL ESTATE & CONSTRUCTION"
Industry="BLANK CHECKS"
Address="2 WISCONSIN CIRCLE, 7TH FLOOR, CHEVY CHASE, MD, US"
FiscalYearEnd="December"
LatestQuarter="2023-03-31"
MarketCapitalization="250945000"
EBITDA="None"
PERatio="31.12"
PEGRatio="None"
BookValue="-0.391"
DividendPerShare="0"
DividendYield="0"
EPS="0.34"
RevenuePerShareTTM="0"
ProfitMargin="0"
OperatingMarginTTM="0"
ReturnOnAssetsTTM="-0.004"
ReturnOnEquityTTM="0"
RevenueTTM="0"
GrossProfitTTM="0"
DilutedEPSTTM="0.34"
QuarterlyEarningsGrowthYOY="-0.728"
QuarterlyRevenueGrowthYOY="0"
AnalystTargetPrice="None"
TrailingPE="31.12"
ForwardPE="-"
PriceToSalesRatioTTM="-"
PriceToBookRatio="1.308"
EVToRevenue="-"
EVToEBITDA="-"
Beta="None"
num_52WeekHigh="10.94"
num_52WeekLow="9.93"
num_50DayMovingAverage="10.52"
num_200DayMovingAverage="10.32"
SharesOutstanding="18975000"
DividendDate="None"
ExDividendDate="None"
symbol="BOCN"
open="10.58"
high="10.60"
low="10.58"
price="10.58"
volume="51193.00"
latest_trading_day="2023-07-06"
previous_close="10.58"
change="0.00"
change_percent="0.0000%"
aroon_positive_momentum_days="100"
aroon_negative_momentum_days="0"
trend_strength="Extremely Strong Trend"
buying_signal="High Volatility / Hold Signal"
volume_analysis="Trending Low"
value_analysis="Bearish Trend"
Aroon_change="FALSE"
Aroon_momentum="100"
Volume_recent_avg="56751"
Change_recent_avg="-0.01"
Delta_recent_avg="0.03"
Variance_recent_avg="0.01"
Change_ratio_recent_avg="-0.07"
RSI_change="FALSE"
ADX_change="FALSE"
Aroon_signal="positive"
Aroon_change="FALSE"
Aroon_momentum_positive="100"
Aroon_momentum_negative="0"
image_negative_thumbnail_id_1="155"
image_negative_url_1="https://hehge.com/wp-content/uploads/sites/16/2023/05/MI_Finance_Negative_Landscape_0021.jpeg"
image_negative_thumbnail_id_2="171"
image_negative_url_2="https://hehge.com/wp-content/uploads/sites/16/2023/05/MI_Finance_Negative_Landscape_0005.jpeg"
image_neutral_thumbnail_id_1="556"
image_neutral_url_1="https://hehge.com/wp-content/uploads/sites/16/2023/06/MI_Finance_Neutral_Landscape_0043.jpeg"
image_neutral_thumbnail_id_2="533"
image_neutral_url_2="https://hehge.com/wp-content/uploads/sites/16/2023/06/MI_Finance_Neutral_Landscape_0066.jpeg"
image_positive_thumbnail_id_1="668"
image_positive_url_1="https://hehge.com/wp-content/uploads/sites/16/2023/06/MI_Finance_Positive_Landscape_0040.jpeg"
image_positive_thumbnail_id_2="688"
image_positive_url_2="https://hehge.com/wp-content/uploads/sites/16/2023/06/MI_Finance_Positive_Landscape_0020.jpeg"
image_professor_thumbnail_id_1="1189"
image_professor_url_1="https://hehge.com/wp-content/uploads/sites/16/2023/06/MI_Finance_Professor_Landscape_0023.jpeg"
image_professor_thumbnail_id_2="1173"
image_professor_url_2="https://hehge.com/wp-content/uploads/sites/16/2023/06/MI_Finance_Professor_Landscape_0007.jpeg"
