Symbol="HT"
AssetType="Common Stock"
Name="Hersha Hospitality Trust"
Description="Hersha Hospitality Trust (HT) is a real estate investment trust in the hospitality sector, which owns and operates high-quality, lifestyle hotels in urban entry markets and tourist destinations. "
CIK="1063344"
Exchange="NYSE"
Currency="USD"
Country="USA"
Sector="REAL ESTATE & CONSTRUCTION"
Industry="REAL ESTATE INVESTMENT TRUSTS"
Address="44 HERSHA DRIVE, HARRISBURG, PA, US"
FiscalYearEnd="December"
LatestQuarter="2023-03-31"
MarketCapitalization="261446000"
EBITDA="104758000"
PERatio="2.026"
PEGRatio="0.32"
BookValue="16.65"
DividendPerShare="0.15"
DividendYield="0.0317"
EPS="3.1"
RevenuePerShareTTM="10.13"
ProfitMargin="0.385"
OperatingMarginTTM="0.104"
ReturnOnAssetsTTM="0.016"
ReturnOnEquityTTM="0.257"
RevenueTTM="399687000"
GrossProfitTTM="133615000"
DilutedEPSTTM="3.1"
QuarterlyEarningsGrowthYOY="0"
QuarterlyRevenueGrowthYOY="-0.076"
AnalystTargetPrice="8.72"
TrailingPE="2.026"
ForwardPE="-"
PriceToSalesRatioTTM="1.0"
PriceToBookRatio="0.552"
EVToRevenue="2.372"
EVToEBITDA="3.866"
Beta="2.009"
num_52WeekHigh="11.09"
num_52WeekLow="5.59"
num_50DayMovingAverage="6.07"
num_200DayMovingAverage="7.69"
SharesOutstanding="39876300"
DividendDate="2023-07-17"
ExDividendDate="2023-06-29"
symbol="HT"
open="6.28"
high="6.29"
low="6.14"
price="6.28"
volume="345448.00"
latest_trading_day="2023-07-14"
previous_close="6.31"
change="-0.03"
change_percent="-0.4754%"
aroon_positive_momentum_days="0"
aroon_negative_momentum_days="100"
trend_strength="Absent or Weak Trend"
buying_signal="Strong Sell Signal"
volume_analysis="Target Volume"
value_analysis="Expected Range"
Aroon_change="FALSE"
Aroon_momentum="0"
Volume_recent_avg="604238"
Change_recent_avg="-0.02"
Delta_recent_avg="0.22"
Variance_recent_avg="0.11"
Change_ratio_recent_avg="-0.34"
RSI_change="FALSE"
ADX_change="FALSE"
Aroon_signal="negative"
Aroon_change="FALSE"
Aroon_momentum_positive="0"
Aroon_momentum_negative="100"
image_negative_thumbnail_id_1="1124"
image_negative_url_1="https://hehge.com/wp-content/uploads/sites/16/2023/06/MI_Finance_Negative_Landscape_0157.jpeg"
image_negative_thumbnail_id_2="1160"
image_negative_url_2="https://hehge.com/wp-content/uploads/sites/16/2023/06/MI_Finance_Negative_Landscape_0194.jpeg"
image_neutral_thumbnail_id_1="596"
image_neutral_url_1="https://hehge.com/wp-content/uploads/sites/16/2023/06/MI_Finance_Neutral_Landscape_0003.jpeg"
image_neutral_thumbnail_id_2="582"
image_neutral_url_2="https://hehge.com/wp-content/uploads/sites/16/2023/06/MI_Finance_Neutral_Landscape_0017.jpeg"
image_positive_thumbnail_id_1="643"
image_positive_url_1="https://hehge.com/wp-content/uploads/sites/16/2023/06/MI_Finance_Positive_Landscape_0065.jpeg"
image_positive_thumbnail_id_2="968"
image_positive_url_2="https://hehge.com/wp-content/uploads/sites/16/2023/06/MI_Finance_Positive_Landscape_0130.jpeg"
image_professor_thumbnail_id_1="1187"
image_professor_url_1="https://hehge.com/wp-content/uploads/sites/16/2023/06/MI_Finance_Professor_Landscape_0021.jpeg"
image_professor_thumbnail_id_2="1203"
image_professor_url_2="https://hehge.com/wp-content/uploads/sites/16/2023/06/MI_Finance_Professor_Landscape_0037.jpeg"
