Symbol="SHCR"
AssetType="Common Stock"
Name="Sharecare Inc"
Description="Sharecare, Inc. is a digital health company. The company is headquartered in Atlanta, Georgia."
CIK="1816233"
Exchange="NASDAQ"
Currency="USD"
Country="USA"
Sector="REAL ESTATE & CONSTRUCTION"
Industry="BLANK CHECKS"
Address="660 MADISON AVENUE, 12TH FLOOR, NEW YORK, NY, US"
FiscalYearEnd="December"
LatestQuarter="2023-06-30"
MarketCapitalization="389589000"
EBITDA="-70467000"
PERatio="None"
PEGRatio="None"
BookValue="1.32"
DividendPerShare="0"
DividendYield="0"
EPS="-0.3"
RevenuePerShareTTM="1.32"
ProfitMargin="-0.261"
OperatingMarginTTM="-0.267"
ReturnOnAssetsTTM="-0.114"
ReturnOnEquityTTM="-0.215"
RevenueTTM="464530000"
GrossProfitTTM="204122000"
DilutedEPSTTM="-0.3"
QuarterlyEarningsGrowthYOY="0"
QuarterlyRevenueGrowthYOY="0.063"
AnalystTargetPrice="3.19"
TrailingPE="-"
ForwardPE="68.49"
PriceToSalesRatioTTM="1.648"
PriceToBookRatio="1.434"
EVToRevenue="1.301"
EVToEBITDA="-13.43"
Beta="0.383"
num_52WeekHigh="2.71"
num_52WeekLow="1.01"
num_50DayMovingAverage="1.523"
num_200DayMovingAverage="1.817"
SharesOutstanding="357421000"
DividendDate="None"
ExDividendDate="None"
symbol="SHCR"
open="1.06"
high="1.07"
low="1.01"
price="1.03"
volume="3399860.00"
latest_trading_day="2023-08-18"
previous_close="1.09"
change="-0.06"
change_percent="-5.5046%"
aroon_positive_momentum_days="0"
aroon_negative_momentum_days="80"
trend_strength="Absent or Weak Trend"
buying_signal="Weak Sell Signal"
volume_analysis="Trending High"
value_analysis="Bullish Trend"
Aroon_change="FALSE"
Aroon_momentum="20"
Volume_recent_avg="1546751"
Change_recent_avg="0.01"
Delta_recent_avg="0.1"
Variance_recent_avg="0.05"
Change_ratio_recent_avg="-0.33"
RSI_change="FALSE"
ADX_change="FALSE"

event="FALSE"
Aroon_signal="negative"
Aroon_change="FALSE"
Aroon_momentum_positive="20"
Aroon_momentum_negative="80"
image_negative_thumbnail_id_1="167"
image_negative_url_1="https://hehge.com/wp-content/uploads/sites/16/2023/05/MI_Finance_Negative_Landscape_0009.jpeg"
image_negative_thumbnail_id_2="114"
image_negative_url_2="https://hehge.com/wp-content/uploads/sites/16/2023/05/MI_Finance_Negative_Landscape_0062.jpeg"
image_neutral_thumbnail_id_1="573"
image_neutral_url_1="https://hehge.com/wp-content/uploads/sites/16/2023/06/MI_Finance_Neutral_Landscape_0026.jpeg"
image_neutral_thumbnail_id_2="528"
image_neutral_url_2="https://hehge.com/wp-content/uploads/sites/16/2023/06/MI_Finance_Neutral_Landscape_0071.jpeg"
image_positive_thumbnail_id_1="633"
image_positive_url_1="https://hehge.com/wp-content/uploads/sites/16/2023/06/MI_Finance_Positive_Landscape_0075.jpeg"
image_positive_thumbnail_id_2="1014"
image_positive_url_2="https://hehge.com/wp-content/uploads/sites/16/2023/06/MI_Finance_Positive_Landscape_0176.jpeg"
image_professor_thumbnail_id_1="1189"
image_professor_url_1="https://hehge.com/wp-content/uploads/sites/16/2023/06/MI_Finance_Professor_Landscape_0023.jpeg"
image_professor_thumbnail_id_2="1178"
image_professor_url_2="https://hehge.com/wp-content/uploads/sites/16/2023/06/MI_Finance_Professor_Landscape_0012.jpeg"
