Symbol="LVOX"
AssetType="Common Stock"
Name="LiveVox Holdings Inc"
Description="LiveVox Holding, Inc. develops and sells cloud-based digital engagement tools and customer services. The company is headquartered in San Francisco, California."
CIK="1723648"
Exchange="NASDAQ"
Currency="USD"
Country="USA"
Sector="REAL ESTATE & CONSTRUCTION"
Industry="BLANK CHECKS"
Address="11100 SANTA MONICA BOULEVARD, SUITE 2000, LOS ANGELES, CA, US"
FiscalYearEnd="December"
LatestQuarter="2023-03-31"
MarketCapitalization="241640000"
EBITDA="-18110100"
PERatio="None"
PEGRatio="None"
BookValue="0.988"
DividendPerShare="0"
DividendYield="0"
EPS="-0.37"
RevenuePerShareTTM="1.525"
ProfitMargin="-0.234"
OperatingMarginTTM="-0.16"
ReturnOnAssetsTTM="-0.0778"
ReturnOnEquityTTM="-0.321"
RevenueTTM="140798000"
GrossProfitTTM="85367000"
DilutedEPSTTM="-0.37"
QuarterlyEarningsGrowthYOY="0"
QuarterlyRevenueGrowthYOY="0.149"
AnalystTargetPrice="3.5"
TrailingPE="-"
ForwardPE="68.49"
PriceToSalesRatioTTM="1.862"
PriceToBookRatio="2.603"
EVToRevenue="1.895"
EVToEBITDA="-7.28"
Beta="-0.343"
num_52WeekHigh="3.406"
num_52WeekLow="1.42"
num_50DayMovingAverage="2.681"
num_200DayMovingAverage="2.691"
SharesOutstanding="92939000"
DividendDate="None"
ExDividendDate="None"
symbol="LVOX"
open="2.69"
high="2.69"
low="2.56"
price="2.60"
volume="14723.00"
latest_trading_day="2023-07-14"
previous_close="2.67"
change="-0.07"
change_percent="-2.6217%"
aroon_positive_momentum_days="0"
aroon_negative_momentum_days="53"
trend_strength="Absent or Weak Trend"
buying_signal="Weak Sell Signal"
volume_analysis="Target Volume"
value_analysis="Expected Range"
Aroon_change="FALSE"
Aroon_momentum="47"
Volume_recent_avg="89868"
Change_recent_avg="0.01"
Delta_recent_avg="0.18"
Variance_recent_avg="0.09"
Change_ratio_recent_avg="0.26"
RSI_change="FALSE"
ADX_change="FALSE"

event="FALSE"
Aroon_signal="negative"
Aroon_change="FALSE"
Aroon_momentum_positive="47"
Aroon_momentum_negative="53"
image_negative_thumbnail_id_1="143"
image_negative_url_1="https://hehge.com/wp-content/uploads/sites/16/2023/05/MI_Finance_Negative_Landscape_0033.jpeg"
image_negative_thumbnail_id_2="167"
image_negative_url_2="https://hehge.com/wp-content/uploads/sites/16/2023/05/MI_Finance_Negative_Landscape_0009.jpeg"
image_neutral_thumbnail_id_1="592"
image_neutral_url_1="https://hehge.com/wp-content/uploads/sites/16/2023/06/MI_Finance_Neutral_Landscape_0007.jpeg"
image_neutral_thumbnail_id_2="544"
image_neutral_url_2="https://hehge.com/wp-content/uploads/sites/16/2023/06/MI_Finance_Neutral_Landscape_0055.jpeg"
image_positive_thumbnail_id_1="959"
image_positive_url_1="https://hehge.com/wp-content/uploads/sites/16/2023/06/MI_Finance_Positive_Landscape_0121.jpeg"
image_positive_thumbnail_id_2="616"
image_positive_url_2="https://hehge.com/wp-content/uploads/sites/16/2023/06/MI_Finance_Positive_Landscape_0092.jpeg"
image_professor_thumbnail_id_1="1200"
image_professor_url_1="https://hehge.com/wp-content/uploads/sites/16/2023/06/MI_Finance_Professor_Landscape_0034.jpeg"
image_professor_thumbnail_id_2="1199"
image_professor_url_2="https://hehge.com/wp-content/uploads/sites/16/2023/06/MI_Finance_Professor_Landscape_0033.jpeg"
