Symbol="APGB"
AssetType="Common Stock"
Name="Apollo Strategic Growth Capital II"
Description="Apollo Strategic Growth Capital II intends to effect a merger, share exchange, asset acquisition, share purchase, reorganization or similar business combination with one or more businesses. The company is headquartered in New York, New York."
CIK="1838337"
Exchange="NYSE"
Currency="USD"
Country="USA"
Sector="REAL ESTATE & CONSTRUCTION"
Industry="BLANK CHECKS"
Address="27 HOSPITAL ROAD, GEORGETOWN, KY"
FiscalYearEnd="December"
LatestQuarter="2023-03-31"
MarketCapitalization="364962000"
EBITDA="None"
PERatio="33.48"
PEGRatio="None"
BookValue="-0.425"
DividendPerShare="0"
DividendYield="0"
EPS="0.31"
RevenuePerShareTTM="0"
ProfitMargin="0"
OperatingMarginTTM="0"
ReturnOnAssetsTTM="-0.0023"
ReturnOnEquityTTM="0.037"
RevenueTTM="0"
GrossProfitTTM="0"
DilutedEPSTTM="0.31"
QuarterlyEarningsGrowthYOY="0.094"
QuarterlyRevenueGrowthYOY="0"
AnalystTargetPrice="None"
TrailingPE="33.48"
ForwardPE="-"
PriceToSalesRatioTTM="-"
PriceToBookRatio="1.312"
EVToRevenue="-"
EVToEBITDA="44.66"
Beta="0.0108"
num_52WeekHigh="10.45"
num_52WeekLow="9.83"
num_50DayMovingAverage="10.29"
num_200DayMovingAverage="10.15"
SharesOutstanding="17910100"
DividendDate="None"
ExDividendDate="None"
symbol="APGB"
open="10.38"
high="10.38"
low="10.38"
price="10.38"
volume="11.00"
latest_trading_day="2023-07-28"
previous_close="10.38"
change="0.00"
change_percent="0.0000%"
aroon_positive_momentum_days="100"
aroon_negative_momentum_days="0"
trend_strength="Absent or Weak Trend"
buying_signal="Strong Buy Signal"
volume_analysis="Target Volume"
value_analysis="Expected Range"
Aroon_change="FALSE"
Aroon_momentum="100"
Volume_recent_avg="543309"
Change_recent_avg="0.01"
Delta_recent_avg="0.02"
Variance_recent_avg="0.01"
Change_ratio_recent_avg="-0.03"
RSI_change="FALSE"
ADX_change="FALSE"
Aroon_signal="positive"
Aroon_change="FALSE"
Aroon_momentum_positive="100"
Aroon_momentum_negative="0"
image_negative_thumbnail_id_1="510"
image_negative_url_1="https://hehge.com/wp-content/uploads/sites/16/2023/06/MI_Finance_Negative_Landscape_0095.jpeg"
image_negative_thumbnail_id_2="497"
image_negative_url_2="https://hehge.com/wp-content/uploads/sites/16/2023/06/MI_Finance_Negative_Landscape_0108.jpeg"
image_neutral_thumbnail_id_1="569"
image_neutral_url_1="https://hehge.com/wp-content/uploads/sites/16/2023/06/MI_Finance_Neutral_Landscape_0030.jpeg"
image_neutral_thumbnail_id_2="597"
image_neutral_url_2="https://hehge.com/wp-content/uploads/sites/16/2023/06/MI_Finance_Neutral_Landscape_0002.jpeg"
image_positive_thumbnail_id_1="979"
image_positive_url_1="https://hehge.com/wp-content/uploads/sites/16/2023/06/MI_Finance_Positive_Landscape_0141.jpeg"
image_positive_thumbnail_id_2="629"
image_positive_url_2="https://hehge.com/wp-content/uploads/sites/16/2023/06/MI_Finance_Positive_Landscape_0079.jpeg"
image_professor_thumbnail_id_1="1183"
image_professor_url_1="https://hehge.com/wp-content/uploads/sites/16/2023/06/MI_Finance_Professor_Landscape_0017.jpeg"
image_professor_thumbnail_id_2="1189"
image_professor_url_2="https://hehge.com/wp-content/uploads/sites/16/2023/06/MI_Finance_Professor_Landscape_0023.jpeg"
