Symbol="PEB"
AssetType="Common Stock"
Name="Pebblebrook Hotel Trust"
Description="Pebblebrook Hotel Trust (NYSE: PEB) is a publicly traded real estate investment trust (REIT) and the largest owner of urban and resort lifestyle hotels in the United States. "
CIK="1474098"
Exchange="NYSE"
Currency="USD"
Country="USA"
Sector="REAL ESTATE & CONSTRUCTION"
Industry="REAL ESTATE INVESTMENT TRUSTS"
Address="4747 BETHESDA AVENUE, SUITE 1100, BETHESDA, MD, US"
FiscalYearEnd="December"
LatestQuarter="2023-06-30"
MarketCapitalization="1793068000"
EBITDA="315525000"
PERatio="96.08"
PEGRatio="0.48"
BookValue="24.27"
DividendPerShare="0.04"
DividendYield="0.0027"
EPS="-0.261"
RevenuePerShareTTM="11.25"
ProfitMargin="0.0043"
OperatingMarginTTM="0.0554"
ReturnOnAssetsTTM="0.0079"
ReturnOnEquityTTM="-1.011"
RevenueTTM="1426361000"
GrossProfitTTM="382283000"
DilutedEPSTTM="-0.37"
QuarterlyEarningsGrowthYOY="0.973"
QuarterlyRevenueGrowthYOY="-0.033"
AnalystTargetPrice="16.21"
TrailingPE="-"
ForwardPE="35.97"
PriceToSalesRatioTTM="1.515"
PriceToBookRatio="0.656"
EVToRevenue="3.49"
EVToEBITDA="19.44"
Beta="1.828"
num_52WeekHigh="20.48"
num_52WeekLow="12.35"
num_50DayMovingAverage="14.04"
num_200DayMovingAverage="14.56"
SharesOutstanding="123114000"
DividendDate="2023-07-17"
ExDividendDate="2023-06-29"
symbol="PEB"
open="15.08"
high="15.15"
low="14.71"
price="14.75"
volume="1585807.00"
latest_trading_day="2023-08-10"
previous_close="14.94"
change="-0.19"
change_percent="-1.2718%"
aroon_positive_momentum_days="25"
aroon_negative_momentum_days="0"
trend_strength="Absent or Weak Trend"
buying_signal="Weak Buy Signal"
volume_analysis="Target Volume"
value_analysis="Expected Range"
Aroon_change="FALSE"
Aroon_momentum="25"
Volume_recent_avg="2300172"
Change_recent_avg="0.01"
Delta_recent_avg="0.44"
Variance_recent_avg="0.22"
Change_ratio_recent_avg="0.01"
RSI_change="FALSE"
ADX_change="FALSE"

event="aroon_milestone_positive_10"
Aroon_signal="positive"
Aroon_change="FALSE"
Aroon_momentum_positive="25"
Aroon_momentum_negative="75"
image_negative_thumbnail_id_1="508"
image_negative_url_1="https://hehge.com/wp-content/uploads/sites/16/2023/06/MI_Finance_Negative_Landscape_0097.jpeg"
image_negative_thumbnail_id_2="1138"
image_negative_url_2="https://hehge.com/wp-content/uploads/sites/16/2023/06/MI_Finance_Negative_Landscape_0171.jpeg"
image_neutral_thumbnail_id_1="572"
image_neutral_url_1="https://hehge.com/wp-content/uploads/sites/16/2023/06/MI_Finance_Neutral_Landscape_0027.jpeg"
image_neutral_thumbnail_id_2="552"
image_neutral_url_2="https://hehge.com/wp-content/uploads/sites/16/2023/06/MI_Finance_Neutral_Landscape_0047.jpeg"
image_positive_thumbnail_id_1="983"
image_positive_url_1="https://hehge.com/wp-content/uploads/sites/16/2023/06/MI_Finance_Positive_Landscape_0145.jpeg"
image_positive_thumbnail_id_2="661"
image_positive_url_2="https://hehge.com/wp-content/uploads/sites/16/2023/06/MI_Finance_Positive_Landscape_0047.jpeg"
image_professor_thumbnail_id_1="1175"
image_professor_url_1="https://hehge.com/wp-content/uploads/sites/16/2023/06/MI_Finance_Professor_Landscape_0009.jpeg"
image_professor_thumbnail_id_2="1204"
image_professor_url_2="https://hehge.com/wp-content/uploads/sites/16/2023/06/MI_Finance_Professor_Landscape_0038.jpeg"
