Symbol="REVB"
AssetType="Common Stock"
Name="Revelation Biosciences Inc"
Description="Revelation Biosciences, Inc., a clinical-stage biopharmaceutical company, focuses on the development of immunological diagnostics and therapeutics for the prevention and treatment of disease. The company is headquartered in New York, New York."
CIK="1810560"
Exchange="NASDAQ"
Currency="USD"
Country="USA"
Sector="REAL ESTATE & CONSTRUCTION"
Industry="BLANK CHECKS"
Address="5 WEST 21ST STREET, NEW YORK, NY, US"
FiscalYearEnd="December"
LatestQuarter="2023-06-30"
MarketCapitalization="4186400"
EBITDA="-5945619"
PERatio="0.0104"
PEGRatio="None"
BookValue="1.813"
DividendPerShare="0"
DividendYield="0"
EPS="66.64"
RevenuePerShareTTM="0"
ProfitMargin="0"
OperatingMarginTTM="0"
ReturnOnAssetsTTM="-0.37"
ReturnOnEquityTTM="0.487"
RevenueTTM="0"
GrossProfitTTM="90905000"
DilutedEPSTTM="66.64"
QuarterlyEarningsGrowthYOY="0"
QuarterlyRevenueGrowthYOY="0"
AnalystTargetPrice="11.45"
TrailingPE="0.0104"
ForwardPE="7.79"
PriceToSalesRatioTTM="2.882"
PriceToBookRatio="0.891"
EVToRevenue="-"
EVToEBITDA="-"
Beta="0.299"
num_52WeekHigh="17.55"
num_52WeekLow="0.671"
num_50DayMovingAverage="0.89"
num_200DayMovingAverage="3.607"
SharesOutstanding="6048900"
DividendDate="None"
ExDividendDate="None"
symbol="REVB"
open="0.70"
high="0.72"
low="0.67"
price="0.71"
volume="23857.00"
latest_trading_day="2023-08-18"
previous_close="0.69"
change="0.02"
change_percent="2.5285%"
aroon_positive_momentum_days="0"
aroon_negative_momentum_days="91"
trend_strength="Absent or Weak Trend"
buying_signal="Strong Sell Signal"
volume_analysis="Trending High"
value_analysis="Bullish Trend"
Aroon_change="FALSE"
Aroon_momentum="9"
Volume_recent_avg="463054"
Change_recent_avg="-0.01"
Delta_recent_avg="0.09"
Variance_recent_avg="0.05"
Change_ratio_recent_avg="-1.08"
RSI_change="FALSE"
ADX_change="FALSE"

event="FALSE"
Aroon_signal="negative"
Aroon_change="FALSE"
Aroon_momentum_positive="9"
Aroon_momentum_negative="91"
image_negative_thumbnail_id_1="94"
image_negative_url_1="https://hehge.com/wp-content/uploads/sites/16/2023/05/MI_Finance_Negative_Landscape_0082.jpeg"
image_negative_thumbnail_id_2="105"
image_negative_url_2="https://hehge.com/wp-content/uploads/sites/16/2023/05/MI_Finance_Negative_Landscape_0071.jpeg"
image_neutral_thumbnail_id_1="556"
image_neutral_url_1="https://hehge.com/wp-content/uploads/sites/16/2023/06/MI_Finance_Neutral_Landscape_0043.jpeg"
image_neutral_thumbnail_id_2="588"
image_neutral_url_2="https://hehge.com/wp-content/uploads/sites/16/2023/06/MI_Finance_Neutral_Landscape_0011.jpeg"
image_positive_thumbnail_id_1="634"
image_positive_url_1="https://hehge.com/wp-content/uploads/sites/16/2023/06/MI_Finance_Positive_Landscape_0074.jpeg"
image_positive_thumbnail_id_2="651"
image_positive_url_2="https://hehge.com/wp-content/uploads/sites/16/2023/06/MI_Finance_Positive_Landscape_0057.jpeg"
image_professor_thumbnail_id_1="1173"
image_professor_url_1="https://hehge.com/wp-content/uploads/sites/16/2023/06/MI_Finance_Professor_Landscape_0007.jpeg"
image_professor_thumbnail_id_2="1170"
image_professor_url_2="https://hehge.com/wp-content/uploads/sites/16/2023/06/MI_Finance_Professor_Landscape_0004.jpeg"
