Symbol="FEXD"
AssetType="Common Stock"
Name="Fintech Ecosystem Development Corp"
Description="None"
CIK="1852407"
Exchange="NASDAQ"
Currency="USD"
Country="USA"
Sector="REAL ESTATE & CONSTRUCTION"
Industry="BLANK CHECKS"
Address="100 SPRINGHOUSE DRIVE, SUITE 204, COLLEGEVILLE, PA, US"
FiscalYearEnd="December"
LatestQuarter="2023-03-31"
MarketCapitalization="153273000"
EBITDA="None"
PERatio="46.17"
PEGRatio="None"
BookValue="-0.442"
DividendPerShare="0"
DividendYield="0"
EPS="0.23"
RevenuePerShareTTM="0"
ProfitMargin="0"
OperatingMarginTTM="0"
ReturnOnAssetsTTM="-0.0128"
ReturnOnEquityTTM="0"
RevenueTTM="0"
GrossProfitTTM="0"
DilutedEPSTTM="0.23"
QuarterlyEarningsGrowthYOY="-0.488"
QuarterlyRevenueGrowthYOY="0"
AnalystTargetPrice="None"
TrailingPE="46.17"
ForwardPE="-"
PriceToSalesRatioTTM="-"
PriceToBookRatio="1.332"
EVToRevenue="-"
EVToEBITDA="-"
Beta="None"
num_52WeekHigh="11"
num_52WeekLow="10.03"
num_50DayMovingAverage="10.57"
num_200DayMovingAverage="10.38"
SharesOutstanding="11557500"
DividendDate="None"
ExDividendDate="None"
symbol="FEXD"
open="10.62"
high="10.62"
low="10.62"
price="10.62"
volume="1400.00"
latest_trading_day="2023-07-28"
previous_close="10.61"
change="0.01"
change_percent="0.0943%"
aroon_positive_momentum_days="85"
aroon_negative_momentum_days="0"
trend_strength="Very Strong Trend"
buying_signal="Strong Buy Signal"
volume_analysis="Trending Low"
value_analysis="Bearish Trend"
Aroon_change="FALSE"
Aroon_momentum="85"
Volume_recent_avg="20316"
Change_recent_avg="-0.01"
Delta_recent_avg="0.02"
Variance_recent_avg="0.01"
Change_ratio_recent_avg="-0.09"
RSI_change="FALSE"
ADX_change="FALSE"

event="FALSE"
Aroon_signal="positive"
Aroon_change="FALSE"
Aroon_momentum_positive="85"
Aroon_momentum_negative="15"
image_negative_thumbnail_id_1="509"
image_negative_url_1="https://hehge.com/wp-content/uploads/sites/16/2023/06/MI_Finance_Negative_Landscape_0096.jpeg"
image_negative_thumbnail_id_2="148"
image_negative_url_2="https://hehge.com/wp-content/uploads/sites/16/2023/05/MI_Finance_Negative_Landscape_0028.jpeg"
image_neutral_thumbnail_id_1="577"
image_neutral_url_1="https://hehge.com/wp-content/uploads/sites/16/2023/06/MI_Finance_Neutral_Landscape_0022.jpeg"
image_neutral_thumbnail_id_2="524"
image_neutral_url_2="https://hehge.com/wp-content/uploads/sites/16/2023/06/MI_Finance_Neutral_Landscape_0075.jpeg"
image_positive_thumbnail_id_1="608"
image_positive_url_1="https://hehge.com/wp-content/uploads/sites/16/2023/06/MI_Finance_Positive_Landscape_0100.jpeg"
image_positive_thumbnail_id_2="614"
image_positive_url_2="https://hehge.com/wp-content/uploads/sites/16/2023/06/MI_Finance_Positive_Landscape_0094.jpeg"
image_professor_thumbnail_id_1="1197"
image_professor_url_1="https://hehge.com/wp-content/uploads/sites/16/2023/06/MI_Finance_Professor_Landscape_0031.jpeg"
image_professor_thumbnail_id_2="1190"
image_professor_url_2="https://hehge.com/wp-content/uploads/sites/16/2023/06/MI_Finance_Professor_Landscape_0024.jpeg"
