Symbol="LIFW"
AssetType="Common Stock"
Name="MSP Recovery Inc."
Description="MSP Recovery, Inc. is a healthcare recoveries and data analytics company in the United States and Puerto Rico. The company is headquartered in Coral Gables, Florida."
CIK="1802450"
Exchange="NASDAQ"
Currency="USD"
Country="USA"
Sector="REAL ESTATE & CONSTRUCTION"
Industry="BLANK CHECKS"
Address="4218 NE 2ND AVENUE, 2ND FL., MIAMI, FL, US"
FiscalYearEnd="December"
LatestQuarter="2023-06-30"
MarketCapitalization="520950000"
EBITDA="-64125000"
PERatio="None"
PEGRatio="None"
BookValue="1.468"
DividendPerShare="0"
DividendYield="0"
EPS="-0.15"
RevenuePerShareTTM="0.379"
ProfitMargin="-0.317"
OperatingMarginTTM="-14.15"
ReturnOnAssetsTTM="-0.118"
ReturnOnEquityTTM="-0.395"
RevenueTTM="23420000"
GrossProfitTTM="14436000"
DilutedEPSTTM="-0.15"
QuarterlyEarningsGrowthYOY="0"
QuarterlyRevenueGrowthYOY="-0.696"
AnalystTargetPrice="3"
TrailingPE="-"
ForwardPE="-"
PriceToSalesRatioTTM="-"
PriceToBookRatio="-"
EVToRevenue="-"
EVToEBITDA="-"
Beta="-1.428"
num_52WeekHigh="2.83"
num_52WeekLow="0.141"
num_50DayMovingAverage="0.354"
num_200DayMovingAverage="0.859"
SharesOutstanding="331236000"
DividendDate="None"
ExDividendDate="None"
symbol="LIFW"
open="0.16"
high="0.16"
low="0.14"
price="0.15"
volume="411326.00"
latest_trading_day="2023-08-09"
previous_close="0.15"
change="-0.00"
change_percent="-0.4676%"
aroon_positive_momentum_days="0"
aroon_negative_momentum_days="100"
trend_strength="Absent or Weak Trend"
buying_signal="Strong Sell Signal"
volume_analysis="Trending High"
value_analysis="Bullish Trend"
Aroon_change="FALSE"
Aroon_momentum="0"
Volume_recent_avg="225560"
Change_recent_avg="-0.01"
Delta_recent_avg="0.07"
Variance_recent_avg="0.03"
Change_ratio_recent_avg="-2.7"
RSI_change="FALSE"
ADX_change="FALSE"
Aroon_signal="negative"
Aroon_change="FALSE"
Aroon_momentum_positive="0"
Aroon_momentum_negative="100"
image_negative_thumbnail_id_1="513"
image_negative_url_1="https://hehge.com/wp-content/uploads/sites/16/2023/06/MI_Finance_Negative_Landscape_0092.jpeg"
image_negative_thumbnail_id_2="1098"
image_negative_url_2="https://hehge.com/wp-content/uploads/sites/16/2023/06/MI_Finance_Negative_Landscape_0131.jpeg"
image_neutral_thumbnail_id_1="548"
image_neutral_url_1="https://hehge.com/wp-content/uploads/sites/16/2023/06/MI_Finance_Neutral_Landscape_0051.jpeg"
image_neutral_thumbnail_id_2="583"
image_neutral_url_2="https://hehge.com/wp-content/uploads/sites/16/2023/06/MI_Finance_Neutral_Landscape_0016.jpeg"
image_positive_thumbnail_id_1="610"
image_positive_url_1="https://hehge.com/wp-content/uploads/sites/16/2023/06/MI_Finance_Positive_Landscape_0098.jpeg"
image_positive_thumbnail_id_2="656"
image_positive_url_2="https://hehge.com/wp-content/uploads/sites/16/2023/06/MI_Finance_Positive_Landscape_0052.jpeg"
image_professor_thumbnail_id_1="1171"
image_professor_url_1="https://hehge.com/wp-content/uploads/sites/16/2023/06/MI_Finance_Professor_Landscape_0005.jpeg"
image_professor_thumbnail_id_2="1191"
image_professor_url_2="https://hehge.com/wp-content/uploads/sites/16/2023/06/MI_Finance_Professor_Landscape_0025.jpeg"
