Symbol="WE"
AssetType="Common Stock"
Name="WeWork Inc"
Description="None"
CIK="1813756"
Exchange="NYSE"
Currency="USD"
Country="USA"
Sector="REAL ESTATE & CONSTRUCTION"
Industry="BLANK CHECKS"
Address="2400 SAND HILL RD., SUITE 200, MENLO PARK, CA, US"
FiscalYearEnd="December"
LatestQuarter="2023-06-30"
MarketCapitalization="161786000"
EBITDA="-337040000"
PERatio="None"
PEGRatio="None"
BookValue="-5.18"
DividendPerShare="0"
DividendYield="0"
EPS="-7.77"
RevenuePerShareTTM="4.259"
ProfitMargin="0"
OperatingMarginTTM="0"
ReturnOnAssetsTTM="-0.0317"
ReturnOnEquityTTM="0"
RevenueTTM="3329000000"
GrossProfitTTM="2641000000"
DilutedEPSTTM="-7.77"
QuarterlyEarningsGrowthYOY="0"
QuarterlyRevenueGrowthYOY="0.11"
AnalystTargetPrice="0.25"
TrailingPE="-"
ForwardPE="-"
PriceToSalesRatioTTM="0.43"
PriceToBookRatio="-"
EVToRevenue="6.61"
EVToEBITDA="-14.26"
Beta="1.865"
num_52WeekHigh="5.86"
num_52WeekLow="0.125"
num_50DayMovingAverage="0.23"
num_200DayMovingAverage="1.109"
SharesOutstanding="792680000"
DividendDate="None"
ExDividendDate="None"
symbol="WE"
open="0.23"
high="0.28"
low="0.18"
price="0.20"
volume="372969772.00"
latest_trading_day="2023-08-11"
previous_close="0.18"
change="0.02"
change_percent="10.3840%"
aroon_positive_momentum_days="0"
aroon_negative_momentum_days="100"
trend_strength="Absent or Weak Trend"
buying_signal="Strong Sell Signal"
volume_analysis="Target Volume"
value_analysis="Expected Range"
Aroon_change="FALSE"
Aroon_momentum="0"
Volume_recent_avg="28722456"
Change_recent_avg="-0.01"
Delta_recent_avg="0.04"
Variance_recent_avg="0.02"
Change_ratio_recent_avg="-3.24"
RSI_change="FALSE"
ADX_change="FALSE"
Aroon_signal="negative"
Aroon_change="FALSE"
Aroon_momentum_positive="0"
Aroon_momentum_negative="100"
image_negative_thumbnail_id_1="131"
image_negative_url_1="https://hehge.com/wp-content/uploads/sites/16/2023/05/MI_Finance_Negative_Landscape_0045.jpeg"
image_negative_thumbnail_id_2="105"
image_negative_url_2="https://hehge.com/wp-content/uploads/sites/16/2023/05/MI_Finance_Negative_Landscape_0071.jpeg"
image_neutral_thumbnail_id_1="575"
image_neutral_url_1="https://hehge.com/wp-content/uploads/sites/16/2023/06/MI_Finance_Neutral_Landscape_0024.jpeg"
image_neutral_thumbnail_id_2="543"
image_neutral_url_2="https://hehge.com/wp-content/uploads/sites/16/2023/06/MI_Finance_Neutral_Landscape_0056.jpeg"
image_positive_thumbnail_id_1="633"
image_positive_url_1="https://hehge.com/wp-content/uploads/sites/16/2023/06/MI_Finance_Positive_Landscape_0075.jpeg"
image_positive_thumbnail_id_2="1014"
image_positive_url_2="https://hehge.com/wp-content/uploads/sites/16/2023/06/MI_Finance_Positive_Landscape_0176.jpeg"
image_professor_thumbnail_id_1="1182"
image_professor_url_1="https://hehge.com/wp-content/uploads/sites/16/2023/06/MI_Finance_Professor_Landscape_0016.jpeg"
image_professor_thumbnail_id_2="1176"
image_professor_url_2="https://hehge.com/wp-content/uploads/sites/16/2023/06/MI_Finance_Professor_Landscape_0010.jpeg"
