Symbol="TMKRU"
AssetType="Common Stock"
Name="Tastemaker Acquisition Corp"
Description="Tastemaker Acquisition Corp. The company is headquartered in New York, New York."
CIK="1821606"
Exchange="NASDAQ"
Currency="USD"
Country="USA"
Sector="REAL ESTATE & CONSTRUCTION"
Industry="BLANK CHECKS"
Address="650 FIFTH AVENUE, FLOOR 10, NEW YORK, NY, US"
FiscalYearEnd="December"
LatestQuarter="2023-03-31"
MarketCapitalization="336375000"
EBITDA="None"
PERatio="53.82"
PEGRatio="None"
BookValue="-1.834"
DividendPerShare="0"
DividendYield="0"
EPS="0.199"
RevenuePerShareTTM="0"
ProfitMargin="0"
OperatingMarginTTM="0"
ReturnOnAssetsTTM="-0.0182"
ReturnOnEquityTTM="0"
RevenueTTM="0"
GrossProfitTTM="0"
DilutedEPSTTM="0.199"
QuarterlyEarningsGrowthYOY="-0.315"
QuarterlyRevenueGrowthYOY="0"
AnalystTargetPrice="None"
TrailingPE="53.82"
ForwardPE="-"
PriceToSalesRatioTTM="-"
PriceToBookRatio="-"
EVToRevenue="-"
EVToEBITDA="-"
Beta="0.0185"
num_52WeekHigh="10.71"
num_52WeekLow="9.76"
num_50DayMovingAverage="10.56"
num_200DayMovingAverage="10.31"
SharesOutstanding="0"
DividendDate="None"
ExDividendDate="None"
symbol="TMKRU"
open="10.70"
high="10.74"
low="10.69"
price="10.71"
volume="3923.00"
latest_trading_day="2023-07-18"
previous_close="10.66"
change="0.05"
change_percent="0.4690%"
aroon_positive_momentum_days="85"
aroon_negative_momentum_days="0"
trend_strength="Absent or Weak Trend"
buying_signal="High Volatility / Hold Signal"
volume_analysis="Trending Low"
value_analysis="Bearish Trend"
Aroon_change="TRUE"
Aroon_momentum="85"
Volume_recent_avg="844"
Change_recent_avg="0.01"
Delta_recent_avg="0.02"
Variance_recent_avg="0.01"
Change_ratio_recent_avg="0.01"
RSI_change="FALSE"
ADX_change="FALSE"
Aroon_signal="positive"
Aroon_change="TRUE"
Aroon_momentum_positive="85"
Aroon_momentum_negative="15"
image_negative_thumbnail_id_1="104"
image_negative_url_1="https://hehge.com/wp-content/uploads/sites/16/2023/05/MI_Finance_Negative_Landscape_0072.jpeg"
image_negative_thumbnail_id_2="1131"
image_negative_url_2="https://hehge.com/wp-content/uploads/sites/16/2023/06/MI_Finance_Negative_Landscape_0164.jpeg"
image_neutral_thumbnail_id_1="523"
image_neutral_url_1="https://hehge.com/wp-content/uploads/sites/16/2023/06/MI_Finance_Neutral_Landscape_0076.jpeg"
image_neutral_thumbnail_id_2="548"
image_neutral_url_2="https://hehge.com/wp-content/uploads/sites/16/2023/06/MI_Finance_Neutral_Landscape_0051.jpeg"
image_positive_thumbnail_id_1="995"
image_positive_url_1="https://hehge.com/wp-content/uploads/sites/16/2023/06/MI_Finance_Positive_Landscape_0157.jpeg"
image_positive_thumbnail_id_2="963"
image_positive_url_2="https://hehge.com/wp-content/uploads/sites/16/2023/06/MI_Finance_Positive_Landscape_0125.jpeg"
image_professor_thumbnail_id_1="1185"
image_professor_url_1="https://hehge.com/wp-content/uploads/sites/16/2023/06/MI_Finance_Professor_Landscape_0019.jpeg"
image_professor_thumbnail_id_2="1174"
image_professor_url_2="https://hehge.com/wp-content/uploads/sites/16/2023/06/MI_Finance_Professor_Landscape_0008.jpeg"
