Symbol="TCI"
AssetType="Common Stock"
Name="Transcontinental Realty Investors"
Description="Transcontinental Realty Investors, Inc., a Dallas-based real estate investment company, has a diverse portfolio of capital real estate located throughout the United States, including apartments, office buildings, shopping centers, and urbanized and undeveloped land. "
CIK="733590"
Exchange="NYSE"
Currency="USD"
Country="USA"
Sector="REAL ESTATE & CONSTRUCTION"
Industry="REAL ESTATE INVESTMENT TRUSTS"
Address="1800 VALLEY VIEW LANE, SUITE 300, DALLAS, TX, US"
FiscalYearEnd="December"
LatestQuarter="2023-03-31"
MarketCapitalization="297797000"
EBITDA="469995000"
PERatio="0.655"
PEGRatio="0"
BookValue="95.26"
DividendPerShare="0"
DividendYield="0"
EPS="52.63"
RevenuePerShareTTM="58.41"
ProfitMargin="0.906"
OperatingMarginTTM="0.904"
ReturnOnAssetsTTM="0.303"
ReturnOnEquityTTM="0.745"
RevenueTTM="504629000"
GrossProfitTTM="486407000"
DilutedEPSTTM="52.63"
QuarterlyEarningsGrowthYOY="-0.757"
QuarterlyRevenueGrowthYOY="-0.009"
AnalystTargetPrice="None"
TrailingPE="0.655"
ForwardPE="-"
PriceToSalesRatioTTM="0.752"
PriceToBookRatio="0.517"
EVToRevenue="14.66"
EVToEBITDA="0.898"
Beta="0.591"
num_52WeekHigh="47.35"
num_52WeekLow="34.08"
num_50DayMovingAverage="36.64"
num_200DayMovingAverage="40.63"
SharesOutstanding="8639300"
DividendDate="None"
ExDividendDate="2000-09-15"
symbol="TCI"
open="34.47"
high="34.80"
low="34.47"
price="34.72"
volume="2185.00"
latest_trading_day="2023-07-27"
previous_close="34.38"
change="0.34"
change_percent="0.9889%"
aroon_positive_momentum_days="0"
aroon_negative_momentum_days="80"
trend_strength="Absent or Weak Trend"
buying_signal="Weak Sell Signal"
volume_analysis="Target Volume"
value_analysis="Expected Range"
Aroon_change="FALSE"
Aroon_momentum="20"
Volume_recent_avg="5381"
Change_recent_avg="-0.08"
Delta_recent_avg="0.93"
Variance_recent_avg="0.46"
Change_ratio_recent_avg="-0.23"
RSI_change="FALSE"
ADX_change="FALSE"

event="FALSE"
Aroon_signal="negative"
Aroon_change="FALSE"
Aroon_momentum_positive="20"
Aroon_momentum_negative="80"
image_negative_thumbnail_id_1="497"
image_negative_url_1="https://hehge.com/wp-content/uploads/sites/16/2023/06/MI_Finance_Negative_Landscape_0108.jpeg"
image_negative_thumbnail_id_2="110"
image_negative_url_2="https://hehge.com/wp-content/uploads/sites/16/2023/05/MI_Finance_Negative_Landscape_0066.jpeg"
image_neutral_thumbnail_id_1="574"
image_neutral_url_1="https://hehge.com/wp-content/uploads/sites/16/2023/06/MI_Finance_Neutral_Landscape_0025.jpeg"
image_neutral_thumbnail_id_2="587"
image_neutral_url_2="https://hehge.com/wp-content/uploads/sites/16/2023/06/MI_Finance_Neutral_Landscape_0012.jpeg"
image_positive_thumbnail_id_1="629"
image_positive_url_1="https://hehge.com/wp-content/uploads/sites/16/2023/06/MI_Finance_Positive_Landscape_0079.jpeg"
image_positive_thumbnail_id_2="707"
image_positive_url_2="https://hehge.com/wp-content/uploads/sites/16/2023/06/MI_Finance_Positive_Landscape_0001.jpeg"
image_professor_thumbnail_id_1="1185"
image_professor_url_1="https://hehge.com/wp-content/uploads/sites/16/2023/06/MI_Finance_Professor_Landscape_0019.jpeg"
image_professor_thumbnail_id_2="1201"
image_professor_url_2="https://hehge.com/wp-content/uploads/sites/16/2023/06/MI_Finance_Professor_Landscape_0035.jpeg"
