Symbol="ZEV"
AssetType="Common Stock"
Name="Lightning eMotors Inc."
Description="Lightning eMotors, Inc. produces electric fleets of medium and heavy duty vehicles. The company is headquartered in Loveland, Colorado."
CIK="1802749"
Exchange="NYSE"
Currency="USD"
Country="USA"
Sector="REAL ESTATE & CONSTRUCTION"
Industry="BLANK CHECKS"
Address="1731 EMBARCADERO ROAD, SUITE 200, PALO ALTO, CA, US"
FiscalYearEnd="December"
LatestQuarter="2023-06-30"
MarketCapitalization="13763600"
EBITDA="-82455000"
PERatio="1.964"
PEGRatio="None"
BookValue="3.732"
DividendPerShare="0"
DividendYield="0"
EPS="1.12"
RevenuePerShareTTM="5.34"
ProfitMargin="-2.215"
OperatingMarginTTM="-3.431"
ReturnOnAssetsTTM="-0.362"
ReturnOnEquityTTM="-1.448"
RevenueTTM="24692000"
GrossProfitTTM="-11838000"
DilutedEPSTTM="1.12"
QuarterlyEarningsGrowthYOY="0"
QuarterlyRevenueGrowthYOY="1.239"
AnalystTargetPrice="34.63"
TrailingPE="1.964"
ForwardPE="-"
PriceToSalesRatioTTM="1.895"
PriceToBookRatio="0.748"
EVToRevenue="1.025"
EVToEBITDA="0.397"
Beta="2.446"
num_52WeekHigh="57"
num_52WeekLow="2.038"
num_50DayMovingAverage="3.646"
num_200DayMovingAverage="8.75"
SharesOutstanding="6256200"
DividendDate="None"
ExDividendDate="None"
symbol="ZEV"
open="2.17"
high="2.31"
low="2.04"
price="2.20"
volume="157641.00"
latest_trading_day="2023-08-18"
previous_close="2.25"
change="-0.05"
change_percent="-2.2222%"
aroon_positive_momentum_days="0"
aroon_negative_momentum_days="93"
trend_strength="Absent or Weak Trend"
buying_signal="Strong Sell Signal"
volume_analysis="Trending High"
value_analysis="Bullish Trend"
Aroon_change="FALSE"
Aroon_momentum="7"
Volume_recent_avg="385252"
Change_recent_avg="-0.03"
Delta_recent_avg="0.3"
Variance_recent_avg="0.15"
Change_ratio_recent_avg="-1.43"
RSI_change="FALSE"
ADX_change="FALSE"

event="FALSE"
Aroon_signal="negative"
Aroon_change="FALSE"
Aroon_momentum_positive="7"
Aroon_momentum_negative="93"
image_negative_thumbnail_id_1="102"
image_negative_url_1="https://hehge.com/wp-content/uploads/sites/16/2023/05/MI_Finance_Negative_Landscape_0074.jpeg"
image_negative_thumbnail_id_2="1128"
image_negative_url_2="https://hehge.com/wp-content/uploads/sites/16/2023/06/MI_Finance_Negative_Landscape_0161.jpeg"
image_neutral_thumbnail_id_1="432"
image_neutral_url_1="https://hehge.com/wp-content/uploads/sites/16/2023/05/MI_Finance_Neutral_Landscape_0019.jpeg"
image_neutral_thumbnail_id_2="587"
image_neutral_url_2="https://hehge.com/wp-content/uploads/sites/16/2023/06/MI_Finance_Neutral_Landscape_0012.jpeg"
image_positive_thumbnail_id_1="647"
image_positive_url_1="https://hehge.com/wp-content/uploads/sites/16/2023/06/MI_Finance_Positive_Landscape_0061.jpeg"
image_positive_thumbnail_id_2="684"
image_positive_url_2="https://hehge.com/wp-content/uploads/sites/16/2023/06/MI_Finance_Positive_Landscape_0024.jpeg"
image_professor_thumbnail_id_1="1167"
image_professor_url_1="https://hehge.com/wp-content/uploads/sites/16/2023/06/MI_Finance_Professor_Landscape_0001.jpeg"
image_professor_thumbnail_id_2="1190"
image_professor_url_2="https://hehge.com/wp-content/uploads/sites/16/2023/06/MI_Finance_Professor_Landscape_0024.jpeg"
