Symbol="KPLT"
AssetType="Common Stock"
Name="Katapult Holdings Inc"
Description="Katapult Group, Inc., doing business as Zibby, develops and operates a monthly lease-to-own payment platform to help consumers purchase durable goods from retailers in the United States. The company is headquartered in New York, New York."
CIK="1785424"
Exchange="NASDAQ"
Currency="USD"
Country="USA"
Sector="REAL ESTATE & CONSTRUCTION"
Industry="BLANK CHECKS"
Address="1345 AVENUE OF THE AMERICAS 11TH FL, NEW YORK, NY, US"
FiscalYearEnd="December"
LatestQuarter="2023-03-31"
MarketCapitalization="92592000"
EBITDA="109180000"
PERatio="None"
PEGRatio="None"
BookValue="0.04"
DividendPerShare="0"
DividendYield="0"
EPS="-0.49"
RevenuePerShareTTM="2.108"
ProfitMargin="-0.197"
OperatingMarginTTM="-0.0161"
ReturnOnAssetsTTM="-0.0167"
ReturnOnEquityTTM="-2.142"
RevenueTTM="207904000"
GrossProfitTTM="53865000"
DilutedEPSTTM="-0.49"
QuarterlyEarningsGrowthYOY="-0.184"
QuarterlyRevenueGrowthYOY="-0.07"
AnalystTargetPrice="1"
TrailingPE="-"
ForwardPE="-"
PriceToSalesRatioTTM="0.358"
PriceToBookRatio="4.696"
EVToRevenue="0.467"
EVToEBITDA="0.89"
Beta="0.99"
num_52WeekHigh="1.73"
num_52WeekLow="0.4"
num_50DayMovingAverage="0.672"
num_200DayMovingAverage="0.822"
SharesOutstanding="99561000"
DividendDate="None"
ExDividendDate="None"
symbol="KPLT"
open="0.90"
high="0.94"
low="0.89"
price="0.93"
volume="94122.00"
latest_trading_day="2023-07-07"
previous_close="0.92"
change="0.01"
change_percent="0.5949%"
aroon_positive_momentum_days="21"
aroon_negative_momentum_days="0"
trend_strength="Absent or Weak Trend"
buying_signal="Strong Buy Signal"
volume_analysis="Target Volume"
value_analysis="Expected Range"
Aroon_change="FALSE"
Aroon_momentum="21"
Volume_recent_avg="187602"
Change_recent_avg="0.01"
Delta_recent_avg="0.07"
Variance_recent_avg="0.03"
Change_ratio_recent_avg="-0.41"
RSI_change="FALSE"
ADX_change="FALSE"

event="FALSE"
Aroon_signal="positive"
Aroon_change="FALSE"
Aroon_momentum_positive="21"
Aroon_momentum_negative="79"
image_negative_thumbnail_id_1="113"
image_negative_url_1="https://hehge.com/wp-content/uploads/sites/16/2023/05/MI_Finance_Negative_Landscape_0063.jpeg"
image_negative_thumbnail_id_2="1138"
image_negative_url_2="https://hehge.com/wp-content/uploads/sites/16/2023/06/MI_Finance_Negative_Landscape_0171.jpeg"
image_neutral_thumbnail_id_1="540"
image_neutral_url_1="https://hehge.com/wp-content/uploads/sites/16/2023/06/MI_Finance_Neutral_Landscape_0059.jpeg"
image_neutral_thumbnail_id_2="528"
image_neutral_url_2="https://hehge.com/wp-content/uploads/sites/16/2023/06/MI_Finance_Neutral_Landscape_0071.jpeg"
image_positive_thumbnail_id_1="956"
image_positive_url_1="https://hehge.com/wp-content/uploads/sites/16/2023/06/MI_Finance_Positive_Landscape_0118.jpeg"
image_positive_thumbnail_id_2="645"
image_positive_url_2="https://hehge.com/wp-content/uploads/sites/16/2023/06/MI_Finance_Positive_Landscape_0063.jpeg"
image_professor_thumbnail_id_1="1173"
image_professor_url_1="https://hehge.com/wp-content/uploads/sites/16/2023/06/MI_Finance_Professor_Landscape_0007.jpeg"
image_professor_thumbnail_id_2="1183"
image_professor_url_2="https://hehge.com/wp-content/uploads/sites/16/2023/06/MI_Finance_Professor_Landscape_0017.jpeg"
