Symbol="WHLRL"
AssetType="Common Stock"
Name="Wheeler Real Estate Investment Trust Inc. 7.00% Senior Subordinated Convertible Notes Due 2031"
Description="None"
CIK="1527541"
Exchange="NASDAQ"
Currency="USD"
Country="USA"
Sector="REAL ESTATE & CONSTRUCTION"
Industry="REAL ESTATE INVESTMENT TRUSTS"
Address="RIVERSEDGE NORTH, 2529 VIRGINIA BEACH BLVD., SUITE 200, VIRGINIA BEACH, VA, US"
FiscalYearEnd="December"
LatestQuarter="2023-03-31"
MarketCapitalization="None"
EBITDA="43853000"
PERatio="None"
PEGRatio="None"
BookValue="-6.71"
DividendPerShare="0"
DividendYield="0"
EPS="-1.868"
RevenuePerShareTTM="8.9"
ProfitMargin="-0.126"
OperatingMarginTTM="0.275"
ReturnOnAssetsTTM="0.0263"
ReturnOnEquityTTM="-0.0357"
RevenueTTM="87040000"
GrossProfitTTM="50780000"
DilutedEPSTTM="-1.868"
QuarterlyEarningsGrowthYOY="0"
QuarterlyRevenueGrowthYOY="0.683"
AnalystTargetPrice="None"
TrailingPE="-"
ForwardPE="-"
PriceToSalesRatioTTM="-"
PriceToBookRatio="-"
EVToRevenue="-"
EVToEBITDA="-"
Beta="2.503"
num_52WeekHigh="51.91"
num_52WeekLow="26.44"
num_50DayMovingAverage="35.81"
num_200DayMovingAverage="35.32"
SharesOutstanding="0"
DividendDate="None"
ExDividendDate="None"
symbol="WHLRL"
open="49.98"
high="50.00"
low="49.92"
price="50.00"
volume="1249.00"
latest_trading_day="2023-07-27"
previous_close="46.87"
change="3.13"
change_percent="6.6758%"
aroon_positive_momentum_days="96"
aroon_negative_momentum_days="0"
trend_strength="Strong Trend"
buying_signal="Strong Buy Signal"
volume_analysis="Trending Low"
value_analysis="Bearish Trend"
Aroon_change="FALSE"
Aroon_momentum="96"
Volume_recent_avg="642"
Change_recent_avg="0.06"
Delta_recent_avg="0.2"
Variance_recent_avg="0.1"
Change_ratio_recent_avg="0.14"
RSI_change="FALSE"
ADX_change="FALSE"

event="FALSE"
Aroon_signal="positive"
Aroon_change="FALSE"
Aroon_momentum_positive="96"
Aroon_momentum_negative="4"
image_negative_thumbnail_id_1="1116"
image_negative_url_1="https://hehge.com/wp-content/uploads/sites/16/2023/06/MI_Finance_Negative_Landscape_0149.jpeg"
image_negative_thumbnail_id_2="1164"
image_negative_url_2="https://hehge.com/wp-content/uploads/sites/16/2023/06/MI_Finance_Negative_Landscape_0198.jpeg"
image_neutral_thumbnail_id_1="570"
image_neutral_url_1="https://hehge.com/wp-content/uploads/sites/16/2023/06/MI_Finance_Neutral_Landscape_0029.jpeg"
image_neutral_thumbnail_id_2="586"
image_neutral_url_2="https://hehge.com/wp-content/uploads/sites/16/2023/06/MI_Finance_Neutral_Landscape_0013.jpeg"
image_positive_thumbnail_id_1="637"
image_positive_url_1="https://hehge.com/wp-content/uploads/sites/16/2023/06/MI_Finance_Positive_Landscape_0071.jpeg"
image_positive_thumbnail_id_2="685"
image_positive_url_2="https://hehge.com/wp-content/uploads/sites/16/2023/06/MI_Finance_Positive_Landscape_0023.jpeg"
image_professor_thumbnail_id_1="1194"
image_professor_url_1="https://hehge.com/wp-content/uploads/sites/16/2023/06/MI_Finance_Professor_Landscape_0028.jpeg"
image_professor_thumbnail_id_2="1170"
image_professor_url_2="https://hehge.com/wp-content/uploads/sites/16/2023/06/MI_Finance_Professor_Landscape_0004.jpeg"
