Symbol="DFH"
AssetType="Common Stock"
Name="Dream Finders Homes Inc"
Description="Dream Finders Homes, Inc. is a holding company of Dream Finders Holdings LLC engaged in the home construction business in the United States. The company is headquartered in Jacksonville, Florida."
CIK="1825088"
Exchange="NYSE"
Currency="USD"
Country="USA"
Sector="REAL ESTATE & CONSTRUCTION"
Industry="OPERATIVE BUILDERS"
Address="14701 PHILIPS HIGHWAY, SUITE 300, JACKSONVILLE, FL, US"
FiscalYearEnd="December"
LatestQuarter="2023-03-31"
MarketCapitalization="2309661000"
EBITDA="375726000"
PERatio="10.74"
PEGRatio="None"
BookValue="7.31"
DividendPerShare="0"
DividendYield="0"
EPS="2.31"
RevenuePerShareTTM="37.16"
ProfitMargin="0.0776"
OperatingMarginTTM="0.106"
ReturnOnAssetsTTM="0.106"
ReturnOnEquityTTM="0.387"
RevenueTTM="3447689000"
GrossProfitTTM="627196000"
DilutedEPSTTM="2.31"
QuarterlyEarningsGrowthYOY="0.058"
QuarterlyRevenueGrowthYOY="0.159"
AnalystTargetPrice="18"
TrailingPE="10.74"
ForwardPE="12.09"
PriceToSalesRatioTTM="0.282"
PriceToBookRatio="1.574"
EVToRevenue="0.612"
EVToEBITDA="5.79"
Beta="1.643"
num_52WeekHigh="27.28"
num_52WeekLow="8.17"
num_50DayMovingAverage="21.49"
num_200DayMovingAverage="14.03"
SharesOutstanding="32905300"
DividendDate="None"
ExDividendDate="None"
symbol="DFH"
open="25.37"
high="25.79"
low="24.79"
price="24.80"
volume="160660.00"
latest_trading_day="2023-07-21"
previous_close="25.14"
change="-0.34"
change_percent="-1.3524%"
aroon_positive_momentum_days="100"
aroon_negative_momentum_days="0"
trend_strength="Strong Trend"
buying_signal="Strong Buy Signal"
volume_analysis="Trending Low"
value_analysis="Bearish Trend"
Aroon_change="FALSE"
Aroon_momentum="100"
Volume_recent_avg="220008"
Change_recent_avg="0.1"
Delta_recent_avg="0.81"
Variance_recent_avg="0.41"
Change_ratio_recent_avg="0.51"
RSI_change="FALSE"
ADX_change="FALSE"
Aroon_signal="positive"
Aroon_change="FALSE"
Aroon_momentum_positive="100"
Aroon_momentum_negative="0"
image_negative_thumbnail_id_1="517"
image_negative_url_1="https://hehge.com/wp-content/uploads/sites/16/2023/06/MI_Finance_Negative_Landscape_0088.jpeg"
image_negative_thumbnail_id_2="119"
image_negative_url_2="https://hehge.com/wp-content/uploads/sites/16/2023/05/MI_Finance_Negative_Landscape_0057.jpeg"
image_neutral_thumbnail_id_1="559"
image_neutral_url_1="https://hehge.com/wp-content/uploads/sites/16/2023/06/MI_Finance_Neutral_Landscape_0040.jpeg"
image_neutral_thumbnail_id_2="560"
image_neutral_url_2="https://hehge.com/wp-content/uploads/sites/16/2023/06/MI_Finance_Neutral_Landscape_0039.jpeg"
image_positive_thumbnail_id_1="974"
image_positive_url_1="https://hehge.com/wp-content/uploads/sites/16/2023/06/MI_Finance_Positive_Landscape_0136.jpeg"
image_positive_thumbnail_id_2="1015"
image_positive_url_2="https://hehge.com/wp-content/uploads/sites/16/2023/06/MI_Finance_Positive_Landscape_0177.jpeg"
image_professor_thumbnail_id_1="1169"
image_professor_url_1="https://hehge.com/wp-content/uploads/sites/16/2023/06/MI_Finance_Professor_Landscape_0003.jpeg"
image_professor_thumbnail_id_2="1182"
image_professor_url_2="https://hehge.com/wp-content/uploads/sites/16/2023/06/MI_Finance_Professor_Landscape_0016.jpeg"
