Symbol="SFE"
AssetType="Common Stock"
Name="Safeguard Scientifics Inc. Common Stock"
Description="Safeguard Scientifics, Inc. no longer invests. "
CIK="86115"
Exchange="NASDAQ"
Currency="USD"
Country="USA"
Sector="REAL ESTATE & CONSTRUCTION"
Industry="INVESTORS, NEC"
Address="170 NORTH RADNOR-CHESTER ROAD, SUITE 200, RADNOR, PA, US"
FiscalYearEnd="December"
LatestQuarter="2023-03-31"
MarketCapitalization="24869200"
EBITDA="-7358000"
PERatio="None"
PEGRatio="0"
BookValue="1.93"
DividendPerShare="0"
DividendYield="0.18"
EPS="-0.67"
RevenuePerShareTTM="0"
ProfitMargin="0"
OperatingMarginTTM="0"
ReturnOnAssetsTTM="-0.0739"
ReturnOnEquityTTM="-0.295"
RevenueTTM="0"
GrossProfitTTM="0"
DilutedEPSTTM="-0.67"
QuarterlyEarningsGrowthYOY="0"
QuarterlyRevenueGrowthYOY="0"
AnalystTargetPrice="16"
TrailingPE="-"
ForwardPE="-"
PriceToSalesRatioTTM="-"
PriceToBookRatio="1.229"
EVToRevenue="-"
EVToEBITDA="-5.89"
Beta="0.876"
num_52WeekHigh="4.535"
num_52WeekLow="1.36"
num_50DayMovingAverage="1.626"
num_200DayMovingAverage="2.516"
SharesOutstanding="16307700"
DividendDate="2019-12-30"
ExDividendDate="2019-12-20"
symbol="SFE"
open="1.46"
high="1.55"
low="1.45"
price="1.52"
volume="10144.00"
latest_trading_day="2023-07-26"
previous_close="1.43"
change="0.10"
change_percent="6.6434%"
aroon_positive_momentum_days="0"
aroon_negative_momentum_days="77"
trend_strength="Absent or Weak Trend"
buying_signal="Strong Sell Signal"
volume_analysis="Target Volume"
value_analysis="Expected Range"
Aroon_change="FALSE"
Aroon_momentum="23"
Volume_recent_avg="19579"
Change_recent_avg="-0.01"
Delta_recent_avg="0.15"
Variance_recent_avg="0.08"
Change_ratio_recent_avg="-0.35"
RSI_change="FALSE"
ADX_change="FALSE"

event="FALSE"
Aroon_signal="negative"
Aroon_change="FALSE"
Aroon_momentum_positive="23"
Aroon_momentum_negative="77"
image_negative_thumbnail_id_1="1136"
image_negative_url_1="https://hehge.com/wp-content/uploads/sites/16/2023/06/MI_Finance_Negative_Landscape_0169.jpeg"
image_negative_thumbnail_id_2="168"
image_negative_url_2="https://hehge.com/wp-content/uploads/sites/16/2023/05/MI_Finance_Negative_Landscape_0008.jpeg"
image_neutral_thumbnail_id_1="540"
image_neutral_url_1="https://hehge.com/wp-content/uploads/sites/16/2023/06/MI_Finance_Neutral_Landscape_0059.jpeg"
image_neutral_thumbnail_id_2="521"
image_neutral_url_2="https://hehge.com/wp-content/uploads/sites/16/2023/06/MI_Finance_Neutral_Landscape_0078.jpeg"
image_positive_thumbnail_id_1="679"
image_positive_url_1="https://hehge.com/wp-content/uploads/sites/16/2023/06/MI_Finance_Positive_Landscape_0029.jpeg"
image_positive_thumbnail_id_2="610"
image_positive_url_2="https://hehge.com/wp-content/uploads/sites/16/2023/06/MI_Finance_Positive_Landscape_0098.jpeg"
image_professor_thumbnail_id_1="1167"
image_professor_url_1="https://hehge.com/wp-content/uploads/sites/16/2023/06/MI_Finance_Professor_Landscape_0001.jpeg"
image_professor_thumbnail_id_2="1172"
image_professor_url_2="https://hehge.com/wp-content/uploads/sites/16/2023/06/MI_Finance_Professor_Landscape_0006.jpeg"
