Symbol="SFE"
AssetType="Common Stock"
Name="Safeguard Scientifics Inc. Common Stock"
Description="Safeguard Scientifics, Inc. no longer invests. "
CIK="86115"
Exchange="NASDAQ"
Currency="USD"
Country="USA"
Sector="REAL ESTATE & CONSTRUCTION"
Industry="INVESTORS, NEC"
Address="170 NORTH RADNOR-CHESTER ROAD, SUITE 200, RADNOR, PA, US"
FiscalYearEnd="December"
LatestQuarter="2023-03-31"
MarketCapitalization="27070800"
EBITDA="-7358000"
PERatio="None"
PEGRatio="0"
BookValue="1.93"
DividendPerShare="0"
DividendYield="0.18"
EPS="-0.77"
RevenuePerShareTTM="0"
ProfitMargin="0"
OperatingMarginTTM="0"
ReturnOnAssetsTTM="-0.0739"
ReturnOnEquityTTM="-0.295"
RevenueTTM="0"
GrossProfitTTM="0"
DilutedEPSTTM="-0.77"
QuarterlyEarningsGrowthYOY="0"
QuarterlyRevenueGrowthYOY="0"
AnalystTargetPrice="16"
TrailingPE="-"
ForwardPE="-"
PriceToSalesRatioTTM="-"
PriceToBookRatio="1.229"
EVToRevenue="-"
EVToEBITDA="-5.89"
Beta="0.876"
num_52WeekHigh="4.535"
num_52WeekLow="1.42"
num_50DayMovingAverage="1.74"
num_200DayMovingAverage="2.67"
SharesOutstanding="16307700"
DividendDate="2019-12-30"
ExDividendDate="2019-12-20"
symbol="SFE"
open="1.63"
high="1.64"
low="1.63"
price="1.63"
volume="1341.00"
latest_trading_day="2023-07-10"
previous_close="1.66"
change="-0.03"
change_percent="-1.8072%"
aroon_positive_momentum_days="22"
aroon_negative_momentum_days="0"
trend_strength="Absent or Weak Trend"
buying_signal="Weak Buy Signal"
volume_analysis="Target Volume"
value_analysis="Expected Range"
Aroon_change="FALSE"
Aroon_momentum="22"
Volume_recent_avg="16691"
Change_recent_avg="0.01"
Delta_recent_avg="0.15"
Variance_recent_avg="0.08"
Change_ratio_recent_avg="-0.16"
RSI_change="FALSE"
ADX_change="FALSE"

event="FALSE"
Aroon_signal="positive"
Aroon_change="FALSE"
Aroon_momentum_positive="22"
Aroon_momentum_negative="78"
image_negative_thumbnail_id_1="1145"
image_negative_url_1="https://hehge.com/wp-content/uploads/sites/16/2023/06/MI_Finance_Negative_Landscape_0178.jpeg"
image_negative_thumbnail_id_2="166"
image_negative_url_2="https://hehge.com/wp-content/uploads/sites/16/2023/05/MI_Finance_Negative_Landscape_0010.jpeg"
image_neutral_thumbnail_id_1="526"
image_neutral_url_1="https://hehge.com/wp-content/uploads/sites/16/2023/06/MI_Finance_Neutral_Landscape_0073.jpeg"
image_neutral_thumbnail_id_2="565"
image_neutral_url_2="https://hehge.com/wp-content/uploads/sites/16/2023/06/MI_Finance_Neutral_Landscape_0034.jpeg"
image_positive_thumbnail_id_1="959"
image_positive_url_1="https://hehge.com/wp-content/uploads/sites/16/2023/06/MI_Finance_Positive_Landscape_0121.jpeg"
image_positive_thumbnail_id_2="678"
image_positive_url_2="https://hehge.com/wp-content/uploads/sites/16/2023/06/MI_Finance_Positive_Landscape_0030.jpeg"
image_professor_thumbnail_id_1="1178"
image_professor_url_1="https://hehge.com/wp-content/uploads/sites/16/2023/06/MI_Finance_Professor_Landscape_0012.jpeg"
image_professor_thumbnail_id_2="1204"
image_professor_url_2="https://hehge.com/wp-content/uploads/sites/16/2023/06/MI_Finance_Professor_Landscape_0038.jpeg"
