Symbol="FIX"
AssetType="Common Stock"
Name="Comfort Systems USA Inc"
Description="Comfort Systems USA, Inc. provides mechanical and electrical installation, renovation, maintenance, repair and replacement services for the mechanical and electrical service industry in the United States. The company is headquartered in Houston, Texas."
CIK="1035983"
Exchange="NYSE"
Currency="USD"
Country="USA"
Sector="REAL ESTATE & CONSTRUCTION"
Industry="ELECTRICAL WORK"
Address="675 BERING DRIVE, SUITE 400, HOUSTON, TX, US"
FiscalYearEnd="December"
LatestQuarter="2023-03-31"
MarketCapitalization="5714577000"
EBITDA="374597000"
PERatio="23.51"
PEGRatio="2.06"
BookValue="29.55"
DividendPerShare="0.605"
DividendYield="0.0048"
EPS="6.02"
RevenuePerShareTTM="123.51"
ProfitMargin="0.0489"
OperatingMarginTTM="0.0665"
ReturnOnAssetsTTM="0.0715"
ReturnOnEquityTTM="22.4"
RevenueTTM="4429788000"
GrossProfitTTM="741608000"
DilutedEPSTTM="5.84"
QuarterlyEarningsGrowthYOY="-0.338"
QuarterlyRevenueGrowthYOY="0.327"
AnalystTargetPrice="165.5"
TrailingPE="27.36"
ForwardPE="-"
PriceToSalesRatioTTM="1.106"
PriceToBookRatio="4.535"
EVToRevenue="1.221"
EVToEBITDA="15.48"
Beta="1.192"
num_52WeekHigh="167.53"
num_52WeekLow="81.86"
num_50DayMovingAverage="153.95"
num_200DayMovingAverage="130.35"
SharesOutstanding="35767500"
DividendDate="2023-05-29"
ExDividendDate="2023-05-17"
symbol="FIX"
open="159.77"
high="162.09"
low="159.58"
price="159.84"
volume="199922.00"
latest_trading_day="2023-07-07"
previous_close="159.77"
change="0.07"
change_percent="0.0438%"
aroon_positive_momentum_days="93"
aroon_negative_momentum_days="0"
trend_strength="Absent or Weak Trend"
buying_signal="Strong Buy Signal"
volume_analysis="Target Volume"
value_analysis="Expected Range"
Aroon_change="FALSE"
Aroon_momentum="93"
Volume_recent_avg="280074"
Change_recent_avg="0.33"
Delta_recent_avg="4.18"
Variance_recent_avg="2.09"
Change_ratio_recent_avg="0.22"
RSI_change="FALSE"
ADX_change="FALSE"

event="FALSE"
Aroon_signal="positive"
Aroon_change="FALSE"
Aroon_momentum_positive="93"
Aroon_momentum_negative="7"
image_negative_thumbnail_id_1="1097"
image_negative_url_1="https://hehge.com/wp-content/uploads/sites/16/2023/06/MI_Finance_Negative_Landscape_0130.jpeg"
image_negative_thumbnail_id_2="163"
image_negative_url_2="https://hehge.com/wp-content/uploads/sites/16/2023/05/MI_Finance_Negative_Landscape_0013.jpeg"
image_neutral_thumbnail_id_1="553"
image_neutral_url_1="https://hehge.com/wp-content/uploads/sites/16/2023/06/MI_Finance_Neutral_Landscape_0046.jpeg"
image_neutral_thumbnail_id_2="522"
image_neutral_url_2="https://hehge.com/wp-content/uploads/sites/16/2023/06/MI_Finance_Neutral_Landscape_0077.jpeg"
image_positive_thumbnail_id_1="669"
image_positive_url_1="https://hehge.com/wp-content/uploads/sites/16/2023/06/MI_Finance_Positive_Landscape_0039.jpeg"
image_positive_thumbnail_id_2="1005"
image_positive_url_2="https://hehge.com/wp-content/uploads/sites/16/2023/06/MI_Finance_Positive_Landscape_0167.jpeg"
image_professor_thumbnail_id_1="1194"
image_professor_url_1="https://hehge.com/wp-content/uploads/sites/16/2023/06/MI_Finance_Professor_Landscape_0028.jpeg"
image_professor_thumbnail_id_2="1191"
image_professor_url_2="https://hehge.com/wp-content/uploads/sites/16/2023/06/MI_Finance_Professor_Landscape_0025.jpeg"
