Symbol="PTRA"
AssetType="Common Stock"
Name="Proterra Inc"
Description="Proterra Inc. designs and manufactures zero-emission electric transit vehicles. The company is headquartered in Burlingame, California."
CIK="1820630"
Exchange="NASDAQ"
Currency="USD"
Country="USA"
Sector="REAL ESTATE & CONSTRUCTION"
Industry="BLANK CHECKS"
Address="C/O ARCLIGHT CAPITAL PARTNERS, LLC, 200 CLARENDON STREET, 55TH FLOOR, BOSTON, MA, US"
FiscalYearEnd="December"
LatestQuarter="2023-03-31"
MarketCapitalization="316194000"
EBITDA="-224688992"
PERatio="None"
PEGRatio="None"
BookValue="1.193"
DividendPerShare="0"
DividendYield="0"
EPS="-1.98"
RevenuePerShareTTM="1.466"
ProfitMargin="-1.307"
OperatingMarginTTM="-0.722"
ReturnOnAssetsTTM="-0.169"
ReturnOnEquityTTM="-0.913"
RevenueTTM="330312000"
GrossProfitTTM="-23991000"
DilutedEPSTTM="-1.98"
QuarterlyEarningsGrowthYOY="0"
QuarterlyRevenueGrowthYOY="0.358"
AnalystTargetPrice="3.66"
TrailingPE="-"
ForwardPE="-"
PriceToSalesRatioTTM="3.544"
PriceToBookRatio="1.79"
EVToRevenue="2.643"
EVToEBITDA="-4.974"
Beta="0.971"
num_52WeekHigh="7.71"
num_52WeekLow="0.912"
num_50DayMovingAverage="1.245"
num_200DayMovingAverage="3.371"
SharesOutstanding="227478000"
DividendDate="None"
ExDividendDate="None"
symbol="PTRA"
open="1.34"
high="1.43"
low="1.31"
price="1.39"
volume="1340626.00"
latest_trading_day="2023-07-17"
previous_close="1.33"
change="0.06"
change_percent="4.5113%"
aroon_positive_momentum_days="17"
aroon_negative_momentum_days="0"
trend_strength="Absent or Weak Trend"
buying_signal="High Volatility / Hold Signal"
volume_analysis="Target Volume"
value_analysis="Expected Range"
Aroon_change="FALSE"
Aroon_momentum="17"
Volume_recent_avg="2596772"
Change_recent_avg="-0.03"
Delta_recent_avg="0.15"
Variance_recent_avg="0.07"
Change_ratio_recent_avg="-1.51"
RSI_change="FALSE"
ADX_change="FALSE"

event="FALSE"
Aroon_signal="positive"
Aroon_change="FALSE"
Aroon_momentum_positive="17"
Aroon_momentum_negative="83"
image_negative_thumbnail_id_1="1090"
image_negative_url_1="https://hehge.com/wp-content/uploads/sites/16/2023/06/MI_Finance_Negative_Landscape_0123.jpeg"
image_negative_thumbnail_id_2="1098"
image_negative_url_2="https://hehge.com/wp-content/uploads/sites/16/2023/06/MI_Finance_Negative_Landscape_0131.jpeg"
image_neutral_thumbnail_id_1="563"
image_neutral_url_1="https://hehge.com/wp-content/uploads/sites/16/2023/06/MI_Finance_Neutral_Landscape_0036.jpeg"
image_neutral_thumbnail_id_2="543"
image_neutral_url_2="https://hehge.com/wp-content/uploads/sites/16/2023/06/MI_Finance_Neutral_Landscape_0056.jpeg"
image_positive_thumbnail_id_1="624"
image_positive_url_1="https://hehge.com/wp-content/uploads/sites/16/2023/06/MI_Finance_Positive_Landscape_0084.jpeg"
image_positive_thumbnail_id_2="643"
image_positive_url_2="https://hehge.com/wp-content/uploads/sites/16/2023/06/MI_Finance_Positive_Landscape_0065.jpeg"
image_professor_thumbnail_id_1="1195"
image_professor_url_1="https://hehge.com/wp-content/uploads/sites/16/2023/06/MI_Finance_Professor_Landscape_0029.jpeg"
image_professor_thumbnail_id_2="1175"
image_professor_url_2="https://hehge.com/wp-content/uploads/sites/16/2023/06/MI_Finance_Professor_Landscape_0009.jpeg"
