Symbol="OZ"
AssetType="Common Stock"
Name="Belpointe PREP LLC Unit"
Description="Belpointe PREP, LLC focuses on identifying, acquiring, developing or remodeling and managing commercial real estate in the United States. The company is headquartered in Greenwich, Connecticut."
CIK="1807046"
Exchange="NYSE"
Currency="USD"
Country="USA"
Sector="REAL ESTATE & CONSTRUCTION"
Industry="REAL ESTATE"
Address="125 GREENWICH AVENUE, 3RD FLOOR, GREENWICH, CT, US"
FiscalYearEnd="December"
LatestQuarter="2023-06-30"
MarketCapitalization="320536000"
EBITDA="-8362000"
PERatio="None"
PEGRatio="None"
BookValue="88.94"
DividendPerShare="0"
DividendYield="0"
EPS="-3.02"
RevenuePerShareTTM="0.552"
ProfitMargin="0"
OperatingMarginTTM="-4.727"
ReturnOnAssetsTTM="-0.017"
ReturnOnEquityTTM="-0.0342"
RevenueTTM="2025000"
GrossProfitTTM="-143000"
DilutedEPSTTM="-3.02"
QuarterlyEarningsGrowthYOY="0"
QuarterlyRevenueGrowthYOY="1.494"
AnalystTargetPrice="None"
TrailingPE="-"
ForwardPE="-"
PriceToSalesRatioTTM="266.26"
PriceToBookRatio="1.062"
EVToRevenue="142.54"
EVToEBITDA="-21.01"
Beta="None"
num_52WeekHigh="100.95"
num_52WeekLow="81.03"
num_50DayMovingAverage="86.4"
num_200DayMovingAverage="93.35"
SharesOutstanding="3579500"
DividendDate="None"
ExDividendDate="None"
symbol="OZ"
open="89.55"
high="89.58"
low="89.50"
price="89.55"
volume="4892.00"
latest_trading_day="2023-08-25"
previous_close="89.60"
change="-0.05"
change_percent="-0.0586%"
aroon_positive_momentum_days="0"
aroon_negative_momentum_days="100"
trend_strength="Absent or Weak Trend"
buying_signal="Weak Sell Signal"
volume_analysis="Target Volume"
value_analysis="Expected Range"
Aroon_change="FALSE"
Aroon_momentum="0"
Volume_recent_avg="4884"
Change_recent_avg="-0.12"
Delta_recent_avg="0.76"
Variance_recent_avg="0.38"
Change_ratio_recent_avg="-0.14"
RSI_change="FALSE"
ADX_change="FALSE"
Aroon_signal="negative"
Aroon_change="FALSE"
Aroon_momentum_positive="0"
Aroon_momentum_negative="100"
image_negative_thumbnail_id_1="1139"
image_negative_url_1="https://hehge.com/wp-content/uploads/sites/16/2023/06/MI_Finance_Negative_Landscape_0172.jpeg"
image_negative_thumbnail_id_2="125"
image_negative_url_2="https://hehge.com/wp-content/uploads/sites/16/2023/05/MI_Finance_Negative_Landscape_0051.jpeg"
image_neutral_thumbnail_id_1="553"
image_neutral_url_1="https://hehge.com/wp-content/uploads/sites/16/2023/06/MI_Finance_Neutral_Landscape_0046.jpeg"
image_neutral_thumbnail_id_2="571"
image_neutral_url_2="https://hehge.com/wp-content/uploads/sites/16/2023/06/MI_Finance_Neutral_Landscape_0028.jpeg"
image_positive_thumbnail_id_1="601"
image_positive_url_1="https://hehge.com/wp-content/uploads/sites/16/2023/06/MI_Finance_Positive_Landscape_0107.jpeg"
image_positive_thumbnail_id_2="973"
image_positive_url_2="https://hehge.com/wp-content/uploads/sites/16/2023/06/MI_Finance_Positive_Landscape_0135.jpeg"
image_professor_thumbnail_id_1="1178"
image_professor_url_1="https://hehge.com/wp-content/uploads/sites/16/2023/06/MI_Finance_Professor_Landscape_0012.jpeg"
image_professor_thumbnail_id_2="1204"
image_professor_url_2="https://hehge.com/wp-content/uploads/sites/16/2023/06/MI_Finance_Professor_Landscape_0038.jpeg"
