Symbol="BRLIU"
AssetType="Common Stock"
Name="Brilliant Acquisition Corp"
Description="Brilliant Acquisition Corporation is a blank check company. The company is headquartered in Shanghai, China."
CIK="1787518"
Exchange="NASDAQ"
Currency="USD"
Country="China"
Sector="REAL ESTATE & CONSTRUCTION"
Industry="BLANK CHECKS"
Address="99 DAN BA ROAD C-9, PUTUO DISTRICT, SHANGHAI, CHINA"
FiscalYearEnd="December"
LatestQuarter="2023-06-30"
MarketCapitalization="59578000"
EBITDA="None"
PERatio="None"
PEGRatio="None"
BookValue="-1.888"
DividendPerShare="0"
DividendYield="0"
EPS="-0.171"
RevenuePerShareTTM="0"
ProfitMargin="0"
OperatingMarginTTM="0"
ReturnOnAssetsTTM="-0.0219"
ReturnOnEquityTTM="-0.177"
RevenueTTM="0"
GrossProfitTTM="0"
DilutedEPSTTM="-0.171"
QuarterlyEarningsGrowthYOY="0"
QuarterlyRevenueGrowthYOY="0"
AnalystTargetPrice="None"
TrailingPE="-"
ForwardPE="-"
PriceToSalesRatioTTM="-"
PriceToBookRatio="-"
EVToRevenue="-"
EVToEBITDA="-"
Beta="0.0103"
num_52WeekHigh="12.04"
num_52WeekLow="10.6"
num_50DayMovingAverage="11.38"
num_200DayMovingAverage="10.88"
SharesOutstanding="0"
DividendDate="None"
ExDividendDate="None"
symbol="BRLIU"
open="12.04"
high="12.04"
low="12.04"
price="12.04"
volume="0.00"
latest_trading_day="2023-08-21"
previous_close="12.04"
change="0.00"
change_percent="0.0000%"
aroon_positive_momentum_days="39"
aroon_negative_momentum_days="0"
trend_strength="Strong Trend"
buying_signal="Weak Buy Signal"
volume_analysis="Overbought"
value_analysis="Overvalued"
Aroon_change="FALSE"
Aroon_momentum="39"
Volume_recent_avg="52"
Change_recent_avg="0.01"
Delta_recent_avg="0.01"
Variance_recent_avg="0.01"
Change_ratio_recent_avg="0.04"
RSI_change="FALSE"
ADX_change="FALSE"

event="FALSE"
Aroon_signal="positive"
Aroon_change="FALSE"
Aroon_momentum_positive="39"
Aroon_momentum_negative="61"
image_negative_thumbnail_id_1="494"
image_negative_url_1="https://hehge.com/wp-content/uploads/sites/16/2023/06/MI_Finance_Negative_Landscape_0111.jpeg"
image_negative_thumbnail_id_2="1163"
image_negative_url_2="https://hehge.com/wp-content/uploads/sites/16/2023/06/MI_Finance_Negative_Landscape_0197.jpeg"
image_neutral_thumbnail_id_1="527"
image_neutral_url_1="https://hehge.com/wp-content/uploads/sites/16/2023/06/MI_Finance_Neutral_Landscape_0072.jpeg"
image_neutral_thumbnail_id_2="549"
image_neutral_url_2="https://hehge.com/wp-content/uploads/sites/16/2023/06/MI_Finance_Neutral_Landscape_0050.jpeg"
image_positive_thumbnail_id_1="641"
image_positive_url_1="https://hehge.com/wp-content/uploads/sites/16/2023/06/MI_Finance_Positive_Landscape_0067.jpeg"
image_positive_thumbnail_id_2="633"
image_positive_url_2="https://hehge.com/wp-content/uploads/sites/16/2023/06/MI_Finance_Positive_Landscape_0075.jpeg"
image_professor_thumbnail_id_1="1189"
image_professor_url_1="https://hehge.com/wp-content/uploads/sites/16/2023/06/MI_Finance_Professor_Landscape_0023.jpeg"
image_professor_thumbnail_id_2="1204"
image_professor_url_2="https://hehge.com/wp-content/uploads/sites/16/2023/06/MI_Finance_Professor_Landscape_0038.jpeg"
