Symbol="TPH"
AssetType="Common Stock"
Name="TRI Pointe Homes Inc"
Description="Tri Pointe Homes, Inc. is dedicated to the design, construction and sale of attached and semi-detached single-family homes in the United States. The company is headquartered in Irvine, California."
CIK="1561680"
Exchange="NYSE"
Currency="USD"
Country="USA"
Sector="REAL ESTATE & CONSTRUCTION"
Industry="OPERATIVE BUILDERS"
Address="19540 JAMBOREE ROAD, SUITE 300, IRVINE, CA, US"
FiscalYearEnd="December"
LatestQuarter="2023-06-30"
MarketCapitalization="3068004000"
EBITDA="673150000"
PERatio="5.49"
PEGRatio="1.37"
BookValue="29.23"
DividendPerShare="0"
DividendYield="0"
EPS="5.58"
RevenuePerShareTTM="41.83"
ProfitMargin="0.116"
OperatingMarginTTM="0.153"
ReturnOnAssetsTTM="0.0875"
ReturnOnEquityTTM="0.183"
RevenueTTM="4211590000"
GrossProfitTTM="1169503000"
DilutedEPSTTM="5.58"
QuarterlyEarningsGrowthYOY="-0.549"
QuarterlyRevenueGrowthYOY="-0.177"
AnalystTargetPrice="39"
TrailingPE="5.49"
ForwardPE="13.61"
PriceToSalesRatioTTM="0.484"
PriceToBookRatio="0.732"
EVToRevenue="0.771"
EVToEBITDA="4.34"
Beta="1.482"
num_52WeekHigh="34.04"
num_52WeekLow="14.59"
num_50DayMovingAverage="31.73"
num_200DayMovingAverage="24.47"
SharesOutstanding="100098000"
DividendDate="None"
ExDividendDate="None"
symbol="TPH"
open="30.96"
high="31.91"
low="30.55"
price="31.64"
volume="864195.00"
latest_trading_day="2023-08-04"
previous_close="30.65"
change="0.99"
change_percent="3.2300%"
aroon_positive_momentum_days="100"
aroon_negative_momentum_days="0"
trend_strength="Strong Trend"
buying_signal="Weak Buy Signal"
volume_analysis="Target Volume"
value_analysis="Expected Range"
Aroon_change="FALSE"
Aroon_momentum="100"
Volume_recent_avg="1158937"
Change_recent_avg="0.05"
Delta_recent_avg="0.74"
Variance_recent_avg="0.37"
Change_ratio_recent_avg="0.17"
RSI_change="FALSE"
ADX_change="FALSE"
Aroon_signal="positive"
Aroon_change="FALSE"
Aroon_momentum_positive="100"
Aroon_momentum_negative="0"
image_negative_thumbnail_id_1="123"
image_negative_url_1="https://hehge.com/wp-content/uploads/sites/16/2023/05/MI_Finance_Negative_Landscape_0053.jpeg"
image_negative_thumbnail_id_2="1090"
image_negative_url_2="https://hehge.com/wp-content/uploads/sites/16/2023/06/MI_Finance_Negative_Landscape_0123.jpeg"
image_neutral_thumbnail_id_1="598"
image_neutral_url_1="https://hehge.com/wp-content/uploads/sites/16/2023/06/MI_Finance_Neutral_Landscape_0001.jpeg"
image_neutral_thumbnail_id_2="576"
image_neutral_url_2="https://hehge.com/wp-content/uploads/sites/16/2023/06/MI_Finance_Neutral_Landscape_0023.jpeg"
image_positive_thumbnail_id_1="699"
image_positive_url_1="https://hehge.com/wp-content/uploads/sites/16/2023/06/MI_Finance_Positive_Landscape_0009.jpeg"
image_positive_thumbnail_id_2="655"
image_positive_url_2="https://hehge.com/wp-content/uploads/sites/16/2023/06/MI_Finance_Positive_Landscape_0053.jpeg"
image_professor_thumbnail_id_1="1184"
image_professor_url_1="https://hehge.com/wp-content/uploads/sites/16/2023/06/MI_Finance_Professor_Landscape_0018.jpeg"
image_professor_thumbnail_id_2="1192"
image_professor_url_2="https://hehge.com/wp-content/uploads/sites/16/2023/06/MI_Finance_Professor_Landscape_0026.jpeg"
