Symbol="SNTI"
AssetType="Common Stock"
Name="Senti Biosciences Inc"
Description="None"
CIK="1854270"
Exchange="NASDAQ"
Currency="USD"
Country="USA"
Sector="REAL ESTATE & CONSTRUCTION"
Industry="BLANK CHECKS"
Address="2875 EL CAMINO REAL, REDWOOD CITY, CA, US"
FiscalYearEnd="December"
LatestQuarter="2023-03-31"
MarketCapitalization="29592600"
EBITDA="-77080000"
PERatio="None"
PEGRatio="None"
BookValue="2.549"
DividendPerShare="0"
DividendYield="0"
EPS="-1.7"
RevenuePerShareTTM="0.123"
ProfitMargin="0"
OperatingMarginTTM="-17.62"
ReturnOnAssetsTTM="-0.388"
ReturnOnEquityTTM="-0.802"
RevenueTTM="4468000"
GrossProfitTTM="-29781000"
DilutedEPSTTM="-1.7"
QuarterlyEarningsGrowthYOY="0"
QuarterlyRevenueGrowthYOY="0.165"
AnalystTargetPrice="4"
TrailingPE="-"
ForwardPE="-"
PriceToSalesRatioTTM="13.28"
PriceToBookRatio="0.434"
EVToRevenue="1.818"
EVToEBITDA="0.346"
Beta="2.147"
num_52WeekHigh="8.77"
num_52WeekLow="0.59"
num_50DayMovingAverage="0.918"
num_200DayMovingAverage="1.632"
SharesOutstanding="44168000"
DividendDate="None"
ExDividendDate="None"
symbol="SNTI"
open="0.70"
high="0.70"
low="0.67"
price="0.67"
volume="68534.00"
latest_trading_day="2023-07-10"
previous_close="0.69"
change="-0.02"
change_percent="-2.8281%"
aroon_positive_momentum_days="0"
aroon_negative_momentum_days="98"
trend_strength="Absent or Weak Trend"
buying_signal="Strong Sell Signal"
volume_analysis="Trending High"
value_analysis="Bullish Trend"
Aroon_change="FALSE"
Aroon_momentum="2"
Volume_recent_avg="87155"
Change_recent_avg="-0.02"
Delta_recent_avg="0.08"
Variance_recent_avg="0.04"
Change_ratio_recent_avg="-1.75"
RSI_change="FALSE"
ADX_change="FALSE"

event="FALSE"
Aroon_signal="negative"
Aroon_change="FALSE"
Aroon_momentum_positive="2"
Aroon_momentum_negative="98"
image_negative_thumbnail_id_1="128"
image_negative_url_1="https://hehge.com/wp-content/uploads/sites/16/2023/05/MI_Finance_Negative_Landscape_0048.jpeg"
image_negative_thumbnail_id_2="1107"
image_negative_url_2="https://hehge.com/wp-content/uploads/sites/16/2023/06/MI_Finance_Negative_Landscape_0140.jpeg"
image_neutral_thumbnail_id_1="587"
image_neutral_url_1="https://hehge.com/wp-content/uploads/sites/16/2023/06/MI_Finance_Neutral_Landscape_0012.jpeg"
image_neutral_thumbnail_id_2="568"
image_neutral_url_2="https://hehge.com/wp-content/uploads/sites/16/2023/06/MI_Finance_Neutral_Landscape_0031.jpeg"
image_positive_thumbnail_id_1="650"
image_positive_url_1="https://hehge.com/wp-content/uploads/sites/16/2023/06/MI_Finance_Positive_Landscape_0058.jpeg"
image_positive_thumbnail_id_2="958"
image_positive_url_2="https://hehge.com/wp-content/uploads/sites/16/2023/06/MI_Finance_Positive_Landscape_0120.jpeg"
image_professor_thumbnail_id_1="1179"
image_professor_url_1="https://hehge.com/wp-content/uploads/sites/16/2023/06/MI_Finance_Professor_Landscape_0013.jpeg"
image_professor_thumbnail_id_2="1175"
image_professor_url_2="https://hehge.com/wp-content/uploads/sites/16/2023/06/MI_Finance_Professor_Landscape_0009.jpeg"
