Symbol="WNNR"
AssetType="Common Stock"
Name="Andretti Acquisition Corp"
Description="Andretti Acquisition Corp. The company is headquartered in Indianapolis, Indiana."
CIK="1843714"
Exchange="NYSE"
Currency="USD"
Country="USA"
Sector="REAL ESTATE & CONSTRUCTION"
Industry="BLANK CHECKS"
Address="7615 ZIONSVILLE RD, INDIANAPOLIS, IN, US"
FiscalYearEnd="December"
LatestQuarter="2023-06-30"
MarketCapitalization="145590000"
EBITDA="None"
PERatio="76.21"
PEGRatio="None"
BookValue="-0.35"
DividendPerShare="0"
DividendYield="0"
EPS="0.14"
RevenuePerShareTTM="0"
ProfitMargin="0"
OperatingMarginTTM="0"
ReturnOnAssetsTTM="-0.0115"
ReturnOnEquityTTM="0"
RevenueTTM="0"
GrossProfitTTM="0"
DilutedEPSTTM="0.14"
QuarterlyEarningsGrowthYOY="0"
QuarterlyRevenueGrowthYOY="0"
AnalystTargetPrice="None"
TrailingPE="76.21"
ForwardPE="-"
PriceToSalesRatioTTM="-"
PriceToBookRatio="1.277"
EVToRevenue="-"
EVToEBITDA="-27031.8"
Beta="None"
num_52WeekHigh="10.91"
num_52WeekLow="9.99"
num_50DayMovingAverage="10.64"
num_200DayMovingAverage="10.47"
SharesOutstanding="7894800"
DividendDate="None"
ExDividendDate="None"
symbol="WNNR"
open="10.67"
high="10.67"
low="10.67"
price="10.67"
volume="63.00"
latest_trading_day="2023-08-25"
previous_close="10.67"
change="0.00"
change_percent="0.0000%"
aroon_positive_momentum_days="0"
aroon_negative_momentum_days="11"
trend_strength="Strong Trend"
buying_signal="High Volatility / Hold Signal"
volume_analysis="Target Volume"
value_analysis="Expected Range"
Aroon_change="FALSE"
Aroon_momentum="89"
Volume_recent_avg="182741"
Change_recent_avg="0.01"
Delta_recent_avg="0.02"
Variance_recent_avg="0.01"
Change_ratio_recent_avg="-0.04"
RSI_change="FALSE"
ADX_change="FALSE"

event="FALSE"
Aroon_signal="negative"
Aroon_change="FALSE"
Aroon_momentum_positive="89"
Aroon_momentum_negative="11"
image_negative_thumbnail_id_1="103"
image_negative_url_1="https://hehge.com/wp-content/uploads/sites/16/2023/05/MI_Finance_Negative_Landscape_0073.jpeg"
image_negative_thumbnail_id_2="1115"
image_negative_url_2="https://hehge.com/wp-content/uploads/sites/16/2023/06/MI_Finance_Negative_Landscape_0148.jpeg"
image_neutral_thumbnail_id_1="569"
image_neutral_url_1="https://hehge.com/wp-content/uploads/sites/16/2023/06/MI_Finance_Neutral_Landscape_0030.jpeg"
image_neutral_thumbnail_id_2="598"
image_neutral_url_2="https://hehge.com/wp-content/uploads/sites/16/2023/06/MI_Finance_Neutral_Landscape_0001.jpeg"
image_positive_thumbnail_id_1="695"
image_positive_url_1="https://hehge.com/wp-content/uploads/sites/16/2023/06/MI_Finance_Positive_Landscape_0013.jpeg"
image_positive_thumbnail_id_2="995"
image_positive_url_2="https://hehge.com/wp-content/uploads/sites/16/2023/06/MI_Finance_Positive_Landscape_0157.jpeg"
image_professor_thumbnail_id_1="1189"
image_professor_url_1="https://hehge.com/wp-content/uploads/sites/16/2023/06/MI_Finance_Professor_Landscape_0023.jpeg"
image_professor_thumbnail_id_2="1202"
image_professor_url_2="https://hehge.com/wp-content/uploads/sites/16/2023/06/MI_Finance_Professor_Landscape_0036.jpeg"
