Symbol="CMPO"
AssetType="Common Stock"
Name="CompoSecure Inc"
Description="None"
CIK="1823144"
Exchange="NASDAQ"
Currency="USD"
Country="USA"
Sector="REAL ESTATE & CONSTRUCTION"
Industry="BLANK CHECKS"
Address="2877 PARADISE RD. #702, LAS VEGAS, NV, US"
FiscalYearEnd="December"
LatestQuarter="2023-03-31"
MarketCapitalization="579315000"
EBITDA="144548000"
PERatio="7.32"
PEGRatio="None"
BookValue="-48.3"
DividendPerShare="0"
DividendYield="0"
EPS="1.01"
RevenuePerShareTTM="24.28"
ProfitMargin="0.0451"
OperatingMarginTTM="0.35"
ReturnOnAssetsTTM="0.517"
ReturnOnEquityTTM="0"
RevenueTTM="389609000"
GrossProfitTTM="219644000"
DilutedEPSTTM="1.01"
QuarterlyEarningsGrowthYOY="-0.501"
QuarterlyRevenueGrowthYOY="0.132"
AnalystTargetPrice="13.8"
TrailingPE="7.32"
ForwardPE="-"
PriceToSalesRatioTTM="1.064"
PriceToBookRatio="-"
EVToRevenue="1.196"
EVToEBITDA="2.922"
Beta="0.82"
num_52WeekHigh="7.9"
num_52WeekLow="4.26"
num_50DayMovingAverage="7.03"
num_200DayMovingAverage="6.31"
SharesOutstanding="18433300"
DividendDate="None"
ExDividendDate="None"
symbol="CMPO"
open="7.26"
high="7.42"
low="7.26"
price="7.39"
volume="107792.00"
latest_trading_day="2023-07-28"
previous_close="7.26"
change="0.13"
change_percent="1.7906%"
aroon_positive_momentum_days="66"
aroon_negative_momentum_days="0"
trend_strength="Absent or Weak Trend"
buying_signal="High Volatility / Hold Signal"
volume_analysis="Target Volume"
value_analysis="Expected Range"
Aroon_change="FALSE"
Aroon_momentum="66"
Volume_recent_avg="190158"
Change_recent_avg="0.01"
Delta_recent_avg="0.23"
Variance_recent_avg="0.12"
Change_ratio_recent_avg="0.12"
RSI_change="FALSE"
ADX_change="FALSE"

event="FALSE"
Aroon_signal="positive"
Aroon_change="FALSE"
Aroon_momentum_positive="66"
Aroon_momentum_negative="34"
image_negative_thumbnail_id_1="511"
image_negative_url_1="https://hehge.com/wp-content/uploads/sites/16/2023/06/MI_Finance_Negative_Landscape_0094.jpeg"
image_negative_thumbnail_id_2="114"
image_negative_url_2="https://hehge.com/wp-content/uploads/sites/16/2023/05/MI_Finance_Negative_Landscape_0062.jpeg"
image_neutral_thumbnail_id_1="526"
image_neutral_url_1="https://hehge.com/wp-content/uploads/sites/16/2023/06/MI_Finance_Neutral_Landscape_0073.jpeg"
image_neutral_thumbnail_id_2="564"
image_neutral_url_2="https://hehge.com/wp-content/uploads/sites/16/2023/06/MI_Finance_Neutral_Landscape_0035.jpeg"
image_positive_thumbnail_id_1="621"
image_positive_url_1="https://hehge.com/wp-content/uploads/sites/16/2023/06/MI_Finance_Positive_Landscape_0087.jpeg"
image_positive_thumbnail_id_2="979"
image_positive_url_2="https://hehge.com/wp-content/uploads/sites/16/2023/06/MI_Finance_Positive_Landscape_0141.jpeg"
image_professor_thumbnail_id_1="1203"
image_professor_url_1="https://hehge.com/wp-content/uploads/sites/16/2023/06/MI_Finance_Professor_Landscape_0037.jpeg"
image_professor_thumbnail_id_2="1184"
image_professor_url_2="https://hehge.com/wp-content/uploads/sites/16/2023/06/MI_Finance_Professor_Landscape_0018.jpeg"
