Symbol="CORR"
AssetType="Common Stock"
Name="Corenergy Infras"
Description="CorEnergy Infrastructure Trust, Inc. (NYSE: CORR, CORRPrA), is a real estate investment trust (REIT) that owns critical energy assets such as pipelines, storage terminals, and transmission and distribution assets. "
CIK="1347652"
Exchange="NYSE"
Currency="USD"
Country="USA"
Sector="REAL ESTATE & CONSTRUCTION"
Industry="INVESTORS, NEC"
Address="11550 ASH STREET, SUITE 300, LEAWOOD, KS, US"
FiscalYearEnd="December"
LatestQuarter="2023-03-31"
MarketCapitalization="16687700"
EBITDA="31582300"
PERatio="None"
PEGRatio="8.33"
BookValue="-0.679"
DividendPerShare="0.15"
DividendYield="0.106"
EPS="-1.97"
RevenuePerShareTTM="8.6"
ProfitMargin="-0.156"
OperatingMarginTTM="0.119"
ReturnOnAssetsTTM="0.0196"
ReturnOnEquityTTM="-0.0683"
RevenueTTM="130117000"
GrossProfitTTM="60452000"
DilutedEPSTTM="-1.97"
QuarterlyEarningsGrowthYOY="-0.478"
QuarterlyRevenueGrowthYOY="-0.107"
AnalystTargetPrice="1"
TrailingPE="-"
ForwardPE="-"
PriceToSalesRatioTTM="0.316"
PriceToBookRatio="3.868"
EVToRevenue="2.767"
EVToEBITDA="14.01"
Beta="1.287"
num_52WeekHigh="3.48"
num_52WeekLow="0.95"
num_50DayMovingAverage="1.081"
num_200DayMovingAverage="1.654"
SharesOutstanding="15350900"
DividendDate="2022-11-30"
ExDividendDate="2022-11-15"
symbol="CORR"
open="1.11"
high="1.17"
low="1.08"
price="1.12"
volume="65923.00"
latest_trading_day="2023-07-13"
previous_close="1.06"
change="0.06"
change_percent="5.6604%"
aroon_positive_momentum_days="0"
aroon_negative_momentum_days="100"
trend_strength="Absent or Weak Trend"
buying_signal="High Volatility / Hold Signal"
volume_analysis="Target Volume"
value_analysis="Expected Range"
Aroon_change="FALSE"
Aroon_momentum="0"
Volume_recent_avg="86646"
Change_recent_avg="-0.01"
Delta_recent_avg="0.08"
Variance_recent_avg="0.04"
Change_ratio_recent_avg="-0.53"
RSI_change="FALSE"
ADX_change="FALSE"
Aroon_signal="negative"
Aroon_change="FALSE"
Aroon_momentum_positive="0"
Aroon_momentum_negative="100"
image_negative_thumbnail_id_1="1154"
image_negative_url_1="https://hehge.com/wp-content/uploads/sites/16/2023/06/MI_Finance_Negative_Landscape_0188.jpeg"
image_negative_thumbnail_id_2="132"
image_negative_url_2="https://hehge.com/wp-content/uploads/sites/16/2023/05/MI_Finance_Negative_Landscape_0044.jpeg"
image_neutral_thumbnail_id_1="573"
image_neutral_url_1="https://hehge.com/wp-content/uploads/sites/16/2023/06/MI_Finance_Neutral_Landscape_0026.jpeg"
image_neutral_thumbnail_id_2="546"
image_neutral_url_2="https://hehge.com/wp-content/uploads/sites/16/2023/06/MI_Finance_Neutral_Landscape_0053.jpeg"
image_positive_thumbnail_id_1="1009"
image_positive_url_1="https://hehge.com/wp-content/uploads/sites/16/2023/06/MI_Finance_Positive_Landscape_0171.jpeg"
image_positive_thumbnail_id_2="1003"
image_positive_url_2="https://hehge.com/wp-content/uploads/sites/16/2023/06/MI_Finance_Positive_Landscape_0165.jpeg"
image_professor_thumbnail_id_1="1185"
image_professor_url_1="https://hehge.com/wp-content/uploads/sites/16/2023/06/MI_Finance_Professor_Landscape_0019.jpeg"
image_professor_thumbnail_id_2="1183"
image_professor_url_2="https://hehge.com/wp-content/uploads/sites/16/2023/06/MI_Finance_Professor_Landscape_0017.jpeg"
