Symbol="MAQC"
AssetType="Common Stock"
Name="Maquia Capital Acquisition Corp"
Description="Maquia Capital Acquisition Corporation focuses on effecting a merger, capital stock exchange, asset acquisition, stock purchase, reorganization or similar business combination with one or more businesses. The company is headquartered in Miami, Florida."
CIK="1844419"
Exchange="NASDAQ"
Currency="USD"
Country="USA"
Sector="REAL ESTATE & CONSTRUCTION"
Industry="BLANK CHECKS"
Address="MAQUIA CAPITAL ACQUISITION CORPORATION, 50 BISCAYNE BOULEVARD, SUITE 2406, MIAMI, FL, US"
FiscalYearEnd="December"
LatestQuarter="2023-03-31"
MarketCapitalization="69160000"
EBITDA="None"
PERatio="41.48"
PEGRatio="None"
BookValue="-0.881"
DividendPerShare="0"
DividendYield="0"
EPS="0.27"
RevenuePerShareTTM="0"
ProfitMargin="0"
OperatingMarginTTM="0"
ReturnOnAssetsTTM="-0.0059"
ReturnOnEquityTTM="0"
RevenueTTM="0"
GrossProfitTTM="0"
DilutedEPSTTM="0.27"
QuarterlyEarningsGrowthYOY="-0.737"
QuarterlyRevenueGrowthYOY="0"
AnalystTargetPrice="None"
TrailingPE="41.48"
ForwardPE="-"
PriceToSalesRatioTTM="-"
PriceToBookRatio="0.519"
EVToRevenue="-"
EVToEBITDA="-107.89"
Beta="0.0191"
num_52WeekHigh="12.18"
num_52WeekLow="10.27"
num_50DayMovingAverage="10.92"
num_200DayMovingAverage="10.65"
SharesOutstanding="3803200"
DividendDate="None"
ExDividendDate="None"
symbol="MAQC"
open="11.20"
high="11.33"
low="11.20"
price="11.20"
volume="14133.00"
latest_trading_day="2023-08-01"
previous_close="11.04"
change="0.16"
change_percent="1.4493%"
aroon_positive_momentum_days="72"
aroon_negative_momentum_days="0"
trend_strength="Strong Trend"
buying_signal="Weak Buy Signal"
volume_analysis="Target Volume"
value_analysis="Expected Range"
Aroon_change="FALSE"
Aroon_momentum="72"
Volume_recent_avg="15133"
Change_recent_avg="0.01"
Delta_recent_avg="0.08"
Variance_recent_avg="0.04"
Change_ratio_recent_avg="0.12"
RSI_change="FALSE"
ADX_change="FALSE"

event="FALSE"
Aroon_signal="positive"
Aroon_change="FALSE"
Aroon_momentum_positive="72"
Aroon_momentum_negative="28"
image_negative_thumbnail_id_1="1097"
image_negative_url_1="https://hehge.com/wp-content/uploads/sites/16/2023/06/MI_Finance_Negative_Landscape_0130.jpeg"
image_negative_thumbnail_id_2="518"
image_negative_url_2="https://hehge.com/wp-content/uploads/sites/16/2023/06/MI_Finance_Negative_Landscape_0087.jpeg"
image_neutral_thumbnail_id_1="591"
image_neutral_url_1="https://hehge.com/wp-content/uploads/sites/16/2023/06/MI_Finance_Neutral_Landscape_0008.jpeg"
image_neutral_thumbnail_id_2="562"
image_neutral_url_2="https://hehge.com/wp-content/uploads/sites/16/2023/06/MI_Finance_Neutral_Landscape_0037.jpeg"
image_positive_thumbnail_id_1="988"
image_positive_url_1="https://hehge.com/wp-content/uploads/sites/16/2023/06/MI_Finance_Positive_Landscape_0150.jpeg"
image_positive_thumbnail_id_2="984"
image_positive_url_2="https://hehge.com/wp-content/uploads/sites/16/2023/06/MI_Finance_Positive_Landscape_0146.jpeg"
image_professor_thumbnail_id_1="1177"
image_professor_url_1="https://hehge.com/wp-content/uploads/sites/16/2023/06/MI_Finance_Professor_Landscape_0011.jpeg"
image_professor_thumbnail_id_2="1184"
image_professor_url_2="https://hehge.com/wp-content/uploads/sites/16/2023/06/MI_Finance_Professor_Landscape_0018.jpeg"
