Symbol="IIPR"
AssetType="Common Stock"
Name="Innovative Industrial Properties Inc"
Description="Innovative Industrial Properties, Inc. is a self-advising Maryland corporation focused on acquiring, owning, and managing specialty properties leased to experienced state-licensed operators for their regulated medical cannabis facilities. "
CIK="1677576"
Exchange="NYSE"
Currency="USD"
Country="USA"
Sector="REAL ESTATE & CONSTRUCTION"
Industry="REAL ESTATE"
Address="1389 CENTER DRIVE, SUITE 200, PARK CITY, UT, US"
FiscalYearEnd="December"
LatestQuarter="2023-03-31"
MarketCapitalization="2043468000"
EBITDA="236655000"
PERatio="13.19"
PEGRatio="0"
BookValue="69.35"
DividendPerShare="7.15"
DividendYield="0.0969"
EPS="5.51"
RevenuePerShareTTM="10.31"
ProfitMargin="0.557"
OperatingMarginTTM="0.599"
ReturnOnAssetsTTM="0.0477"
ReturnOnEquityTTM="0.089"
RevenueTTM="287922000"
GrossProfitTTM="265839000"
DilutedEPSTTM="5.51"
QuarterlyEarningsGrowthYOY="0.084"
QuarterlyRevenueGrowthYOY="0.179"
AnalystTargetPrice="109.8"
TrailingPE="13.19"
ForwardPE="20.37"
PriceToSalesRatioTTM="11.66"
PriceToBookRatio="1.633"
EVToRevenue="12.94"
EVToEBITDA="15.8"
Beta="1.639"
num_52WeekHigh="117.34"
num_52WeekLow="61.83"
num_50DayMovingAverage="70.45"
num_200DayMovingAverage="88.34"
SharesOutstanding="28035000"
DividendDate="2023-07-14"
ExDividendDate="2023-06-29"
symbol="IIPR"
open="72.68"
high="73.18"
low="72.18"
price="72.66"
volume="192686.00"
latest_trading_day="2023-07-07"
previous_close="72.89"
change="-0.23"
change_percent="-0.3155%"
aroon_positive_momentum_days="6"
aroon_negative_momentum_days="0"
trend_strength="Absent or Weak Trend"
buying_signal="Strong Buy Signal"
volume_analysis="Target Volume"
value_analysis="Expected Range"
Aroon_change="FALSE"
Aroon_momentum="6"
Volume_recent_avg="310514"
Change_recent_avg="-0.18"
Delta_recent_avg="2.23"
Variance_recent_avg="1.12"
Change_ratio_recent_avg="-0.24"
RSI_change="FALSE"
ADX_change="FALSE"

event="FALSE"
Aroon_signal="positive"
Aroon_change="FALSE"
Aroon_momentum_positive="6"
Aroon_momentum_negative="94"
image_negative_thumbnail_id_1="173"
image_negative_url_1="https://hehge.com/wp-content/uploads/sites/16/2023/05/MI_Finance_Negative_Landscape_0003.jpeg"
image_negative_thumbnail_id_2="148"
image_negative_url_2="https://hehge.com/wp-content/uploads/sites/16/2023/05/MI_Finance_Negative_Landscape_0028.jpeg"
image_neutral_thumbnail_id_1="587"
image_neutral_url_1="https://hehge.com/wp-content/uploads/sites/16/2023/06/MI_Finance_Neutral_Landscape_0012.jpeg"
image_neutral_thumbnail_id_2="566"
image_neutral_url_2="https://hehge.com/wp-content/uploads/sites/16/2023/06/MI_Finance_Neutral_Landscape_0033.jpeg"
image_positive_thumbnail_id_1="682"
image_positive_url_1="https://hehge.com/wp-content/uploads/sites/16/2023/06/MI_Finance_Positive_Landscape_0026.jpeg"
image_positive_thumbnail_id_2="637"
image_positive_url_2="https://hehge.com/wp-content/uploads/sites/16/2023/06/MI_Finance_Positive_Landscape_0071.jpeg"
image_professor_thumbnail_id_1="1185"
image_professor_url_1="https://hehge.com/wp-content/uploads/sites/16/2023/06/MI_Finance_Professor_Landscape_0019.jpeg"
image_professor_thumbnail_id_2="1168"
image_professor_url_2="https://hehge.com/wp-content/uploads/sites/16/2023/06/MI_Finance_Professor_Landscape_0002.jpeg"
