Symbol="AHT"
AssetType="Common Stock"
Name="Ashford Hospitality Trust Inc"
Description="None"
CIK="1232582"
Exchange="NYSE"
Currency="USD"
Country="USA"
Sector="REAL ESTATE & CONSTRUCTION"
Industry="REAL ESTATE INVESTMENT TRUSTS"
Address="14185 DALLAS PARKWAY SUITE 1100, DALLAS, TX, US"
FiscalYearEnd="December"
LatestQuarter="2023-06-30"
MarketCapitalization="103785000"
EBITDA="316807000"
PERatio="None"
PEGRatio="-1.28"
BookValue="-7.05"
DividendPerShare="0"
DividendYield="0.292"
EPS="-5.45"
RevenuePerShareTTM="39.24"
ProfitMargin="-0.121"
OperatingMarginTTM="0.0913"
ReturnOnAssetsTTM="0.0197"
ReturnOnEquityTTM="-22.6"
RevenueTTM="1349184000"
GrossProfitTTM="296927000"
DilutedEPSTTM="-5.45"
QuarterlyEarningsGrowthYOY="0"
QuarterlyRevenueGrowthYOY="0.079"
AnalystTargetPrice="5.33"
TrailingPE="-"
ForwardPE="1.688"
PriceToSalesRatioTTM="0.158"
PriceToBookRatio="0.324"
EVToRevenue="3.027"
EVToEBITDA="12.91"
Beta="2.247"
num_52WeekHigh="10.48"
num_52WeekLow="2.58"
num_50DayMovingAverage="3.514"
num_200DayMovingAverage="4.478"
SharesOutstanding="34493300"
DividendDate="2020-07-16"
ExDividendDate="2019-12-30"
symbol="AHT"
open="2.76"
high="3.02"
low="2.70"
price="3.00"
volume="642715.00"
latest_trading_day="2023-08-28"
previous_close="2.72"
change="0.28"
change_percent="10.2941%"
aroon_positive_momentum_days="0"
aroon_negative_momentum_days="62"
trend_strength="Absent or Weak Trend"
buying_signal="Strong Sell Signal"
volume_analysis="Target Volume"
value_analysis="Expected Range"
Aroon_change="FALSE"
Aroon_momentum="38"
Volume_recent_avg="651906"
Change_recent_avg="0.01"
Delta_recent_avg="0.25"
Variance_recent_avg="0.13"
Change_ratio_recent_avg="-0.14"
RSI_change="FALSE"
ADX_change="FALSE"

event="FALSE"
Aroon_signal="negative"
Aroon_change="FALSE"
Aroon_momentum_positive="38"
Aroon_momentum_negative="62"
image_negative_thumbnail_id_1="1100"
image_negative_url_1="https://hehge.com/wp-content/uploads/sites/16/2023/06/MI_Finance_Negative_Landscape_0133.jpeg"
image_negative_thumbnail_id_2="1154"
image_negative_url_2="https://hehge.com/wp-content/uploads/sites/16/2023/06/MI_Finance_Negative_Landscape_0188.jpeg"
image_neutral_thumbnail_id_1="540"
image_neutral_url_1="https://hehge.com/wp-content/uploads/sites/16/2023/06/MI_Finance_Neutral_Landscape_0059.jpeg"
image_neutral_thumbnail_id_2="576"
image_neutral_url_2="https://hehge.com/wp-content/uploads/sites/16/2023/06/MI_Finance_Neutral_Landscape_0023.jpeg"
image_positive_thumbnail_id_1="1009"
image_positive_url_1="https://hehge.com/wp-content/uploads/sites/16/2023/06/MI_Finance_Positive_Landscape_0171.jpeg"
image_positive_thumbnail_id_2="676"
image_positive_url_2="https://hehge.com/wp-content/uploads/sites/16/2023/06/MI_Finance_Positive_Landscape_0032.jpeg"
image_professor_thumbnail_id_1="1198"
image_professor_url_1="https://hehge.com/wp-content/uploads/sites/16/2023/06/MI_Finance_Professor_Landscape_0032.jpeg"
image_professor_thumbnail_id_2="1180"
image_professor_url_2="https://hehge.com/wp-content/uploads/sites/16/2023/06/MI_Finance_Professor_Landscape_0014.jpeg"
