Symbol="KIM"
AssetType="Common Stock"
Name="Kimco Realty Corporation"
Description="Kimco Realty Corporation is a real estate investment trust (REIT) that invests in shopping centers."
CIK="879101"
Exchange="NYSE"
Currency="USD"
Country="USA"
Sector="REAL ESTATE & CONSTRUCTION"
Industry="REAL ESTATE INVESTMENT TRUSTS"
Address="3333 NEW HYDE PARK RD, PO BOX 5020, NEW HYDE PARK, NY, US"
FiscalYearEnd="December"
LatestQuarter="2023-03-31"
MarketCapitalization="12335850000"
EBITDA="1062559000"
PERatio="113.89"
PEGRatio="4.252"
BookValue="15.57"
DividendPerShare="0.88"
DividendYield="0.0462"
EPS="0.243"
RevenuePerShareTTM="2.83"
ProfitMargin="0.102"
OperatingMarginTTM="0.331"
ReturnOnAssetsTTM="0.0198"
ReturnOnEquityTTM="1.542"
RevenueTTM="1743327000"
GrossProfitTTM="1196777000"
DilutedEPSTTM="0.25"
QuarterlyEarningsGrowthYOY="0.222"
QuarterlyRevenueGrowthYOY="0.037"
AnalystTargetPrice="22.46"
TrailingPE="79.6"
ForwardPE="30.58"
PriceToSalesRatioTTM="7.78"
PriceToBookRatio="1.403"
EVToRevenue="11.57"
EVToEBITDA="23.96"
Beta="1.452"
num_52WeekHigh="22.85"
num_52WeekLow="17.11"
num_50DayMovingAverage="18.87"
num_200DayMovingAverage="20.09"
SharesOutstanding="619892000"
DividendDate="2023-06-22"
ExDividendDate="2023-06-07"
symbol="KIM"
open="20.11"
high="20.27"
low="19.87"
price="19.90"
volume="3817606.00"
latest_trading_day="2023-07-07"
previous_close="20.23"
change="-0.33"
change_percent="-1.6312%"
aroon_positive_momentum_days="32"
aroon_negative_momentum_days="0"
trend_strength="Absent or Weak Trend"
buying_signal="Weak Buy Signal"
volume_analysis="Target Volume"
value_analysis="Expected Range"
Aroon_change="FALSE"
Aroon_momentum="32"
Volume_recent_avg="4380762"
Change_recent_avg="-0.01"
Delta_recent_avg="0.44"
Variance_recent_avg="0.22"
Change_ratio_recent_avg="-0.06"
RSI_change="FALSE"
ADX_change="FALSE"

event="FALSE"
Aroon_signal="positive"
Aroon_change="FALSE"
Aroon_momentum_positive="32"
Aroon_momentum_negative="68"
image_negative_thumbnail_id_1="167"
image_negative_url_1="https://hehge.com/wp-content/uploads/sites/16/2023/05/MI_Finance_Negative_Landscape_0009.jpeg"
image_negative_thumbnail_id_2="507"
image_negative_url_2="https://hehge.com/wp-content/uploads/sites/16/2023/06/MI_Finance_Negative_Landscape_0098.jpeg"
image_neutral_thumbnail_id_1="594"
image_neutral_url_1="https://hehge.com/wp-content/uploads/sites/16/2023/06/MI_Finance_Neutral_Landscape_0005.jpeg"
image_neutral_thumbnail_id_2="567"
image_neutral_url_2="https://hehge.com/wp-content/uploads/sites/16/2023/06/MI_Finance_Neutral_Landscape_0032.jpeg"
image_positive_thumbnail_id_1="627"
image_positive_url_1="https://hehge.com/wp-content/uploads/sites/16/2023/06/MI_Finance_Positive_Landscape_0081.jpeg"
image_positive_thumbnail_id_2="637"
image_positive_url_2="https://hehge.com/wp-content/uploads/sites/16/2023/06/MI_Finance_Positive_Landscape_0071.jpeg"
image_professor_thumbnail_id_1="1194"
image_professor_url_1="https://hehge.com/wp-content/uploads/sites/16/2023/06/MI_Finance_Professor_Landscape_0028.jpeg"
image_professor_thumbnail_id_2="1175"
image_professor_url_2="https://hehge.com/wp-content/uploads/sites/16/2023/06/MI_Finance_Professor_Landscape_0009.jpeg"
