Symbol="TPL"
AssetType="Common Stock"
Name="Texas Pacific Land Trust"
Description="Texas Pacific Land Corporation is engaged in land and resource management, and water operations and services businesses. The company is headquartered in Dallas, Texas."
CIK="1811074"
Exchange="NYSE"
Currency="USD"
Country="USA"
Sector="REAL ESTATE & CONSTRUCTION"
Industry="OIL ROYALTY TRADERS"
Address="1700 PACIFIC AVENUE, SUITE 2900, DALLAS, TX, US"
FiscalYearEnd="December"
LatestQuarter="2023-06-30"
MarketCapitalization="13553240000"
EBITDA="526249000"
PERatio="30.56"
PEGRatio="0"
BookValue="115.58"
DividendPerShare="12.5"
DividendYield="0.0076"
EPS="54.06"
RevenuePerShareTTM="84.54"
ProfitMargin="0.64"
OperatingMarginTTM="0.787"
ReturnOnAssetsTTM="0.362"
ReturnOnEquityTTM="54.35"
RevenueTTM="650788000"
GrossProfitTTM="649904000"
DilutedEPSTTM="56.4"
QuarterlyEarningsGrowthYOY="-0.151"
QuarterlyRevenueGrowthYOY="-0.089"
AnalystTargetPrice="2060.5"
TrailingPE="32.15"
ForwardPE="40.98"
PriceToSalesRatioTTM="29.78"
PriceToBookRatio="27.69"
EVToRevenue="29.53"
EVToEBITDA="33.65"
Beta="1.85"
num_52WeekHigh="2724.35"
num_52WeekLow="1266.21"
num_50DayMovingAverage="1417.45"
num_200DayMovingAverage="1838.75"
SharesOutstanding="7692200"
DividendDate="2023-09-15"
ExDividendDate="2023-06-07"
symbol="TPL"
open="1831.72"
high="1917.75"
low="1800.45"
price="1885.01"
volume="34311.00"
latest_trading_day="2023-08-11"
previous_close="1818.10"
change="66.91"
change_percent="3.6802%"
aroon_positive_momentum_days="15"
aroon_negative_momentum_days="0"
trend_strength="Absent or Weak Trend"
buying_signal="Weak Buy Signal"
volume_analysis="Target Volume"
value_analysis="Expected Range"
Aroon_change="FALSE"
Aroon_momentum="15"
Volume_recent_avg="32868"
Change_recent_avg="-0.65"
Delta_recent_avg="43.28"
Variance_recent_avg="21.64"
Change_ratio_recent_avg="-0.08"
RSI_change="FALSE"
ADX_change="FALSE"

event="FALSE"
Aroon_signal="positive"
Aroon_change="FALSE"
Aroon_momentum_positive="15"
Aroon_momentum_negative="85"
image_negative_thumbnail_id_1="1089"
image_negative_url_1="https://hehge.com/wp-content/uploads/sites/16/2023/06/MI_Finance_Negative_Landscape_0122.jpeg"
image_negative_thumbnail_id_2="515"
image_negative_url_2="https://hehge.com/wp-content/uploads/sites/16/2023/06/MI_Finance_Negative_Landscape_0090.jpeg"
image_neutral_thumbnail_id_1="578"
image_neutral_url_1="https://hehge.com/wp-content/uploads/sites/16/2023/06/MI_Finance_Neutral_Landscape_0021.jpeg"
image_neutral_thumbnail_id_2="579"
image_neutral_url_2="https://hehge.com/wp-content/uploads/sites/16/2023/06/MI_Finance_Neutral_Landscape_0020.jpeg"
image_positive_thumbnail_id_1="683"
image_positive_url_1="https://hehge.com/wp-content/uploads/sites/16/2023/06/MI_Finance_Positive_Landscape_0025.jpeg"
image_positive_thumbnail_id_2="630"
image_positive_url_2="https://hehge.com/wp-content/uploads/sites/16/2023/06/MI_Finance_Positive_Landscape_0078.jpeg"
image_professor_thumbnail_id_1="1189"
image_professor_url_1="https://hehge.com/wp-content/uploads/sites/16/2023/06/MI_Finance_Professor_Landscape_0023.jpeg"
image_professor_thumbnail_id_2="1178"
image_professor_url_2="https://hehge.com/wp-content/uploads/sites/16/2023/06/MI_Finance_Professor_Landscape_0012.jpeg"
